<html>
<body>
<pre>
<h1>µVision Build Log</h1>
<h2>Tool Versions:</h2>
IDE-Version: ¦ÌVision V5.26.2.0
Copyright (C) 2018 ARM Ltd and ARM Germany GmbH. All rights reserved.
License Information: Kirk user CVTE Flex license: MDK-ARM Plus: 11 user(s) (mdk_plus) Support: Apr 2019
 
Tool Versions:
Toolchain:       MDK-ARM Plus: 11 user(s)  Version: 5.26.2.0
Toolchain Path:  D:\tool\keil\ARM\ARMCC\Bin
C Compiler:      Armcc.exe V5.06 update 6 (build 750)
Assembler:       Armasm.exe V5.06 update 6 (build 750)
Linker/Locator:  ArmLink.exe V5.06 update 6 (build 750)
Library Manager: ArmAr.exe V5.06 update 6 (build 750)
Hex Converter:   FromElf.exe V5.06 update 6 (build 750)
CPU DLL:         SARMCM3.DLL V5.26.2.0
Dialog DLL:      DCM.DLL V1.17.2.0
Target DLL:      STLink\ST-LINKIII-KEIL_SWO.dll V3.0.5.0
Dialog DLL:      TCM.DLL V1.36.1.0
 
<h2>Project:</h2>
C:\Users\user\Desktop\Day\Day6\hidkeyboard\success\stm32_hid_keyboard_mouse\MDK-ARM\1.uvprojx
Project File Date:  08/13/2019

<h2>Output:</h2>
*** Using Compiler 'V5.06 update 6 (build 750)', folder: 'D:\tool\keil\ARM\ARMCC\Bin'
Rebuild target '1'
assembling startup_stm32f205xx.s...
compiling stm32f2xx_it.c...
compiling usbd_conf.c...
compiling stm32f2xx_hal_msp.c...
compiling usb_device.c...
compiling usbd_desc.c...
compiling app.c...
compiling main.c...
compiling stm32f2xx_hal_pcd_ex.c...
compiling stm32f2xx_hal.c...
compiling stm32f2xx_hal_tim_ex.c...
compiling stm32f2xx_hal_pcd.c...
compiling stm32f2xx_hal_rcc.c...
compiling stm32f2xx_ll_usb.c...
compiling stm32f2xx_hal_tim.c...
compiling stm32f2xx_hal_rcc_ex.c...
compiling stm32f2xx_hal_flash.c...
compiling stm32f2xx_hal_flash_ex.c...
compiling stm32f2xx_hal_cortex.c...
compiling stm32f2xx_hal_pwr.c...
compiling stm32f2xx_hal_pwr_ex.c...
compiling stm32f2xx_hal_gpio.c...
compiling stm32f2xx_hal_dma.c...
compiling system_stm32f2xx.c...
compiling usbd_ctlreq.c...
compiling usbd_ioreq.c...
compiling usbd_core.c...
compiling usbd_hid.c...
compiling stm32f2xx_hal_dma_ex.c...
linking...
Program Size: Code=14116 RO-data=436 RW-data=404 ZI-data=3812  
FromELF: creating hex file...
"1\1.axf" - 0 Error(s), 0 Warning(s).

<h2>Software Packages used:</h2>

Package Vendor: ARM
                http://www.keil.com/pack/ARM.CMSIS.5.4.0.pack
                ARM.CMSIS.5.4.0
                CMSIS (Cortex Microcontroller Software Interface Standard)
   * Component: CORE Version: 5.1.2

Package Vendor: Keil
                http://www.keil.com/pack/Keil.STM32F2xx_DFP.2.9.0.pack
                Keil.STM32F2xx_DFP.2.9.0
                STMicroelectronics STM32F2 Series Device Support, Drivers and Examples

<h2>Collection of Component include folders:</h2>
  .\RTE\_1
  D:\tool\keil\ARM\PACK\ARM\CMSIS\5.4.0\CMSIS\Core\Include
  D:\tool\keil\ARM\PACK\Keil\STM32F2xx_DFP\2.9.0\Drivers\CMSIS\Device\ST\STM32F2xx\Include

<h2>Collection of Component Files used:</h2>

   * Component: ARM::CMSIS:CORE:5.1.2
Build Time Elapsed:  00:00:51
</pre>
</body>
</html>
