Component: ARM Compiler 5.06 update 6 (build 750) Tool: armlink [4d35ed]

==============================================================================

Section Cross References

    startup_stm32f205xx.o(RESET) refers to startup_stm32f205xx.o(STACK) for __initial_sp
    startup_stm32f205xx.o(RESET) refers to startup_stm32f205xx.o(.text) for Reset_Handler
    startup_stm32f205xx.o(RESET) refers to stm32f2xx_it.o(i.NMI_Handler) for NMI_Handler
    startup_stm32f205xx.o(RESET) refers to stm32f2xx_it.o(i.HardFault_Handler) for HardFault_Handler
    startup_stm32f205xx.o(RESET) refers to stm32f2xx_it.o(i.MemManage_Handler) for MemManage_Handler
    startup_stm32f205xx.o(RESET) refers to stm32f2xx_it.o(i.BusFault_Handler) for BusFault_Handler
    startup_stm32f205xx.o(RESET) refers to stm32f2xx_it.o(i.UsageFault_Handler) for UsageFault_Handler
    startup_stm32f205xx.o(RESET) refers to stm32f2xx_it.o(i.SVC_Handler) for SVC_Handler
    startup_stm32f205xx.o(RESET) refers to stm32f2xx_it.o(i.DebugMon_Handler) for DebugMon_Handler
    startup_stm32f205xx.o(RESET) refers to stm32f2xx_it.o(i.PendSV_Handler) for PendSV_Handler
    startup_stm32f205xx.o(RESET) refers to stm32f2xx_it.o(i.SysTick_Handler) for SysTick_Handler
    startup_stm32f205xx.o(RESET) refers to stm32f2xx_it.o(i.TIM1_BRK_TIM9_IRQHandler) for TIM1_BRK_TIM9_IRQHandler
    startup_stm32f205xx.o(RESET) refers to stm32f2xx_it.o(i.TIM2_IRQHandler) for TIM2_IRQHandler
    startup_stm32f205xx.o(RESET) refers to stm32f2xx_it.o(i.TIM3_IRQHandler) for TIM3_IRQHandler
    startup_stm32f205xx.o(RESET) refers to stm32f2xx_it.o(i.OTG_FS_IRQHandler) for OTG_FS_IRQHandler
    startup_stm32f205xx.o(.text) refers to system_stm32f2xx.o(i.SystemInit) for SystemInit
    startup_stm32f205xx.o(.text) refers to entry.o(.ARM.Collect$$$$00000000) for __main
    app.o(i.Control) refers to app.o(i.USBD_HID_GetPos) for USBD_HID_GetPos
    app.o(i.Control) refers to usbd_hid.o(i.USBD_HID_SendReport) for USBD_HID_SendReport
    app.o(i.Control) refers to app.o(.data) for .data
    app.o(i.Control) refers to usb_device.o(.bss) for hUsbDeviceFS
    app.o(i.Key_ReadIOPin) refers to stm32f2xx_hal_gpio.o(i.HAL_GPIO_ReadPin) for HAL_GPIO_ReadPin
    app.o(i.Key_ReadIOPin) refers to app.o(.data) for .data
    app.o(i.Key_ReadIOPin_continuous) refers to stm32f2xx_hal_gpio.o(i.HAL_GPIO_ReadPin) for HAL_GPIO_ReadPin
    app.o(i.USBD_HID_GetPos) refers to app.o(i.Key_ReadIOPin_continuous) for Key_ReadIOPin_continuous
    app.o(i.USBD_HID_GetPos) refers to app.o(.data) for .data
    app.o(i.USBD_HID_GetPos) refers to app.o(.bss) for .bss
    app.o(i.getValue) refers to app.o(.data) for .data
    main.o(i.HAL_TIM_PeriodElapsedCallback) refers to stm32f2xx_hal_gpio.o(i.HAL_GPIO_TogglePin) for HAL_GPIO_TogglePin
    main.o(i.HAL_TIM_PeriodElapsedCallback) refers to main.o(.data) for .data
    main.o(i.MX_GPIO_Init) refers to memseta.o(.text) for __aeabi_memclr4
    main.o(i.MX_GPIO_Init) refers to stm32f2xx_hal_gpio.o(i.HAL_GPIO_WritePin) for HAL_GPIO_WritePin
    main.o(i.MX_GPIO_Init) refers to stm32f2xx_hal_gpio.o(i.HAL_GPIO_Init) for HAL_GPIO_Init
    main.o(i.MX_TIM2_Init) refers to stm32f2xx_hal_tim.o(i.HAL_TIM_Base_Init) for HAL_TIM_Base_Init
    main.o(i.MX_TIM2_Init) refers to stm32f2xx_hal_tim.o(i.HAL_TIM_ConfigClockSource) for HAL_TIM_ConfigClockSource
    main.o(i.MX_TIM2_Init) refers to stm32f2xx_hal_tim_ex.o(i.HAL_TIMEx_MasterConfigSynchronization) for HAL_TIMEx_MasterConfigSynchronization
    main.o(i.MX_TIM2_Init) refers to main.o(.bss) for .bss
    main.o(i.MX_TIM3_Init) refers to stm32f2xx_hal_tim.o(i.HAL_TIM_Base_Init) for HAL_TIM_Base_Init
    main.o(i.MX_TIM3_Init) refers to stm32f2xx_hal_tim.o(i.HAL_TIM_ConfigClockSource) for HAL_TIM_ConfigClockSource
    main.o(i.MX_TIM3_Init) refers to stm32f2xx_hal_tim_ex.o(i.HAL_TIMEx_MasterConfigSynchronization) for HAL_TIMEx_MasterConfigSynchronization
    main.o(i.MX_TIM3_Init) refers to main.o(.bss) for .bss
    main.o(i.SystemClock_Config) refers to memseta.o(.text) for __aeabi_memclr4
    main.o(i.SystemClock_Config) refers to stm32f2xx_hal_rcc.o(i.HAL_RCC_OscConfig) for HAL_RCC_OscConfig
    main.o(i.SystemClock_Config) refers to stm32f2xx_hal_rcc.o(i.HAL_RCC_ClockConfig) for HAL_RCC_ClockConfig
    main.o(i.main) refers to stm32f2xx_hal.o(i.HAL_Init) for HAL_Init
    main.o(i.main) refers to main.o(i.SystemClock_Config) for SystemClock_Config
    main.o(i.main) refers to main.o(i.MX_GPIO_Init) for MX_GPIO_Init
    main.o(i.main) refers to main.o(i.MX_TIM2_Init) for MX_TIM2_Init
    main.o(i.main) refers to usb_device.o(i.MX_USB_DEVICE_Init) for MX_USB_DEVICE_Init
    main.o(i.main) refers to main.o(i.MX_TIM3_Init) for MX_TIM3_Init
    main.o(i.main) refers to stm32f2xx_hal_tim.o(i.HAL_TIM_Base_Init) for HAL_TIM_Base_Init
    main.o(i.main) refers to stm32f2xx_hal_tim.o(i.HAL_TIM_ConfigClockSource) for HAL_TIM_ConfigClockSource
    main.o(i.main) refers to stm32f2xx_hal_tim.o(i.HAL_TIM_Base_Start_IT) for HAL_TIM_Base_Start_IT
[...]
    ../Src/usbd_desc.c                       0x00000000   Number         0  usbd_desc.o ABSOLUTE
    ../clib/../cmprslib/zerorunl2.c          0x00000000   Number         0  __dczerorl2.o ABSOLUTE
    ../clib/microlib/division.c              0x00000000   Number         0  uldiv.o ABSOLUTE
    ../clib/microlib/init/entry.s            0x00000000   Number         0  entry8b.o ABSOLUTE
    ../clib/microlib/init/entry.s            0x00000000   Number         0  entry2.o ABSOLUTE
    ../clib/microlib/init/entry.s            0x00000000   Number         0  entry11a.o ABSOLUTE
    ../clib/microlib/init/entry.s            0x00000000   Number         0  entry11b.o ABSOLUTE
    ../clib/microlib/init/entry.s            0x00000000   Number         0  entry10b.o ABSOLUTE
    ../clib/microlib/init/entry.s            0x00000000   Number         0  entry8a.o ABSOLUTE
    ../clib/microlib/init/entry.s            0x00000000   Number         0  entry10a.o ABSOLUTE
    ../clib/microlib/init/entry.s            0x00000000   Number         0  entry7b.o ABSOLUTE
    ../clib/microlib/init/entry.s            0x00000000   Number         0  entry7a.o ABSOLUTE
    ../clib/microlib/init/entry.s            0x00000000   Number         0  entry9b.o ABSOLUTE
    ../clib/microlib/init/entry.s            0x00000000   Number         0  entry5.o ABSOLUTE
    ../clib/microlib/init/entry.s            0x00000000   Number         0  entry9a.o ABSOLUTE
    ../clib/microlib/init/entry.s            0x00000000   Number         0  entry.o ABSOLUTE
    ../clib/microlib/longlong.c              0x00000000   Number         0  llshl.o ABSOLUTE
    ../clib/microlib/longlong.c              0x00000000   Number         0  llushr.o ABSOLUTE
    ../clib/microlib/malloc/malloc.c         0x00000000   Number         0  mallocr.o ABSOLUTE
    ../clib/microlib/malloc/malloc.c         0x00000000   Number         0  mallocra.o ABSOLUTE
    ../clib/microlib/malloc/malloc.c         0x00000000   Number         0  malloca.o ABSOLUTE
    ../clib/microlib/malloc/malloc.c         0x00000000   Number         0  malloc.o ABSOLUTE
    ../clib/microlib/malloc/mvars.c          0x00000000   Number         0  mvars.o ABSOLUTE
    ../clib/microlib/string/memcpy.c         0x00000000   Number         0  memcpyb.o ABSOLUTE
    ../clib/microlib/string/memcpy.c         0x00000000   Number         0  memcpya.o ABSOLUTE
    ../clib/microlib/string/memset.c         0x00000000   Number         0  memseta.o ABSOLUTE
    ..\Drivers\STM32F2xx_HAL_Driver\Src\stm32f2xx_hal.c 0x00000000   Number         0  stm32f2xx_hal.o ABSOLUTE
    ..\Drivers\STM32F2xx_HAL_Driver\Src\stm32f2xx_hal_cortex.c 0x00000000   Number         0  stm32f2xx_hal_cortex.o ABSOLUTE
    ..\Drivers\STM32F2xx_HAL_Driver\Src\stm32f2xx_hal_dma.c 0x00000000   Number         0  stm32f2xx_hal_dma.o ABSOLUTE
    ..\Drivers\STM32F2xx_HAL_Driver\Src\stm32f2xx_hal_dma_ex.c 0x00000000   Number         0  stm32f2xx_hal_dma_ex.o ABSOLUTE
    ..\Drivers\STM32F2xx_HAL_Driver\Src\stm32f2xx_hal_flash.c 0x00000000   Number         0  stm32f2xx_hal_flash.o ABSOLUTE
    ..\Drivers\STM32F2xx_HAL_Driver\Src\stm32f2xx_hal_flash_ex.c 0x00000000   Number         0  stm32f2xx_hal_flash_ex.o ABSOLUTE
    ..\Drivers\STM32F2xx_HAL_Driver\Src\stm32f2xx_hal_gpio.c 0x00000000   Number         0  stm32f2xx_hal_gpio.o ABSOLUTE
    ..\Drivers\STM32F2xx_HAL_Driver\Src\stm32f2xx_hal_pcd.c 0x00000000   Number         0  stm32f2xx_hal_pcd.o ABSOLUTE
    ..\Drivers\STM32F2xx_HAL_Driver\Src\stm32f2xx_hal_pcd_ex.c 0x00000000   Number         0  stm32f2xx_hal_pcd_ex.o ABSOLUTE
    ..\Drivers\STM32F2xx_HAL_Driver\Src\stm32f2xx_hal_pwr.c 0x00000000   Number         0  stm32f2xx_hal_pwr.o ABSOLUTE
    ..\Drivers\STM32F2xx_HAL_Driver\Src\stm32f2xx_hal_pwr_ex.c 0x00000000   Number         0  stm32f2xx_hal_pwr_ex.o ABSOLUTE
    ..\Drivers\STM32F2xx_HAL_Driver\Src\stm32f2xx_hal_rcc.c 0x00000000   Number         0  stm32f2xx_hal_rcc.o ABSOLUTE
    ..\Drivers\STM32F2xx_HAL_Driver\Src\stm32f2xx_hal_rcc_ex.c 0x00000000   Number         0  stm32f2xx_hal_rcc_ex.o ABSOLUTE
    ..\Drivers\STM32F2xx_HAL_Driver\Src\stm32f2xx_hal_tim.c 0x00000000   Number         0  stm32f2xx_hal_tim.o ABSOLUTE
    ..\Drivers\STM32F2xx_HAL_Driver\Src\stm32f2xx_hal_tim_ex.c 0x00000000   Number         0  stm32f2xx_hal_tim_ex.o ABSOLUTE
    ..\Drivers\STM32F2xx_HAL_Driver\Src\stm32f2xx_ll_usb.c 0x00000000   Number         0  stm32f2xx_ll_usb.o ABSOLUTE
    ..\Middlewares\ST\STM32_USB_Device_Library\Class\HID\Src\usbd_hid.c 0x00000000   Number         0  usbd_hid.o ABSOLUTE
    ..\Middlewares\ST\STM32_USB_Device_Library\Core\Src\usbd_core.c 0x00000000   Number         0  usbd_core.o ABSOLUTE
    ..\Middlewares\ST\STM32_USB_Device_Library\Core\Src\usbd_ctlreq.c 0x00000000   Number         0  usbd_ctlreq.o ABSOLUTE
    ..\Middlewares\ST\STM32_USB_Device_Library\Core\Src\usbd_ioreq.c 0x00000000   Number         0  usbd_ioreq.o ABSOLUTE
    ..\Src\main.c                            0x00000000   Number         0  main.o ABSOLUTE
    ..\Src\stm32f2xx_hal_msp.c               0x00000000   Number         0  stm32f2xx_hal_msp.o ABSOLUTE
    ..\Src\stm32f2xx_it.c                    0x00000000   Number         0  stm32f2xx_it.o ABSOLUTE
    ..\Src\system_stm32f2xx.c                0x00000000   Number         0  system_stm32f2xx.o ABSOLUTE
    ..\Src\usb_device.c                      0x00000000   Number         0  usb_device.o ABSOLUTE
    ..\Src\usbd_conf.c                       0x00000000   Number         0  usbd_conf.o ABSOLUTE
    ..\Src\usbd_desc.c                       0x00000000   Number         0  usbd_desc.o ABSOLUTE
    app.c                                    0x00000000   Number         0  app.o ABSOLUTE
    app.c                                    0x00000000   Number         0  app.o ABSOLUTE
    dc.s                                     0x00000000   Number         0  dc.o ABSOLUTE
    handlers.s                               0x00000000   Number         0  handlers.o ABSOLUTE
    init.s                                   0x00000000   Number         0  init.o ABSOLUTE
    startup_stm32f205xx.s                    0x00000000   Number         0  startup_stm32f205xx.o ABSOLUTE
    RESET                                    0x08000000   Section      388  startup_stm32f205xx.o(RESET)
    .ARM.Collect$$$$00000000                 0x08000184   Section        0  entry.o(.ARM.Collect$$$$00000000)
    .ARM.Collect$$$$00000001                 0x08000184   Section        4  entry2.o(.ARM.Collect$$$$00000001)
    .ARM.Collect$$$$00000004                 0x08000188   Section        4  entry5.o(.ARM.Collect$$$$00000004)
    .ARM.Collect$$$$00000008                 0x0800018c   Section        0  entry7b.o(.ARM.Collect$$$$00000008)
    .ARM.Collect$$$$0000000A                 0x0800018c   Section        0  entry8b.o(.ARM.Collect$$$$0000000A)
    .ARM.Collect$$$$0000000B                 0x0800018c   Section        8  entry9a.o(.ARM.Collect$$$$0000000B)
    .ARM.Collect$$$$0000000D                 0x08000194   Section        0  entry10a.o(.ARM.Collect$$$$0000000D)
    .ARM.Collect$$$$0000000F                 0x08000194   Section        0  entry11a.o(.ARM.Collect$$$$0000000F)
    .ARM.Collect$$$$00002712                 0x08000194   Section        4  entry2.o(.ARM.Collect$$$$00002712)
    __lit__00000000                          0x08000194   Data           4  entry2.o(.ARM.Collect$$$$00002712)
    .text                                    0x08000198   Section       36  startup_stm32f205xx.o(.text)
    .text                                    0x080001bc   Section        0  uldiv.o(.text)
    .text                                    0x0800021e   Section        0  memcpya.o(.text)
    .text                                    0x08000242   Section        0  memseta.o(.text)
    .text                                    0x08000266   Section        0  llshl.o(.text)
    .text                                    0x08000284   Section        0  llushr.o(.text)
    .text                                    0x080002a4   Section       36  init.o(.text)
    .text                                    0x080002c8   Section        0  __dczerorl2.o(.text)
    i.BusFault_Handler                       0x0800031e   Section        0  stm32f2xx_it.o(i.BusFault_Handler)
    i.Control                                0x08000320   Section        0  app.o(i.Control)
    i.DebugMon_Handler                       0x08000350   Section        0  stm32f2xx_it.o(i.DebugMon_Handler)
    i.Error_Handler                          0x08000352   Section        0  main.o(i.Error_Handler)
    i.HAL_Delay                              0x08000354   Section        0  stm32f2xx_hal.o(i.HAL_Delay)
    i.HAL_GPIO_Init                          0x08000370   Section        0  stm32f2xx_hal_gpio.o(i.HAL_GPIO_Init)
    i.HAL_GPIO_ReadPin                       0x08000530   Section        0  stm32f2xx_hal_gpio.o(i.HAL_GPIO_ReadPin)
    i.HAL_GPIO_TogglePin                     0x0800053a   Section        0  stm32f2xx_hal_gpio.o(i.HAL_GPIO_TogglePin)
    i.HAL_GPIO_WritePin                      0x08000542   Section        0  stm32f2xx_hal_gpio.o(i.HAL_GPIO_WritePin)
    i.HAL_GetTick                            0x0800054c   Section        0  stm32f2xx_hal.o(i.HAL_GetTick)
    i.HAL_IncTick                            0x08000558   Section        0  stm32f2xx_hal.o(i.HAL_IncTick)
    i.HAL_Init                               0x08000568   Section        0  stm32f2xx_hal.o(i.HAL_Init)
    i.HAL_InitTick                           0x0800059c   Section        0  stm32f2xx_hal.o(i.HAL_InitTick)
    i.HAL_MspInit                            0x080005c4   Section        0  stm32f2xx_hal_msp.o(i.HAL_MspInit)
    i.HAL_NVIC_EnableIRQ                     0x080005f4   Section        0  stm32f2xx_hal_cortex.o(i.HAL_NVIC_EnableIRQ)
    i.HAL_NVIC_SetPriority                   0x0800060c   Section        0  stm32f2xx_hal_cortex.o(i.HAL_NVIC_SetPriority)
    i.HAL_NVIC_SetPriorityGrouping           0x0800064c   Section        0  stm32f2xx_hal_cortex.o(i.HAL_NVIC_SetPriorityGrouping)
    i.HAL_PCDEx_SetRxFiFo                    0x08000670   Section        0  stm32f2xx_hal_pcd_ex.o(i.HAL_PCDEx_SetRxFiFo)
    i.HAL_PCDEx_SetTxFiFo                    0x08000678   Section        0  stm32f2xx_hal_pcd_ex.o(i.HAL_PCDEx_SetTxFiFo)
    i.HAL_PCD_ConnectCallback                0x080006bc   Section        0  usbd_conf.o(i.HAL_PCD_ConnectCallback)
    i.HAL_PCD_DataInStageCallback            0x080006c4   Section        0  usbd_conf.o(i.HAL_PCD_DataInStageCallback)
    i.HAL_PCD_DataOutStageCallback           0x080006d6   Section        0  usbd_conf.o(i.HAL_PCD_DataOutStageCallback)
    i.HAL_PCD_DisconnectCallback             0x080006ea   Section        0  usbd_conf.o(i.HAL_PCD_DisconnectCallback)
    i.HAL_PCD_EP_Close                       0x080006f2   Section        0  stm32f2xx_hal_pcd.o(i.HAL_PCD_EP_Close)
    i.HAL_PCD_EP_ClrStall                    0x08000736   Section        0  stm32f2xx_hal_pcd.o(i.HAL_PCD_EP_ClrStall)
    i.HAL_PCD_EP_Open                        0x08000786   Section        0  stm32f2xx_hal_pcd.o(i.HAL_PCD_EP_Open)
    i.HAL_PCD_EP_Receive                     0x080007da   Section        0  stm32f2xx_hal_pcd.o(i.HAL_PCD_EP_Receive)
    i.HAL_PCD_EP_SetStall                    0x08000822   Section        0  stm32f2xx_hal_pcd.o(i.HAL_PCD_EP_SetStall)
    i.HAL_PCD_EP_Transmit                    0x08000882   Section        0  stm32f2xx_hal_pcd.o(i.HAL_PCD_EP_Transmit)
    i.HAL_PCD_IRQHandler                     0x080008c4   Section        0  stm32f2xx_hal_pcd.o(i.HAL_PCD_IRQHandler)
    i.HAL_PCD_ISOINIncompleteCallback        0x08000da0   Section        0  usbd_conf.o(i.HAL_PCD_ISOINIncompleteCallback)
    i.HAL_PCD_ISOOUTIncompleteCallback       0x08000da8   Section        0  usbd_conf.o(i.HAL_PCD_ISOOUTIncompleteCallback)
    i.HAL_PCD_Init                           0x08000db0   Section        0  stm32f2xx_hal_pcd.o(i.HAL_PCD_Init)
    i.HAL_PCD_MspInit                        0x08000e70   Section        0  usbd_conf.o(i.HAL_PCD_MspInit)
    i.HAL_PCD_ResetCallback                  0x08000ef4   Section        0  usbd_conf.o(i.HAL_PCD_ResetCallback)
    i.HAL_PCD_ResumeCallback                 0x08000f20   Section        0  usbd_conf.o(i.HAL_PCD_ResumeCallback)
    i.HAL_PCD_SOFCallback                    0x08000f28   Section        0  usbd_conf.o(i.HAL_PCD_SOFCallback)
    i.HAL_PCD_SetAddress                     0x08000f30   Section        0  stm32f2xx_hal_pcd.o(i.HAL_PCD_SetAddress)
    i.HAL_PCD_SetupStageCallback             0x08000f54   Section        0  usbd_conf.o(i.HAL_PCD_SetupStageCallback)
    i.HAL_PCD_Start                          0x08000f62   Section        0  stm32f2xx_hal_pcd.o(i.HAL_PCD_Start)
    i.HAL_PCD_SuspendCallback                0x08000f8c   Section        0  usbd_conf.o(i.HAL_PCD_SuspendCallback)
    i.HAL_RCC_ClockConfig                    0x08000fbc   Section        0  stm32f2xx_hal_rcc.o(i.HAL_RCC_ClockConfig)
    i.HAL_RCC_GetHCLKFreq                    0x080010f4   Section        0  stm32f2xx_hal_rcc.o(i.HAL_RCC_GetHCLKFreq)
    i.HAL_RCC_GetSysClockFreq                0x08001100   Section        0  stm32f2xx_hal_rcc.o(i.HAL_RCC_GetSysClockFreq)
    i.HAL_RCC_OscConfig                      0x08001164   Section        0  stm32f2xx_hal_rcc.o(i.HAL_RCC_OscConfig)
    i.HAL_SYSTICK_Config                     0x08001448   Section        0  stm32f2xx_hal_cortex.o(i.HAL_SYSTICK_Config)
    i.HAL_TIMEx_BreakCallback                0x08001470   Section        0  stm32f2xx_hal_tim_ex.o(i.HAL_TIMEx_BreakCallback)
    i.HAL_TIMEx_CommutationCallback          0x08001472   Section        0  stm32f2xx_hal_tim_ex.o(i.HAL_TIMEx_CommutationCallback)
    i.HAL_TIMEx_MasterConfigSynchronization  0x08001474   Section        0  stm32f2xx_hal_tim_ex.o(i.HAL_TIMEx_MasterConfigSynchronization)
    i.HAL_TIM_Base_Init                      0x080014c4   Section        0  stm32f2xx_hal_tim.o(i.HAL_TIM_Base_Init)
    i.HAL_TIM_Base_MspInit                   0x080014fc   Section        0  stm32f2xx_hal_msp.o(i.HAL_TIM_Base_MspInit)
    i.HAL_TIM_Base_Start_IT                  0x08001588   Section        0  stm32f2xx_hal_tim.o(i.HAL_TIM_Base_Start_IT)
    i.HAL_TIM_ConfigClockSource              0x080015a0   Section        0  stm32f2xx_hal_tim.o(i.HAL_TIM_ConfigClockSource)
    i.HAL_TIM_IC_CaptureCallback             0x08001692   Section        0  stm32f2xx_hal_tim.o(i.HAL_TIM_IC_CaptureCallback)
    i.HAL_TIM_IRQHandler                     0x08001694   Section        0  stm32f2xx_hal_tim.o(i.HAL_TIM_IRQHandler)
    i.HAL_TIM_OC_DelayElapsedCallback        0x080017fa   Section        0  stm32f2xx_hal_tim.o(i.HAL_TIM_OC_DelayElapsedCallback)
    i.HAL_TIM_PWM_PulseFinishedCallback      0x080017fc   Section        0  stm32f2xx_hal_tim.o(i.HAL_TIM_PWM_PulseFinishedCallback)
    i.HAL_TIM_PeriodElapsedCallback          0x08001800   Section        0  main.o(i.HAL_TIM_PeriodElapsedCallback)
    i.HAL_TIM_TriggerCallback                0x08001844   Section        0  stm32f2xx_hal_tim.o(i.HAL_TIM_TriggerCallback)
    i.HardFault_Handler                      0x08001846   Section        0  stm32f2xx_it.o(i.HardFault_Handler)
    i.IntToUnicode                           0x08001848   Section        0  usbd_desc.o(i.IntToUnicode)
    IntToUnicode                             0x08001849   Thumb Code    56  usbd_desc.o(i.IntToUnicode)
    i.Key_ReadIOPin_continuous               0x08001880   Section        0  app.o(i.Key_ReadIOPin_continuous)
    i.MX_GPIO_Init                           0x0800195c   Section        0  main.o(i.MX_GPIO_Init)
    MX_GPIO_Init                             0x0800195d   Thumb Code   146  main.o(i.MX_GPIO_Init)
    i.MX_TIM2_Init                           0x08001a00   Section        0  main.o(i.MX_TIM2_Init)
    MX_TIM2_Init                             0x08001a01   Thumb Code    74  main.o(i.MX_TIM2_Init)
    i.MX_TIM3_Init                           0x08001a50   Section        0  main.o(i.MX_TIM3_Init)
    MX_TIM3_Init                             0x08001a51   Thumb Code    74  main.o(i.MX_TIM3_Init)
    i.MX_USB_DEVICE_Init                     0x08001aa4   Section        0  usb_device.o(i.MX_USB_DEVICE_Init)
    i.MemManage_Handler                      0x08001ae4   Section        0  stm32f2xx_it.o(i.MemManage_Handler)
    i.NMI_Handler                            0x08001ae6   Section        0  stm32f2xx_it.o(i.NMI_Handler)
    i.NVIC_SetPriority                       0x08001ae8   Section        0  stm32f2xx_hal_cortex.o(i.NVIC_SetPriority)
    NVIC_SetPriority                         0x08001ae9   Thumb Code    32  stm32f2xx_hal_cortex.o(i.NVIC_SetPriority)
    i.OTG_FS_IRQHandler                      0x08001b08   Section        0  stm32f2xx_it.o(i.OTG_FS_IRQHandler)
    i.PCD_WriteEmptyTxFifo                   0x08001b14   Section        0  stm32f2xx_hal_pcd.o(i.PCD_WriteEmptyTxFifo)
    PCD_WriteEmptyTxFifo                     0x08001b15   Thumb Code   136  stm32f2xx_hal_pcd.o(i.PCD_WriteEmptyTxFifo)
    i.PendSV_Handler                         0x08001b9c   Section        0  stm32f2xx_it.o(i.PendSV_Handler)
    i.SVC_Handler                            0x08001b9e   Section        0  stm32f2xx_it.o(i.SVC_Handler)
    i.SysTick_Handler                        0x08001ba0   Section        0  stm32f2xx_it.o(i.SysTick_Handler)
    i.SystemClock_Config                     0x08001ba4   Section        0  main.o(i.SystemClock_Config)
    i.SystemInit                             0x08001bf4   Section        0  system_stm32f2xx.o(i.SystemInit)
    i.TIM1_BRK_TIM9_IRQHandler               0x08001c3c   Section        0  stm32f2xx_it.o(i.TIM1_BRK_TIM9_IRQHandler)
    i.TIM2_IRQHandler                        0x08001c48   Section        0  stm32f2xx_it.o(i.TIM2_IRQHandler)
    i.TIM3_IRQHandler                        0x08001c54   Section        0  stm32f2xx_it.o(i.TIM3_IRQHandler)
    i.TIM_Base_SetConfig                     0x08001c60   Section        0  stm32f2xx_hal_tim.o(i.TIM_Base_SetConfig)
    i.TIM_ETR_SetConfig                      0x08001d28   Section        0  stm32f2xx_hal_tim.o(i.TIM_ETR_SetConfig)
    TIM_ETR_SetConfig                        0x08001d29   Thumb Code    20  stm32f2xx_hal_tim.o(i.TIM_ETR_SetConfig)
    i.TIM_ITRx_SetConfig                     0x08001d3c   Section        0  stm32f2xx_hal_tim.o(i.TIM_ITRx_SetConfig)
    TIM_ITRx_SetConfig                       0x08001d3d   Thumb Code    16  stm32f2xx_hal_tim.o(i.TIM_ITRx_SetConfig)
    i.TIM_TI1_ConfigInputStage               0x08001d4c   Section        0  stm32f2xx_hal_tim.o(i.TIM_TI1_ConfigInputStage)
    TIM_TI1_ConfigInputStage                 0x08001d4d   Thumb Code    34  stm32f2xx_hal_tim.o(i.TIM_TI1_ConfigInputStage)
    i.TIM_TI2_ConfigInputStage               0x08001d6e   Section        0  stm32f2xx_hal_tim.o(i.TIM_TI2_ConfigInputStage)
    TIM_TI2_ConfigInputStage                 0x08001d6f   Thumb Code    36  stm32f2xx_hal_tim.o(i.TIM_TI2_ConfigInputStage)
    i.USBD_ClrClassConfig                    0x08001d92   Section        0  usbd_core.o(i.USBD_ClrClassConfig)
    i.USBD_CtlContinueRx                     0x08001da0   Section        0  usbd_ioreq.o(i.USBD_CtlContinueRx)
    i.USBD_CtlContinueSendData               0x08001db0   Section        0  usbd_ioreq.o(i.USBD_CtlContinueSendData)
    i.USBD_CtlError                          0x08001dc0   Section        0  usbd_ctlreq.o(i.USBD_CtlError)
    i.USBD_CtlReceiveStatus                  0x08001dd6   Section        0  usbd_ioreq.o(i.USBD_CtlReceiveStatus)
    i.USBD_CtlSendData                       0x08001dec   Section        0  usbd_ioreq.o(i.USBD_CtlSendData)
    i.USBD_CtlSendStatus                     0x08001e06   Section        0  usbd_ioreq.o(i.USBD_CtlSendStatus)
    i.USBD_FS_ConfigStrDescriptor            0x08001e1c   Section        0  usbd_desc.o(i.USBD_FS_ConfigStrDescriptor)
    i.USBD_FS_DeviceDescriptor               0x08001e3c   Section        0  usbd_desc.o(i.USBD_FS_DeviceDescriptor)
    i.USBD_FS_InterfaceStrDescriptor         0x08001e48   Section        0  usbd_desc.o(i.USBD_FS_InterfaceStrDescriptor)
    i.USBD_FS_LangIDStrDescriptor            0x08001e6c   Section        0  usbd_desc.o(i.USBD_FS_LangIDStrDescriptor)
    i.USBD_FS_ManufacturerStrDescriptor      0x08001e78   Section        0  usbd_desc.o(i.USBD_FS_ManufacturerStrDescriptor)
    i.USBD_FS_ProductStrDescriptor           0x08001ea0   Section        0  usbd_desc.o(i.USBD_FS_ProductStrDescriptor)
    i.USBD_FS_SerialStrDescriptor            0x08001ecc   Section        0  usbd_desc.o(i.USBD_FS_SerialStrDescriptor)
    i.USBD_GetDescriptor                     0x08001f04   Section        0  usbd_ctlreq.o(i.USBD_GetDescriptor)
    USBD_GetDescriptor                       0x08001f05   Thumb Code   224  usbd_ctlreq.o(i.USBD_GetDescriptor)
    i.USBD_GetString                         0x08001fe4   Section        0  usbd_ctlreq.o(i.USBD_GetString)
    i.USBD_Get_USB_Status                    0x0800202a   Section        0  usbd_conf.o(i.USBD_Get_USB_Status)
    i.USBD_HID_DataIn                        0x08002042   Section        0  usbd_hid.o(i.USBD_HID_DataIn)
    USBD_HID_DataIn                          0x08002043   Thumb Code    12  usbd_hid.o(i.USBD_HID_DataIn)
    i.USBD_HID_DataOut                       0x08002050   Section        0  usbd_hid.o(i.USBD_HID_DataOut)
    USBD_HID_DataOut                         0x08002051   Thumb Code    24  usbd_hid.o(i.USBD_HID_DataOut)
    i.USBD_HID_DeInit                        0x0800206c   Section        0  usbd_hid.o(i.USBD_HID_DeInit)
    USBD_HID_DeInit                          0x0800206d   Thumb Code    30  usbd_hid.o(i.USBD_HID_DeInit)
    i.USBD_HID_GetCfgDesc                    0x0800208c   Section        0  usbd_hid.o(i.USBD_HID_GetCfgDesc)
    USBD_HID_GetCfgDesc                      0x0800208d   Thumb Code     8  usbd_hid.o(i.USBD_HID_GetCfgDesc)
    i.USBD_HID_GetDeviceQualifierDesc        0x08002098   Section        0  usbd_hid.o(i.USBD_HID_GetDeviceQualifierDesc)
    USBD_HID_GetDeviceQualifierDesc          0x08002099   Thumb Code     8  usbd_hid.o(i.USBD_HID_GetDeviceQualifierDesc)
    i.USBD_HID_GetPos                        0x080020a4   Section        0  app.o(i.USBD_HID_GetPos)
    USBD_HID_GetPos                          0x080020a5   Thumb Code   178  app.o(i.USBD_HID_GetPos)
    i.USBD_HID_Init                          0x08002160   Section        0  usbd_hid.o(i.USBD_HID_Init)
    USBD_HID_Init                            0x08002161   Thumb Code    52  usbd_hid.o(i.USBD_HID_Init)
    i.USBD_HID_SendReport                    0x08002194   Section        0  usbd_hid.o(i.USBD_HID_SendReport)
    i.USBD_HID_Setup                         0x080021b8   Section        0  usbd_hid.o(i.USBD_HID_Setup)
    USBD_HID_Setup                           0x080021b9   Thumb Code   156  usbd_hid.o(i.USBD_HID_Setup)
    i.USBD_Init                              0x08002258   Section        0  usbd_core.o(i.USBD_Init)
    i.USBD_LL_ClearStallEP                   0x08002282   Section        0  usbd_conf.o(i.USBD_LL_ClearStallEP)
    i.USBD_LL_CloseEP                        0x08002294   Section        0  usbd_conf.o(i.USBD_LL_CloseEP)
    i.USBD_LL_DataInStage                    0x080022a6   Section        0  usbd_core.o(i.USBD_LL_DataInStage)
    i.USBD_LL_DataOutStage                   0x08002350   Section        0  usbd_core.o(i.USBD_LL_DataOutStage)
    i.USBD_LL_DevConnected                   0x080023ba   Section        0  usbd_core.o(i.USBD_LL_DevConnected)
    i.USBD_LL_DevDisconnected                0x080023be   Section        0  usbd_core.o(i.USBD_LL_DevDisconnected)
    i.USBD_LL_Init                           0x080023d4   Section        0  usbd_conf.o(i.USBD_LL_Init)
    i.USBD_LL_IsStallEP                      0x08002430   Section        0  usbd_conf.o(i.USBD_LL_IsStallEP)
    i.USBD_LL_IsoINIncomplete                0x08002450   Section        0  usbd_core.o(i.USBD_LL_IsoINIncomplete)
    i.USBD_LL_IsoOUTIncomplete               0x08002454   Section        0  usbd_core.o(i.USBD_LL_IsoOUTIncomplete)
    i.USBD_LL_OpenEP                         0x08002458   Section        0  usbd_conf.o(i.USBD_LL_OpenEP)
    i.USBD_LL_PrepareReceive                 0x08002470   Section        0  usbd_conf.o(i.USBD_LL_PrepareReceive)
    i.USBD_LL_Reset                          0x08002482   Section        0  usbd_core.o(i.USBD_LL_Reset)
    i.USBD_LL_Resume                         0x080024c0   Section        0  usbd_core.o(i.USBD_LL_Resume)
    i.USBD_LL_SOF                            0x080024cc   Section        0  usbd_core.o(i.USBD_LL_SOF)
    i.USBD_LL_SetSpeed                       0x080024e4   Section        0  usbd_core.o(i.USBD_LL_SetSpeed)
    i.USBD_LL_SetUSBAddress                  0x080024ea   Section        0  usbd_conf.o(i.USBD_LL_SetUSBAddress)
    i.USBD_LL_SetupStage                     0x080024fc   Section        0  usbd_core.o(i.USBD_LL_SetupStage)
    i.USBD_LL_StallEP                        0x08002556   Section        0  usbd_conf.o(i.USBD_LL_StallEP)
    i.USBD_LL_Start                          0x08002568   Section        0  usbd_conf.o(i.USBD_LL_Start)
    i.USBD_LL_Suspend                        0x0800257a   Section        0  usbd_core.o(i.USBD_LL_Suspend)
    i.USBD_LL_Transmit                       0x0800258c   Section        0  usbd_conf.o(i.USBD_LL_Transmit)
    i.USBD_ParseSetupRequest                 0x0800259e   Section        0  usbd_ctlreq.o(i.USBD_ParseSetupRequest)
    i.USBD_RegisterClass                     0x080025c6   Section        0  usbd_core.o(i.USBD_RegisterClass)
    i.USBD_SetClassConfig                    0x080025d6   Section        0  usbd_core.o(i.USBD_SetClassConfig)
    i.USBD_SetConfig                         0x080025ec   Section        0  usbd_ctlreq.o(i.USBD_SetConfig)
    USBD_SetConfig                           0x080025ed   Thumb Code   110  usbd_ctlreq.o(i.USBD_SetConfig)
    i.USBD_Start                             0x08002660   Section        0  usbd_core.o(i.USBD_Start)
    i.USBD_StdDevReq                         0x0800266a   Section        0  usbd_ctlreq.o(i.USBD_StdDevReq)
    i.USBD_StdEPReq                          0x0800275c   Section        0  usbd_ctlreq.o(i.USBD_StdEPReq)
    i.USBD_StdItfReq                         0x08002838   Section        0  usbd_ctlreq.o(i.USBD_StdItfReq)
    i.USB_ActivateEndpoint                   0x0800286c   Section        0  stm32f2xx_ll_usb.o(i.USB_ActivateEndpoint)
    i.USB_ActivateSetup                      0x080028ec   Section        0  stm32f2xx_ll_usb.o(i.USB_ActivateSetup)
    i.USB_CoreInit                           0x08002920   Section        0  stm32f2xx_ll_usb.o(i.USB_CoreInit)
    i.USB_CoreReset                          0x0800298c   Section        0  stm32f2xx_ll_usb.o(i.USB_CoreReset)
    USB_CoreReset                            0x0800298d   Thumb Code    50  stm32f2xx_ll_usb.o(i.USB_CoreReset)
    i.USB_DeactivateEndpoint                 0x080029c4   Section        0  stm32f2xx_ll_usb.o(i.USB_DeactivateEndpoint)
    i.USB_DevConnect                         0x08002a32   Section        0  stm32f2xx_ll_usb.o(i.USB_DevConnect)
    i.USB_DevDisconnect                      0x08002a4a   Section        0  stm32f2xx_ll_usb.o(i.USB_DevDisconnect)
    i.USB_DevInit                            0x08002a64   Section        0  stm32f2xx_ll_usb.o(i.USB_DevInit)
    i.USB_DisableGlobalInt                   0x08002ba8   Section        0  stm32f2xx_ll_usb.o(i.USB_DisableGlobalInt)
    i.USB_EP0StartXfer                       0x08002bb4   Section        0  stm32f2xx_ll_usb.o(i.USB_EP0StartXfer)
    i.USB_EP0_OutStart                       0x08002cf4   Section        0  stm32f2xx_ll_usb.o(i.USB_EP0_OutStart)
    i.USB_EPClearStall                       0x08002d32   Section        0  stm32f2xx_ll_usb.o(i.USB_EPClearStall)
    i.USB_EPSetStall                         0x08002d96   Section        0  stm32f2xx_ll_usb.o(i.USB_EPSetStall)
    i.USB_EPStartXfer                        0x08002df4   Section        0  stm32f2xx_ll_usb.o(i.USB_EPStartXfer)
    i.USB_EnableGlobalInt                    0x08003010   Section        0  stm32f2xx_ll_usb.o(i.USB_EnableGlobalInt)
    i.USB_FlushRxFifo                        0x0800301c   Section        0  stm32f2xx_ll_usb.o(i.USB_FlushRxFifo)
    i.USB_FlushTxFifo                        0x0800303c   Section        0  stm32f2xx_ll_usb.o(i.USB_FlushTxFifo)
    i.USB_GetDevSpeed                        0x08003060   Section        0  stm32f2xx_ll_usb.o(i.USB_GetDevSpeed)
    i.USB_GetMode                            0x0800309c   Section        0  stm32f2xx_ll_usb.o(i.USB_GetMode)
    i.USB_ReadDevAllInEpInterrupt            0x080030a4   Section        0  stm32f2xx_ll_usb.o(i.USB_ReadDevAllInEpInterrupt)
    i.USB_ReadDevAllOutEpInterrupt           0x080030b2   Section        0  stm32f2xx_ll_usb.o(i.USB_ReadDevAllOutEpInterrupt)
    i.USB_ReadDevInEPInterrupt               0x080030c0   Section        0  stm32f2xx_ll_usb.o(i.USB_ReadDevInEPInterrupt)
    i.USB_ReadDevOutEPInterrupt              0x080030de   Section        0  stm32f2xx_ll_usb.o(i.USB_ReadDevOutEPInterrupt)
    i.USB_ReadInterrupts                     0x080030ee   Section        0  stm32f2xx_ll_usb.o(i.USB_ReadInterrupts)
    i.USB_ReadPacket                         0x080030f6   Section        0  stm32f2xx_ll_usb.o(i.USB_ReadPacket)
    i.USB_SetCurrentMode                     0x08003116   Section        0  stm32f2xx_ll_usb.o(i.USB_SetCurrentMode)
    i.USB_SetDevAddress                      0x08003142   Section        0  stm32f2xx_ll_usb.o(i.USB_SetDevAddress)
    i.USB_WritePacket                        0x08003164   Section        0  stm32f2xx_ll_usb.o(i.USB_WritePacket)
    i.UsageFault_Handler                     0x0800318c   Section        0  stm32f2xx_it.o(i.UsageFault_Handler)
    i.__scatterload_copy                     0x0800318e   Section       14  handlers.o(i.__scatterload_copy)
    i.__scatterload_null                     0x0800319c   Section        2  handlers.o(i.__scatterload_null)
    i.__scatterload_zeroinit                 0x0800319e   Section       14  handlers.o(i.__scatterload_zeroinit)
    i.free                                   0x080031ac   Section        0  malloc.o(i.free)
    i.main                                   0x080031fc   Section        0  main.o(i.main)
    i.malloc                                 0x080032c0   Section        0  malloc.o(i.malloc)
    .constdata                               0x0800332c   Section       16  system_stm32f2xx.o(.constdata)
    .data                                    0x20000000   Section       12  app.o(.data)
    KEY_ONE_WORD                             0x20000000   Data           1  app.o(.data)
    KEY_ONE_FUNCTION                         0x20000001   Data           1  app.o(.data)
    KEY_TWO_WORD                             0x20000002   Data           1  app.o(.data)
    KEY_TWO_FUNCTION                         0x20000003   Data           1  app.o(.data)
    KEY_THREE_WORD                           0x20000004   Data           1  app.o(.data)
    KEY_THREE_FUNCTION                       0x20000005   Data           1  app.o(.data)
    tmp                                      0x20000008   Data           4  app.o(.data)
    .data                                    0x2000000c   Section       22  main.o(.data)
    STATE                                    0x2000000c   Data           4  main.o(.data)
    .data                                    0x20000024   Section       28  usbd_desc.o(.data)
    .data                                    0x20000040   Section       50  usbd_desc.o(.data)
    .data                                    0x20000074   Section        4  stm32f2xx_hal.o(.data)
    .data                                    0x20000078   Section        4  system_stm32f2xx.o(.data)
    .data                                    0x2000007c   Section        1  usbd_ctlreq.o(.data)
    cfgidx                                   0x2000007c   Data           1  usbd_ctlreq.o(.data)
    .data                                    0x20000080   Section       56  usbd_hid.o(.data)
    .data                                    0x200000b8   Section      197  usbd_hid.o(.data)
    USBD_HID_CfgDesc                         0x200000c0   Data          41  usbd_hid.o(.data)
    USBD_HID_Desc                            0x200000ec   Data           9  usbd_hid.o(.data)
    USBD_HID_DeviceQualifierDesc             0x200000f8   Data          10  usbd_hid.o(.data)
    HID_MOUSE_ReportDesc                     0x20000104   Data         121  usbd_hid.o(.data)
    .data                                    0x20000180   Section        4  mvars.o(.data)
    .data                                    0x20000184   Section        4  mvars.o(.data)
    .bss                                     0x20000188   Section        9  app.o(.bss)
    HID_Buffer                               0x20000188   Data           9  app.o(.bss)
    .bss                                     0x20000194   Section      192  main.o(.bss)
    .bss                                     0x20000254   Section      548  usb_device.o(.bss)
    .bss                                     0x20000478   Section     1000  usbd_conf.o(.bss)
    .bss                                     0x20000860   Section      512  usbd_desc.o(.bss)
    HEAP                                     0x20000a60   Section      512  startup_stm32f205xx.o(HEAP)
    STACK                                    0x20000c60   Section     1024  startup_stm32f205xx.o(STACK)

    Global Symbols

    Symbol Name                              Value     Ov Type        Size  Object(Section)

    BuildAttributes$$THM_ISAv4$P$D$K$B$S$PE$A:L22UL41UL21$X:L11$S22US41US21$IEEE1$IW$USESV6$~STKCKD$USESV7$~SHL$OSPACE$EBA8$MICROLIB$REQ8$PRES8$EABIv2 0x00000000   Number         0  anon$$obj.o ABSOLUTE
    __ARM_use_no_argv                        0x00000000   Number         0  main.o ABSOLUTE
    __cpp_initialize__aeabi_                  - Undefined Weak Reference
    __cxa_finalize                            - Undefined Weak Reference
    _clock_init                               - Undefined Weak Reference
    _microlib_exit                            - Undefined Weak Reference
    __Vectors_Size                           0x00000184   Number         0  startup_stm32f205xx.o ABSOLUTE
    __Vectors                                0x08000000   Data           4  startup_stm32f205xx.o(RESET)
    __Vectors_End                            0x08000184   Data           0  startup_stm32f205xx.o(RESET)
    __main                                   0x08000185   Thumb Code     0  entry.o(.ARM.Collect$$$$00000000)
    _main_stk                                0x08000185   Thumb Code     0  entry2.o(.ARM.Collect$$$$00000001)
    _main_scatterload                        0x08000189   Thumb Code     0  entry5.o(.ARM.Collect$$$$00000004)
    __main_after_scatterload                 0x0800018d   Thumb Code     0  entry5.o(.ARM.Collect$$$$00000004)
    _main_clock                              0x0800018d   Thumb Code     0  entry7b.o(.ARM.Collect$$$$00000008)
    _main_cpp_init                           0x0800018d   Thumb Code     0  entry8b.o(.ARM.Collect$$$$0000000A)
    _main_init                               0x0800018d   Thumb Code     0  entry9a.o(.ARM.Collect$$$$0000000B)
    __rt_final_cpp                           0x08000195   Thumb Code     0  entry10a.o(.ARM.Collect$$$$0000000D)
    __rt_final_exit                          0x08000195   Thumb Code     0  entry11a.o(.ARM.Collect$$$$0000000F)
    Reset_Handler                            0x08000199   Thumb Code     8  startup_stm32f205xx.o(.text)
    ADC_IRQHandler                           0x080001b3   Thumb Code     0  startup_stm32f205xx.o(.text)
    CAN1_RX0_IRQHandler                      0x080001b3   Thumb Code     0  startup_stm32f205xx.o(.text)
    CAN1_RX1_IRQHandler                      0x080001b3   Thumb Code     0  startup_stm32f205xx.o(.text)
    CAN1_SCE_IRQHandler                      0x080001b3   Thumb Code     0  startup_stm32f205xx.o(.text)
    CAN1_TX_IRQHandler                       0x080001b3   Thumb Code     0  startup_stm32f205xx.o(.text)
    CAN2_RX0_IRQHandler                      0x080001b3   Thumb Code     0  startup_stm32f205xx.o(.text)
    CAN2_RX1_IRQHandler                      0x080001b3   Thumb Code     0  startup_stm32f205xx.o(.text)
    CAN2_SCE_IRQHandler                      0x080001b3   Thumb Code     0  startup_stm32f205xx.o(.text)
    CAN2_TX_IRQHandler                       0x080001b3   Thumb Code     0  startup_stm32f205xx.o(.text)
    DMA1_Stream0_IRQHandler                  0x080001b3   Thumb Code     0  startup_stm32f205xx.o(.text)
    DMA1_Stream1_IRQHandler                  0x080001b3   Thumb Code     0  startup_stm32f205xx.o(.text)
    DMA1_Stream2_IRQHandler                  0x080001b3   Thumb Code     0  startup_stm32f205xx.o(.text)
    DMA1_Stream3_IRQHandler                  0x080001b3   Thumb Code     0  startup_stm32f205xx.o(.text)
    DMA1_Stream4_IRQHandler                  0x080001b3   Thumb Code     0  startup_stm32f205xx.o(.text)
    DMA1_Stream5_IRQHandler                  0x080001b3   Thumb Code     0  startup_stm32f205xx.o(.text)
    DMA1_Stream6_IRQHandler                  0x080001b3   Thumb Code     0  startup_stm32f205xx.o(.text)
    DMA1_Stream7_IRQHandler                  0x080001b3   Thumb Code     0  startup_stm32f205xx.o(.text)
    DMA2_Stream0_IRQHandler                  0x080001b3   Thumb Code     0  startup_stm32f205xx.o(.text)
    DMA2_Stream1_IRQHandler                  0x080001b3   Thumb Code     0  startup_stm32f205xx.o(.text)
    DMA2_Stream2_IRQHandler                  0x080001b3   Thumb Code     0  startup_stm32f205xx.o(.text)
    DMA2_Stream3_IRQHandler                  0x080001b3   Thumb Code     0  startup_stm32f205xx.o(.text)
    DMA2_Stream4_IRQHandler                  0x080001b3   Thumb Code     0  startup_stm32f205xx.o(.text)
    DMA2_Stream5_IRQHandler                  0x080001b3   Thumb Code     0  startup_stm32f205xx.o(.text)
    DMA2_Stream6_IRQHandler                  0x080001b3   Thumb Code     0  startup_stm32f205xx.o(.text)
    DMA2_Stream7_IRQHandler                  0x080001b3   Thumb Code     0  startup_stm32f205xx.o(.text)
    EXTI0_IRQHandler                         0x080001b3   Thumb Code     0  startup_stm32f205xx.o(.text)
    EXTI15_10_IRQHandler                     0x080001b3   Thumb Code     0  startup_stm32f205xx.o(.text)
    EXTI1_IRQHandler                         0x080001b3   Thumb Code     0  startup_stm32f205xx.o(.text)
    EXTI2_IRQHandler                         0x080001b3   Thumb Code     0  startup_stm32f205xx.o(.text)
    EXTI3_IRQHandler                         0x080001b3   Thumb Code     0  startup_stm32f205xx.o(.text)
    EXTI4_IRQHandler                         0x080001b3   Thumb Code     0  startup_stm32f205xx.o(.text)
    EXTI9_5_IRQHandler                       0x080001b3   Thumb Code     0  startup_stm32f205xx.o(.text)
    FLASH_IRQHandler                         0x080001b3   Thumb Code     0  startup_stm32f205xx.o(.text)
    FSMC_IRQHandler                          0x080001b3   Thumb Code     0  startup_stm32f205xx.o(.text)
    HASH_RNG_IRQHandler                      0x080001b3   Thumb Code     0  startup_stm32f205xx.o(.text)
    I2C1_ER_IRQHandler                       0x080001b3   Thumb Code     0  startup_stm32f205xx.o(.text)
    I2C1_EV_IRQHandler                       0x080001b3   Thumb Code     0  startup_stm32f205xx.o(.text)
    I2C2_ER_IRQHandler                       0x080001b3   Thumb Code     0  startup_stm32f205xx.o(.text)
    I2C2_EV_IRQHandler                       0x080001b3   Thumb Code     0  startup_stm32f205xx.o(.text)
    I2C3_ER_IRQHandler                       0x080001b3   Thumb Code     0  startup_stm32f205xx.o(.text)
    I2C3_EV_IRQHandler                       0x080001b3   Thumb Code     0  startup_stm32f205xx.o(.text)
    OTG_FS_WKUP_IRQHandler                   0x080001b3   Thumb Code     0  startup_stm32f205xx.o(.text)
    OTG_HS_EP1_IN_IRQHandler                 0x080001b3   Thumb Code     0  startup_stm32f205xx.o(.text)
    OTG_HS_EP1_OUT_IRQHandler                0x080001b3   Thumb Code     0  startup_stm32f205xx.o(.text)
    OTG_HS_IRQHandler                        0x080001b3   Thumb Code     0  startup_stm32f205xx.o(.text)
    OTG_HS_WKUP_IRQHandler                   0x080001b3   Thumb Code     0  startup_stm32f205xx.o(.text)
    PVD_IRQHandler                           0x080001b3   Thumb Code     0  startup_stm32f205xx.o(.text)
    RCC_IRQHandler                           0x080001b3   Thumb Code     0  startup_stm32f205xx.o(.text)
    RTC_Alarm_IRQHandler                     0x080001b3   Thumb Code     0  startup_stm32f205xx.o(.text)
    RTC_WKUP_IRQHandler                      0x080001b3   Thumb Code     0  startup_stm32f205xx.o(.text)
    SDIO_IRQHandler                          0x080001b3   Thumb Code     0  startup_stm32f205xx.o(.text)
    SPI1_IRQHandler                          0x080001b3   Thumb Code     0  startup_stm32f205xx.o(.text)
    SPI2_IRQHandler                          0x080001b3   Thumb Code     0  startup_stm32f205xx.o(.text)
    SPI3_IRQHandler                          0x080001b3   Thumb Code     0  startup_stm32f205xx.o(.text)
    TAMP_STAMP_IRQHandler                    0x080001b3   Thumb Code     0  startup_stm32f205xx.o(.text)
    TIM1_CC_IRQHandler                       0x080001b3   Thumb Code     0  startup_stm32f205xx.o(.text)
    TIM1_TRG_COM_TIM11_IRQHandler            0x080001b3   Thumb Code     0  startup_stm32f205xx.o(.text)
    TIM1_UP_TIM10_IRQHandler                 0x080001b3   Thumb Code     0  startup_stm32f205xx.o(.text)
    TIM4_IRQHandler                          0x080001b3   Thumb Code     0  startup_stm32f205xx.o(.text)
    TIM5_IRQHandler                          0x080001b3   Thumb Code     0  startup_stm32f205xx.o(.text)
    TIM6_DAC_IRQHandler                      0x080001b3   Thumb Code     0  startup_stm32f205xx.o(.text)
    TIM7_IRQHandler                          0x080001b3   Thumb Code     0  startup_stm32f205xx.o(.text)
    TIM8_BRK_TIM12_IRQHandler                0x080001b3   Thumb Code     0  startup_stm32f205xx.o(.text)
    TIM8_CC_IRQHandler                       0x080001b3   Thumb Code     0  startup_stm32f205xx.o(.text)
    TIM8_TRG_COM_TIM14_IRQHandler            0x080001b3   Thumb Code     0  startup_stm32f205xx.o(.text)
    TIM8_UP_TIM13_IRQHandler                 0x080001b3   Thumb Code     0  startup_stm32f205xx.o(.text)
    UART4_IRQHandler                         0x080001b3   Thumb Code     0  startup_stm32f205xx.o(.text)
    UART5_IRQHandler                         0x080001b3   Thumb Code     0  startup_stm32f205xx.o(.text)
    USART1_IRQHandler                        0x080001b3   Thumb Code     0  startup_stm32f205xx.o(.text)
    USART2_IRQHandler                        0x080001b3   Thumb Code     0  startup_stm32f205xx.o(.text)
    USART3_IRQHandler                        0x080001b3   Thumb Code     0  startup_stm32f205xx.o(.text)
    USART6_IRQHandler                        0x080001b3   Thumb Code     0  startup_stm32f205xx.o(.text)
    WWDG_IRQHandler                          0x080001b3   Thumb Code     0  startup_stm32f205xx.o(.text)
    __aeabi_uldivmod                         0x080001bd   Thumb Code    98  uldiv.o(.text)
    __aeabi_memcpy                           0x0800021f   Thumb Code    36  memcpya.o(.text)
    __aeabi_memcpy4                          0x0800021f   Thumb Code     0  memcpya.o(.text)
    __aeabi_memcpy8                          0x0800021f   Thumb Code     0  memcpya.o(.text)
    __aeabi_memset                           0x08000243   Thumb Code    14  memseta.o(.text)
    __aeabi_memset4                          0x08000243   Thumb Code     0  memseta.o(.text)
    __aeabi_memset8                          0x08000243   Thumb Code     0  memseta.o(.text)
    __aeabi_memclr                           0x08000251   Thumb Code     4  memseta.o(.text)
    __aeabi_memclr4                          0x08000251   Thumb Code     0  memseta.o(.text)
    __aeabi_memclr8                          0x08000251   Thumb Code     0  memseta.o(.text)
    _memset$wrapper                          0x08000255   Thumb Code    18  memseta.o(.text)
    __aeabi_llsl                             0x08000267   Thumb Code    30  llshl.o(.text)
    _ll_shift_l                              0x08000267   Thumb Code     0  llshl.o(.text)
    __aeabi_llsr                             0x08000285   Thumb Code    32  llushr.o(.text)
    _ll_ushift_r                             0x08000285   Thumb Code     0  llushr.o(.text)
    __scatterload                            0x080002a5   Thumb Code    28  init.o(.text)
    __scatterload_rt2                        0x080002a5   Thumb Code     0  init.o(.text)
    __decompress                             0x080002c9   Thumb Code     0  __dczerorl2.o(.text)
    __decompress1                            0x080002c9   Thumb Code    86  __dczerorl2.o(.text)
    BusFault_Handler                         0x0800031f   Thumb Code     2  stm32f2xx_it.o(i.BusFault_Handler)
    Control                                  0x08000321   Thumb Code    40  app.o(i.Control)
    DebugMon_Handler                         0x08000351   Thumb Code     2  stm32f2xx_it.o(i.DebugMon_Handler)
    Error_Handler                            0x08000353   Thumb Code     2  main.o(i.Error_Handler)
    HAL_Delay                                0x08000355   Thumb Code    28  stm32f2xx_hal.o(i.HAL_Delay)
    HAL_GPIO_Init                            0x08000371   Thumb Code   398  stm32f2xx_hal_gpio.o(i.HAL_GPIO_Init)
    HAL_GPIO_ReadPin                         0x08000531   Thumb Code    10  stm32f2xx_hal_gpio.o(i.HAL_GPIO_ReadPin)
    HAL_GPIO_TogglePin                       0x0800053b   Thumb Code     8  stm32f2xx_hal_gpio.o(i.HAL_GPIO_TogglePin)
    HAL_GPIO_WritePin                        0x08000543   Thumb Code    10  stm32f2xx_hal_gpio.o(i.HAL_GPIO_WritePin)
    HAL_GetTick                              0x0800054d   Thumb Code     6  stm32f2xx_hal.o(i.HAL_GetTick)
    HAL_IncTick                              0x08000559   Thumb Code    10  stm32f2xx_hal.o(i.HAL_IncTick)
    HAL_Init                                 0x08000569   Thumb Code    48  stm32f2xx_hal.o(i.HAL_Init)
    HAL_InitTick                             0x0800059d   Thumb Code    34  stm32f2xx_hal.o(i.HAL_InitTick)
    HAL_MspInit                              0x080005c5   Thumb Code    42  stm32f2xx_hal_msp.o(i.HAL_MspInit)
    HAL_NVIC_EnableIRQ                       0x080005f5   Thumb Code    22  stm32f2xx_hal_cortex.o(i.HAL_NVIC_EnableIRQ)
    HAL_NVIC_SetPriority                     0x0800060d   Thumb Code    60  stm32f2xx_hal_cortex.o(i.HAL_NVIC_SetPriority)
    HAL_NVIC_SetPriorityGrouping             0x0800064d   Thumb Code    26  stm32f2xx_hal_cortex.o(i.HAL_NVIC_SetPriorityGrouping)
    HAL_PCDEx_SetRxFiFo                      0x08000671   Thumb Code     8  stm32f2xx_hal_pcd_ex.o(i.HAL_PCDEx_SetRxFiFo)
    HAL_PCDEx_SetTxFiFo                      0x08000679   Thumb Code    68  stm32f2xx_hal_pcd_ex.o(i.HAL_PCDEx_SetTxFiFo)
    HAL_PCD_ConnectCallback                  0x080006bd   Thumb Code     8  usbd_conf.o(i.HAL_PCD_ConnectCallback)
    HAL_PCD_DataInStageCallback              0x080006c5   Thumb Code    18  usbd_conf.o(i.HAL_PCD_DataInStageCallback)
    HAL_PCD_DataOutStageCallback             0x080006d7   Thumb Code    20  usbd_conf.o(i.HAL_PCD_DataOutStageCallback)
    HAL_PCD_DisconnectCallback               0x080006eb   Thumb Code     8  usbd_conf.o(i.HAL_PCD_DisconnectCallback)
    HAL_PCD_EP_Close                         0x080006f3   Thumb Code    68  stm32f2xx_hal_pcd.o(i.HAL_PCD_EP_Close)
    HAL_PCD_EP_ClrStall                      0x08000737   Thumb Code    80  stm32f2xx_hal_pcd.o(i.HAL_PCD_EP_ClrStall)
    HAL_PCD_EP_Open                          0x08000787   Thumb Code    84  stm32f2xx_hal_pcd.o(i.HAL_PCD_EP_Open)
    HAL_PCD_EP_Receive                       0x080007db   Thumb Code    72  stm32f2xx_hal_pcd.o(i.HAL_PCD_EP_Receive)
    HAL_PCD_EP_SetStall                      0x08000823   Thumb Code    96  stm32f2xx_hal_pcd.o(i.HAL_PCD_EP_SetStall)
    HAL_PCD_EP_Transmit                      0x08000883   Thumb Code    64  stm32f2xx_hal_pcd.o(i.HAL_PCD_EP_Transmit)
    HAL_PCD_IRQHandler                       0x080008c5   Thumb Code  1170  stm32f2xx_hal_pcd.o(i.HAL_PCD_IRQHandler)
    HAL_PCD_ISOINIncompleteCallback          0x08000da1   Thumb Code     8  usbd_conf.o(i.HAL_PCD_ISOINIncompleteCallback)
    HAL_PCD_ISOOUTIncompleteCallback         0x08000da9   Thumb Code     8  usbd_conf.o(i.HAL_PCD_ISOOUTIncompleteCallback)
    HAL_PCD_Init                             0x08000db1   Thumb Code   190  stm32f2xx_hal_pcd.o(i.HAL_PCD_Init)
    HAL_PCD_MspInit                          0x08000e71   Thumb Code   122  usbd_conf.o(i.HAL_PCD_MspInit)
    HAL_PCD_ResetCallback                    0x08000ef5   Thumb Code    44  usbd_conf.o(i.HAL_PCD_ResetCallback)
    HAL_PCD_ResumeCallback                   0x08000f21   Thumb Code     8  usbd_conf.o(i.HAL_PCD_ResumeCallback)
    HAL_PCD_SOFCallback                      0x08000f29   Thumb Code     8  usbd_conf.o(i.HAL_PCD_SOFCallback)
    HAL_PCD_SetAddress                       0x08000f31   Thumb Code    36  stm32f2xx_hal_pcd.o(i.HAL_PCD_SetAddress)
    HAL_PCD_SetupStageCallback               0x08000f55   Thumb Code    14  usbd_conf.o(i.HAL_PCD_SetupStageCallback)
    HAL_PCD_Start                            0x08000f63   Thumb Code    42  stm32f2xx_hal_pcd.o(i.HAL_PCD_Start)
    HAL_PCD_SuspendCallback                  0x08000f8d   Thumb Code    44  usbd_conf.o(i.HAL_PCD_SuspendCallback)
    HAL_RCC_ClockConfig                      0x08000fbd   Thumb Code   294  stm32f2xx_hal_rcc.o(i.HAL_RCC_ClockConfig)
    HAL_RCC_GetHCLKFreq                      0x080010f5   Thumb Code     6  stm32f2xx_hal_rcc.o(i.HAL_RCC_GetHCLKFreq)
    HAL_RCC_GetSysClockFreq                  0x08001101   Thumb Code    88  stm32f2xx_hal_rcc.o(i.HAL_RCC_GetSysClockFreq)
    HAL_RCC_OscConfig                        0x08001165   Thumb Code   722  stm32f2xx_hal_rcc.o(i.HAL_RCC_OscConfig)
    HAL_SYSTICK_Config                       0x08001449   Thumb Code    40  stm32f2xx_hal_cortex.o(i.HAL_SYSTICK_Config)
    HAL_TIMEx_BreakCallback                  0x08001471   Thumb Code     2  stm32f2xx_hal_tim_ex.o(i.HAL_TIMEx_BreakCallback)
    HAL_TIMEx_CommutationCallback            0x08001473   Thumb Code     2  stm32f2xx_hal_tim_ex.o(i.HAL_TIMEx_CommutationCallback)
    HAL_TIMEx_MasterConfigSynchronization    0x08001475   Thumb Code    80  stm32f2xx_hal_tim_ex.o(i.HAL_TIMEx_MasterConfigSynchronization)
    HAL_TIM_Base_Init                        0x080014c5   Thumb Code    54  stm32f2xx_hal_tim.o(i.HAL_TIM_Base_Init)
    HAL_TIM_Base_MspInit                     0x080014fd   Thumb Code   126  stm32f2xx_hal_msp.o(i.HAL_TIM_Base_MspInit)
    HAL_TIM_Base_Start_IT                    0x08001589   Thumb Code    24  stm32f2xx_hal_tim.o(i.HAL_TIM_Base_Start_IT)
    HAL_TIM_ConfigClockSource                0x080015a1   Thumb Code   242  stm32f2xx_hal_tim.o(i.HAL_TIM_ConfigClockSource)
    HAL_TIM_IC_CaptureCallback               0x08001693   Thumb Code     2  stm32f2xx_hal_tim.o(i.HAL_TIM_IC_CaptureCallback)
    HAL_TIM_IRQHandler                       0x08001695   Thumb Code   358  stm32f2xx_hal_tim.o(i.HAL_TIM_IRQHandler)
    HAL_TIM_OC_DelayElapsedCallback          0x080017fb   Thumb Code     2  stm32f2xx_hal_tim.o(i.HAL_TIM_OC_DelayElapsedCallback)
    HAL_TIM_PWM_PulseFinishedCallback        0x080017fd   Thumb Code     2  stm32f2xx_hal_tim.o(i.HAL_TIM_PWM_PulseFinishedCallback)
    HAL_TIM_PeriodElapsedCallback            0x08001801   Thumb Code    50  main.o(i.HAL_TIM_PeriodElapsedCallback)
    HAL_TIM_TriggerCallback                  0x08001845   Thumb Code     2  stm32f2xx_hal_tim.o(i.HAL_TIM_TriggerCallback)
    HardFault_Handler                        0x08001847   Thumb Code     2  stm32f2xx_it.o(i.HardFault_Handler)
    Key_ReadIOPin_continuous                 0x08001881   Thumb Code   210  app.o(i.Key_ReadIOPin_continuous)
    MX_USB_DEVICE_Init                       0x08001aa5   Thumb Code    52  usb_device.o(i.MX_USB_DEVICE_Init)
    MemManage_Handler                        0x08001ae5   Thumb Code     2  stm32f2xx_it.o(i.MemManage_Handler)
    NMI_Handler                              0x08001ae7   Thumb Code     2  stm32f2xx_it.o(i.NMI_Handler)
    OTG_FS_IRQHandler                        0x08001b09   Thumb Code     6  stm32f2xx_it.o(i.OTG_FS_IRQHandler)
    PendSV_Handler                           0x08001b9d   Thumb Code     2  stm32f2xx_it.o(i.PendSV_Handler)
    SVC_Handler                              0x08001b9f   Thumb Code     2  stm32f2xx_it.o(i.SVC_Handler)
    SysTick_Handler                          0x08001ba1   Thumb Code     4  stm32f2xx_it.o(i.SysTick_Handler)
    SystemClock_Config                       0x08001ba5   Thumb Code    80  main.o(i.SystemClock_Config)
    SystemInit                               0x08001bf5   Thumb Code    54  system_stm32f2xx.o(i.SystemInit)
    TIM1_BRK_TIM9_IRQHandler                 0x08001c3d   Thumb Code     6  stm32f2xx_it.o(i.TIM1_BRK_TIM9_IRQHandler)
    TIM2_IRQHandler                          0x08001c49   Thumb Code     6  stm32f2xx_it.o(i.TIM2_IRQHandler)
    TIM3_IRQHandler                          0x08001c55   Thumb Code     6  stm32f2xx_it.o(i.TIM3_IRQHandler)
    TIM_Base_SetConfig                       0x08001c61   Thumb Code   156  stm32f2xx_hal_tim.o(i.TIM_Base_SetConfig)
    USBD_ClrClassConfig                      0x08001d93   Thumb Code    14  usbd_core.o(i.USBD_ClrClassConfig)
    USBD_CtlContinueRx                       0x08001da1   Thumb Code    16  usbd_ioreq.o(i.USBD_CtlContinueRx)
    USBD_CtlContinueSendData                 0x08001db1   Thumb Code    16  usbd_ioreq.o(i.USBD_CtlContinueSendData)
    USBD_CtlError                            0x08001dc1   Thumb Code    22  usbd_ctlreq.o(i.USBD_CtlError)
    USBD_CtlReceiveStatus                    0x08001dd7   Thumb Code    22  usbd_ioreq.o(i.USBD_CtlReceiveStatus)
    USBD_CtlSendData                         0x08001ded   Thumb Code    26  usbd_ioreq.o(i.USBD_CtlSendData)
    USBD_CtlSendStatus                       0x08001e07   Thumb Code    22  usbd_ioreq.o(i.USBD_CtlSendStatus)
    USBD_FS_ConfigStrDescriptor              0x08001e1d   Thumb Code    16  usbd_desc.o(i.USBD_FS_ConfigStrDescriptor)
    USBD_FS_DeviceDescriptor                 0x08001e3d   Thumb Code     8  usbd_desc.o(i.USBD_FS_DeviceDescriptor)
    USBD_FS_InterfaceStrDescriptor           0x08001e49   Thumb Code    16  usbd_desc.o(i.USBD_FS_InterfaceStrDescriptor)
    USBD_FS_LangIDStrDescriptor              0x08001e6d   Thumb Code     8  usbd_desc.o(i.USBD_FS_LangIDStrDescriptor)
    USBD_FS_ManufacturerStrDescriptor        0x08001e79   Thumb Code    16  usbd_desc.o(i.USBD_FS_ManufacturerStrDescriptor)
    USBD_FS_ProductStrDescriptor             0x08001ea1   Thumb Code    16  usbd_desc.o(i.USBD_FS_ProductStrDescriptor)
    USBD_FS_SerialStrDescriptor              0x08001ecd   Thumb Code    48  usbd_desc.o(i.USBD_FS_SerialStrDescriptor)
    USBD_GetString                           0x08001fe5   Thumb Code    70  usbd_ctlreq.o(i.USBD_GetString)
    USBD_Get_USB_Status                      0x0800202b   Thumb Code    24  usbd_conf.o(i.USBD_Get_USB_Status)
    USBD_HID_SendReport                      0x08002195   Thumb Code    36  usbd_hid.o(i.USBD_HID_SendReport)
    USBD_Init                                0x08002259   Thumb Code    42  usbd_core.o(i.USBD_Init)
    USBD_LL_ClearStallEP                     0x08002283   Thumb Code    18  usbd_conf.o(i.USBD_LL_ClearStallEP)
    USBD_LL_CloseEP                          0x08002295   Thumb Code    18  usbd_conf.o(i.USBD_LL_CloseEP)
    USBD_LL_DataInStage                      0x080022a7   Thumb Code   170  usbd_core.o(i.USBD_LL_DataInStage)
    USBD_LL_DataOutStage                     0x08002351   Thumb Code   106  usbd_core.o(i.USBD_LL_DataOutStage)
    USBD_LL_DevConnected                     0x080023bb   Thumb Code     4  usbd_core.o(i.USBD_LL_DevConnected)
    USBD_LL_DevDisconnected                  0x080023bf   Thumb Code    22  usbd_core.o(i.USBD_LL_DevDisconnected)
    USBD_LL_Init                             0x080023d5   Thumb Code    88  usbd_conf.o(i.USBD_LL_Init)
    USBD_LL_IsStallEP                        0x08002431   Thumb Code    32  usbd_conf.o(i.USBD_LL_IsStallEP)
    USBD_LL_IsoINIncomplete                  0x08002451   Thumb Code     4  usbd_core.o(i.USBD_LL_IsoINIncomplete)
    USBD_LL_IsoOUTIncomplete                 0x08002455   Thumb Code     4  usbd_core.o(i.USBD_LL_IsoOUTIncomplete)
    USBD_LL_OpenEP                           0x08002459   Thumb Code    24  usbd_conf.o(i.USBD_LL_OpenEP)
    USBD_LL_PrepareReceive                   0x08002471   Thumb Code    18  usbd_conf.o(i.USBD_LL_PrepareReceive)
    USBD_LL_Reset                            0x08002483   Thumb Code    62  usbd_core.o(i.USBD_LL_Reset)
    USBD_LL_Resume                           0x080024c1   Thumb Code    12  usbd_core.o(i.USBD_LL_Resume)
    USBD_LL_SOF                              0x080024cd   Thumb Code    24  usbd_core.o(i.USBD_LL_SOF)
    USBD_LL_SetSpeed                         0x080024e5   Thumb Code     6  usbd_core.o(i.USBD_LL_SetSpeed)
    USBD_LL_SetUSBAddress                    0x080024eb   Thumb Code    18  usbd_conf.o(i.USBD_LL_SetUSBAddress)
    USBD_LL_SetupStage                       0x080024fd   Thumb Code    90  usbd_core.o(i.USBD_LL_SetupStage)
    USBD_LL_StallEP                          0x08002557   Thumb Code    18  usbd_conf.o(i.USBD_LL_StallEP)
    USBD_LL_Start                            0x08002569   Thumb Code    18  usbd_conf.o(i.USBD_LL_Start)
    USBD_LL_Suspend                          0x0800257b   Thumb Code    18  usbd_core.o(i.USBD_LL_Suspend)
    USBD_LL_Transmit                         0x0800258d   Thumb Code    18  usbd_conf.o(i.USBD_LL_Transmit)
    USBD_ParseSetupRequest                   0x0800259f   Thumb Code    40  usbd_ctlreq.o(i.USBD_ParseSetupRequest)
    USBD_RegisterClass                       0x080025c7   Thumb Code    16  usbd_core.o(i.USBD_RegisterClass)
    USBD_SetClassConfig                      0x080025d7   Thumb Code    22  usbd_core.o(i.USBD_SetClassConfig)
    USBD_Start                               0x08002661   Thumb Code    10  usbd_core.o(i.USBD_Start)
    USBD_StdDevReq                           0x0800266b   Thumb Code   242  usbd_ctlreq.o(i.USBD_StdDevReq)
    USBD_StdEPReq                            0x0800275d   Thumb Code   220  usbd_ctlreq.o(i.USBD_StdEPReq)
    USBD_StdItfReq                           0x08002839   Thumb Code    52  usbd_ctlreq.o(i.USBD_StdItfReq)
    USB_ActivateEndpoint                     0x0800286d   Thumb Code   122  stm32f2xx_ll_usb.o(i.USB_ActivateEndpoint)
    USB_ActivateSetup                        0x080028ed   Thumb Code    52  stm32f2xx_ll_usb.o(i.USB_ActivateSetup)
    USB_CoreInit                             0x08002921   Thumb Code   104  stm32f2xx_ll_usb.o(i.USB_CoreInit)
    USB_DeactivateEndpoint                   0x080029c5   Thumb Code   110  stm32f2xx_ll_usb.o(i.USB_DeactivateEndpoint)
    USB_DevConnect                           0x08002a33   Thumb Code    24  stm32f2xx_ll_usb.o(i.USB_DevConnect)
    USB_DevDisconnect                        0x08002a4b   Thumb Code    24  stm32f2xx_ll_usb.o(i.USB_DevDisconnect)
    USB_DevInit                              0x08002a65   Thumb Code   306  stm32f2xx_ll_usb.o(i.USB_DevInit)
    USB_DisableGlobalInt                     0x08002ba9   Thumb Code    12  stm32f2xx_ll_usb.o(i.USB_DisableGlobalInt)
    USB_EP0StartXfer                         0x08002bb5   Thumb Code   316  stm32f2xx_ll_usb.o(i.USB_EP0StartXfer)
    USB_EP0_OutStart                         0x08002cf5   Thumb Code    62  stm32f2xx_ll_usb.o(i.USB_EP0_OutStart)
    USB_EPClearStall                         0x08002d33   Thumb Code   100  stm32f2xx_ll_usb.o(i.USB_EPClearStall)
    USB_EPSetStall                           0x08002d97   Thumb Code    94  stm32f2xx_ll_usb.o(i.USB_EPSetStall)
    USB_EPStartXfer                          0x08002df5   Thumb Code   534  stm32f2xx_ll_usb.o(i.USB_EPStartXfer)
    USB_EnableGlobalInt                      0x08003011   Thumb Code    12  stm32f2xx_ll_usb.o(i.USB_EnableGlobalInt)
    USB_FlushRxFifo                          0x0800301d   Thumb Code    28  stm32f2xx_ll_usb.o(i.USB_FlushRxFifo)
    USB_FlushTxFifo                          0x0800303d   Thumb Code    32  stm32f2xx_ll_usb.o(i.USB_FlushTxFifo)
    USB_GetDevSpeed                          0x08003061   Thumb Code    60  stm32f2xx_ll_usb.o(i.USB_GetDevSpeed)
    USB_GetMode                              0x0800309d   Thumb Code     8  stm32f2xx_ll_usb.o(i.USB_GetMode)
    USB_ReadDevAllInEpInterrupt              0x080030a5   Thumb Code    14  stm32f2xx_ll_usb.o(i.USB_ReadDevAllInEpInterrupt)
    USB_ReadDevAllOutEpInterrupt             0x080030b3   Thumb Code    14  stm32f2xx_ll_usb.o(i.USB_ReadDevAllOutEpInterrupt)
    USB_ReadDevInEPInterrupt                 0x080030c1   Thumb Code    30  stm32f2xx_ll_usb.o(i.USB_ReadDevInEPInterrupt)
    USB_ReadDevOutEPInterrupt                0x080030df   Thumb Code    16  stm32f2xx_ll_usb.o(i.USB_ReadDevOutEPInterrupt)
    USB_ReadInterrupts                       0x080030ef   Thumb Code     8  stm32f2xx_ll_usb.o(i.USB_ReadInterrupts)
    USB_ReadPacket                           0x080030f7   Thumb Code    32  stm32f2xx_ll_usb.o(i.USB_ReadPacket)
    USB_SetCurrentMode                       0x08003117   Thumb Code    44  stm32f2xx_ll_usb.o(i.USB_SetCurrentMode)
    USB_SetDevAddress                        0x08003143   Thumb Code    34  stm32f2xx_ll_usb.o(i.USB_SetDevAddress)
    USB_WritePacket                          0x08003165   Thumb Code    40  stm32f2xx_ll_usb.o(i.USB_WritePacket)
    UsageFault_Handler                       0x0800318d   Thumb Code     2  stm32f2xx_it.o(i.UsageFault_Handler)
    __scatterload_copy                       0x0800318f   Thumb Code    14  handlers.o(i.__scatterload_copy)
    __scatterload_null                       0x0800319d   Thumb Code     2  handlers.o(i.__scatterload_null)
    __scatterload_zeroinit                   0x0800319f   Thumb Code    14  handlers.o(i.__scatterload_zeroinit)
    free                                     0x080031ad   Thumb Code    76  malloc.o(i.free)
    main                                     0x080031fd   Thumb Code   176  main.o(i.main)
    malloc                                   0x080032c1   Thumb Code    92  malloc.o(i.malloc)
    AHBPrescTable                            0x0800332c   Data          16  system_stm32f2xx.o(.constdata)
    Region$$Table$$Base                      0x0800333c   Number         0  anon$$obj.o(Region$$Table)
    Region$$Table$$Limit                     0x0800335c   Number         0  anon$$obj.o(Region$$Table)
    keyDone                                  0x20000006   Data           1  app.o(.data)
    hid_Buffer                               0x20000010   Data           9  main.o(.data)
    hid_init_Buffer                          0x20000019   Data           9  main.o(.data)
    FS_Desc                                  0x20000024   Data          28  usbd_desc.o(.data)
    USBD_LangIDDesc                          0x20000040   Data           4  usbd_desc.o(.data)
    USBD_FS_DeviceDesc                       0x20000044   Data          18  usbd_desc.o(.data)
    USBD_StringSerial                        0x20000058   Data          26  usbd_desc.o(.data)
    uwTick                                   0x20000074   Data           4  stm32f2xx_hal.o(.data)
    SystemCoreClock                          0x20000078   Data           4  system_stm32f2xx.o(.data)
    USBD_HID                                 0x20000080   Data          56  usbd_hid.o(.data)
    usbrxbuffer                              0x200000b8   Data           8  usbd_hid.o(.data)
    __microlib_freelist                      0x20000180   Data           4  mvars.o(.data)
    __microlib_freelist_initialised          0x20000184   Data           4  mvars.o(.data)
    htim2                                    0x20000194   Data          64  main.o(.bss)
    htim3                                    0x200001d4   Data          64  main.o(.bss)
    htim9                                    0x20000214   Data          64  main.o(.bss)
    hUsbDeviceFS                             0x20000254   Data         548  usb_device.o(.bss)
    hpcd_USB_OTG_FS                          0x20000478   Data        1000  usbd_conf.o(.bss)
    USBD_StrDesc                             0x20000860   Data         512  usbd_desc.o(.bss)
    __heap_base                              0x20000a60   Data           0  startup_stm32f205xx.o(HEAP)
    __heap_limit                             0x20000c60   Data           0  startup_stm32f205xx.o(HEAP)
    __initial_sp                             0x20001060   Data           0  startup_stm32f205xx.o(STACK)



==============================================================================

Memory Map of the image

  Image Entry point : 0x08000185

  Load Region LR_IROM1 (Base: 0x08000000, Size: 0x000034e4, Max: 0x00020000, ABSOLUTE, COMPRESSED[0x00003450])

    Execution Region ER_IROM1 (Exec base: 0x08000000, Load base: 0x08000000, Size: 0x0000335c, Max: 0x00020000, ABSOLUTE)

    Exec Addr    Load Addr    Size         Type   Attr      Idx    E Section Name        Object

    0x08000000   0x08000000   0x00000184   Data   RO            3    RESET               startup_stm32f205xx.o
    0x08000184   0x08000184   0x00000000   Code   RO         3642  * .ARM.Collect$$$$00000000  mc_w.l(entry.o)
    0x08000184   0x08000184   0x00000004   Code   RO         3681    .ARM.Collect$$$$00000001  mc_w.l(entry2.o)
    0x08000188   0x08000188   0x00000004   Code   RO         3684    .ARM.Collect$$$$00000004  mc_w.l(entry5.o)
    0x0800018c   0x0800018c   0x00000000   Code   RO         3686    .ARM.Collect$$$$00000008  mc_w.l(entry7b.o)
    0x0800018c   0x0800018c   0x00000000   Code   RO         3688    .ARM.Collect$$$$0000000A  mc_w.l(entry8b.o)
    0x0800018c   0x0800018c   0x00000008   Code   RO         3689    .ARM.Collect$$$$0000000B  mc_w.l(entry9a.o)
    0x08000194   0x08000194   0x00000000   Code   RO         3691    .ARM.Collect$$$$0000000D  mc_w.l(entry10a.o)
    0x08000194   0x08000194   0x00000000   Code   RO         3693    .ARM.Collect$$$$0000000F  mc_w.l(entry11a.o)
    0x08000194   0x08000194   0x00000004   Code   RO         3682    .ARM.Collect$$$$00002712  mc_w.l(entry2.o)
    0x08000198   0x08000198   0x00000024   Code   RO            4    .text               startup_stm32f205xx.o
    0x080001bc   0x080001bc   0x00000062   Code   RO         3645    .text               mc_w.l(uldiv.o)
    0x0800021e   0x0800021e   0x00000024   Code   RO         3647    .text               mc_w.l(memcpya.o)
    0x08000242   0x08000242   0x00000024   Code   RO         3649    .text               mc_w.l(memseta.o)
    0x08000266   0x08000266   0x0000001e   Code   RO         3695    .text               mc_w.l(llshl.o)
    0x08000284   0x08000284   0x00000020   Code   RO         3697    .text               mc_w.l(llushr.o)
    0x080002a4   0x080002a4   0x00000024   Code   RO         3701    .text               mc_w.l(init.o)
    0x080002c8   0x080002c8   0x00000056   Code   RO         3711    .text               mc_w.l(__dczerorl2.o)
    0x0800031e   0x0800031e   0x00000002   Code   RO          765    i.BusFault_Handler  stm32f2xx_it.o
    0x08000320   0x08000320   0x00000030   Code   RO           13    i.Control           app.o
    0x08000350   0x08000350   0x00000002   Code   RO          766    i.DebugMon_Handler  stm32f2xx_it.o
    0x08000352   0x08000352   0x00000002   Code   RO          184    i.Error_Handler     main.o
    0x08000354   0x08000354   0x0000001c   Code   RO         2306    i.HAL_Delay         stm32f2xx_hal.o
    0x08000370   0x08000370   0x000001c0   Code   RO         3062    i.HAL_GPIO_Init     stm32f2xx_hal_gpio.o
    0x08000530   0x08000530   0x0000000a   Code   RO         3064    i.HAL_GPIO_ReadPin  stm32f2xx_hal_gpio.o
    0x0800053a   0x0800053a   0x00000008   Code   RO         3065    i.HAL_GPIO_TogglePin  stm32f2xx_hal_gpio.o
    0x08000542   0x08000542   0x0000000a   Code   RO         3066    i.HAL_GPIO_WritePin  stm32f2xx_hal_gpio.o
    0x0800054c   0x0800054c   0x0000000c   Code   RO         2312    i.HAL_GetTick       stm32f2xx_hal.o
    0x08000558   0x08000558   0x00000010   Code   RO         2314    i.HAL_IncTick       stm32f2xx_hal.o
    0x08000568   0x08000568   0x00000034   Code   RO         2315    i.HAL_Init          stm32f2xx_hal.o
    0x0800059c   0x0800059c   0x00000028   Code   RO         2316    i.HAL_InitTick      stm32f2xx_hal.o
    0x080005c4   0x080005c4   0x00000030   Code   RO          865    i.HAL_MspInit       stm32f2xx_hal_msp.o
    0x080005f4   0x080005f4   0x00000016   Code   RO         2589    i.HAL_NVIC_EnableIRQ  stm32f2xx_hal_cortex.o
    0x0800060a   0x0800060a   0x00000002   PAD
    0x0800060c   0x0800060c   0x00000040   Code   RO         2595    i.HAL_NVIC_SetPriority  stm32f2xx_hal_cortex.o
    0x0800064c   0x0800064c   0x00000024   Code   RO         2596    i.HAL_NVIC_SetPriorityGrouping  stm32f2xx_hal_cortex.o
    0x08000670   0x08000670   0x00000008   Code   RO          901    i.HAL_PCDEx_SetRxFiFo  stm32f2xx_hal_pcd_ex.o
    0x08000678   0x08000678   0x00000044   Code   RO          902    i.HAL_PCDEx_SetTxFiFo  stm32f2xx_hal_pcd_ex.o
    0x080006bc   0x080006bc   0x00000008   Code   RO          497    i.HAL_PCD_ConnectCallback  usbd_conf.o
    0x080006c4   0x080006c4   0x00000012   Code   RO          498    i.HAL_PCD_DataInStageCallback  usbd_conf.o
    0x080006d6   0x080006d6   0x00000014   Code   RO          499    i.HAL_PCD_DataOutStageCallback  usbd_conf.o
    0x080006ea   0x080006ea   0x00000008   Code   RO          500    i.HAL_PCD_DisconnectCallback  usbd_conf.o
    0x080006f2   0x080006f2   0x00000044   Code   RO          940    i.HAL_PCD_EP_Close  stm32f2xx_hal_pcd.o
    0x08000736   0x08000736   0x00000050   Code   RO          941    i.HAL_PCD_EP_ClrStall  stm32f2xx_hal_pcd.o
    0x08000786   0x08000786   0x00000054   Code   RO          944    i.HAL_PCD_EP_Open   stm32f2xx_hal_pcd.o
    0x080007da   0x080007da   0x00000048   Code   RO          945    i.HAL_PCD_EP_Receive  stm32f2xx_hal_pcd.o
    0x08000822   0x08000822   0x00000060   Code   RO          946    i.HAL_PCD_EP_SetStall  stm32f2xx_hal_pcd.o
    0x08000882   0x08000882   0x00000040   Code   RO          947    i.HAL_PCD_EP_Transmit  stm32f2xx_hal_pcd.o
    0x080008c2   0x080008c2   0x00000002   PAD
    0x080008c4   0x080008c4   0x000004dc   Code   RO          949    i.HAL_PCD_IRQHandler  stm32f2xx_hal_pcd.o
    0x08000da0   0x08000da0   0x00000008   Code   RO          501    i.HAL_PCD_ISOINIncompleteCallback  usbd_conf.o
    0x08000da8   0x08000da8   0x00000008   Code   RO          502    i.HAL_PCD_ISOOUTIncompleteCallback  usbd_conf.o
    0x08000db0   0x08000db0   0x000000be   Code   RO          952    i.HAL_PCD_Init      stm32f2xx_hal_pcd.o
    0x08000e6e   0x08000e6e   0x00000002   PAD
    0x08000e70   0x08000e70   0x00000084   Code   RO          504    i.HAL_PCD_MspInit   usbd_conf.o
    0x08000ef4   0x08000ef4   0x0000002c   Code   RO          505    i.HAL_PCD_ResetCallback  usbd_conf.o
    0x08000f20   0x08000f20   0x00000008   Code   RO          506    i.HAL_PCD_ResumeCallback  usbd_conf.o
    0x08000f28   0x08000f28   0x00000008   Code   RO          507    i.HAL_PCD_SOFCallback  usbd_conf.o
    0x08000f30   0x08000f30   0x00000024   Code   RO          958    i.HAL_PCD_SetAddress  stm32f2xx_hal_pcd.o
    0x08000f54   0x08000f54   0x0000000e   Code   RO          508    i.HAL_PCD_SetupStageCallback  usbd_conf.o
    0x08000f62   0x08000f62   0x0000002a   Code   RO          960    i.HAL_PCD_Start     stm32f2xx_hal_pcd.o
    0x08000f8c   0x08000f8c   0x00000030   Code   RO          509    i.HAL_PCD_SuspendCallback  usbd_conf.o
    0x08000fbc   0x08000fbc   0x00000138   Code   RO         2453    i.HAL_RCC_ClockConfig  stm32f2xx_hal_rcc.o
    0x080010f4   0x080010f4   0x0000000c   Code   RO         2458    i.HAL_RCC_GetHCLKFreq  stm32f2xx_hal_rcc.o
    0x08001100   0x08001100   0x00000064   Code   RO         2462    i.HAL_RCC_GetSysClockFreq  stm32f2xx_hal_rcc.o
    0x08001164   0x08001164   0x000002e4   Code   RO         2465    i.HAL_RCC_OscConfig  stm32f2xx_hal_rcc.o
    0x08001448   0x08001448   0x00000028   Code   RO         2600    i.HAL_SYSTICK_Config  stm32f2xx_hal_cortex.o
    0x08001470   0x08001470   0x00000002   Code   RO         2060    i.HAL_TIMEx_BreakCallback  stm32f2xx_hal_tim_ex.o
    0x08001472   0x08001472   0x00000002   Code   RO         2061    i.HAL_TIMEx_CommutationCallback  stm32f2xx_hal_tim_ex.o
    0x08001474   0x08001474   0x00000050   Code   RO         2077    i.HAL_TIMEx_MasterConfigSynchronization  stm32f2xx_hal_tim_ex.o
    0x080014c4   0x080014c4   0x00000036   Code   RO         1431    i.HAL_TIM_Base_Init  stm32f2xx_hal_tim.o
    0x080014fa   0x080014fa   0x00000002   PAD
    0x080014fc   0x080014fc   0x0000008c   Code   RO          867    i.HAL_TIM_Base_MspInit  stm32f2xx_hal_msp.o
    0x08001588   0x08001588   0x00000018   Code   RO         1436    i.HAL_TIM_Base_Start_IT  stm32f2xx_hal_tim.o
    0x080015a0   0x080015a0   0x000000f2   Code   RO         1440    i.HAL_TIM_ConfigClockSource  stm32f2xx_hal_tim.o
    0x08001692   0x08001692   0x00000002   Code   RO         1460    i.HAL_TIM_IC_CaptureCallback  stm32f2xx_hal_tim.o
    0x08001694   0x08001694   0x00000166   Code   RO         1473    i.HAL_TIM_IRQHandler  stm32f2xx_hal_tim.o
    0x080017fa   0x080017fa   0x00000002   Code   RO         1476    i.HAL_TIM_OC_DelayElapsedCallback  stm32f2xx_hal_tim.o
    0x080017fc   0x080017fc   0x00000002   Code   RO         1503    i.HAL_TIM_PWM_PulseFinishedCallback  stm32f2xx_hal_tim.o
    0x080017fe   0x080017fe   0x00000002   PAD
    0x08001800   0x08001800   0x00000044   Code   RO          185    i.HAL_TIM_PeriodElapsedCallback  main.o
    0x08001844   0x08001844   0x00000002   Code   RO         1514    i.HAL_TIM_TriggerCallback  stm32f2xx_hal_tim.o
    0x08001846   0x08001846   0x00000002   Code   RO          767    i.HardFault_Handler  stm32f2xx_it.o
    0x08001848   0x08001848   0x00000038   Code   RO          692    i.IntToUnicode      usbd_desc.o
    0x08001880   0x08001880   0x000000dc   Code   RO           15    i.Key_ReadIOPin_continuous  app.o
    0x0800195c   0x0800195c   0x000000a4   Code   RO          186    i.MX_GPIO_Init      main.o
    0x08001a00   0x08001a00   0x00000050   Code   RO          187    i.MX_TIM2_Init      main.o
    0x08001a50   0x08001a50   0x00000054   Code   RO          188    i.MX_TIM3_Init      main.o
    0x08001aa4   0x08001aa4   0x00000040   Code   RO          358    i.MX_USB_DEVICE_Init  usb_device.o
    0x08001ae4   0x08001ae4   0x00000002   Code   RO          768    i.MemManage_Handler  stm32f2xx_it.o
    0x08001ae6   0x08001ae6   0x00000002   Code   RO          769    i.NMI_Handler       stm32f2xx_it.o
    0x08001ae8   0x08001ae8   0x00000020   Code   RO         2602    i.NVIC_SetPriority  stm32f2xx_hal_cortex.o
    0x08001b08   0x08001b08   0x0000000c   Code   RO          770    i.OTG_FS_IRQHandler  stm32f2xx_it.o
    0x08001b14   0x08001b14   0x00000088   Code   RO          963    i.PCD_WriteEmptyTxFifo  stm32f2xx_hal_pcd.o
    0x08001b9c   0x08001b9c   0x00000002   Code   RO          771    i.PendSV_Handler    stm32f2xx_it.o
    0x08001b9e   0x08001b9e   0x00000002   Code   RO          772    i.SVC_Handler       stm32f2xx_it.o
    0x08001ba0   0x08001ba0   0x00000004   Code   RO          773    i.SysTick_Handler   stm32f2xx_it.o
    0x08001ba4   0x08001ba4   0x00000050   Code   RO          189    i.SystemClock_Config  main.o
    0x08001bf4   0x08001bf4   0x00000048   Code   RO         3273    i.SystemInit        system_stm32f2xx.o
    0x08001c3c   0x08001c3c   0x0000000c   Code   RO          774    i.TIM1_BRK_TIM9_IRQHandler  stm32f2xx_it.o
    0x08001c48   0x08001c48   0x0000000c   Code   RO          775    i.TIM2_IRQHandler   stm32f2xx_it.o
    0x08001c54   0x08001c54   0x0000000c   Code   RO          776    i.TIM3_IRQHandler   stm32f2xx_it.o
    0x08001c60   0x08001c60   0x000000c8   Code   RO         1515    i.TIM_Base_SetConfig  stm32f2xx_hal_tim.o
    0x08001d28   0x08001d28   0x00000014   Code   RO         1522    i.TIM_ETR_SetConfig  stm32f2xx_hal_tim.o
    0x08001d3c   0x08001d3c   0x00000010   Code   RO         1523    i.TIM_ITRx_SetConfig  stm32f2xx_hal_tim.o
    0x08001d4c   0x08001d4c   0x00000022   Code   RO         1529    i.TIM_TI1_ConfigInputStage  stm32f2xx_hal_tim.o
    0x08001d6e   0x08001d6e   0x00000024   Code   RO         1531    i.TIM_TI2_ConfigInputStage  stm32f2xx_hal_tim.o
    0x08001d92   0x08001d92   0x0000000e   Code   RO         3310    i.USBD_ClrClassConfig  usbd_core.o
    0x08001da0   0x08001da0   0x00000010   Code   RO         3513    i.USBD_CtlContinueRx  usbd_ioreq.o
    0x08001db0   0x08001db0   0x00000010   Code   RO         3514    i.USBD_CtlContinueSendData  usbd_ioreq.o
    0x08001dc0   0x08001dc0   0x00000016   Code   RO         3448    i.USBD_CtlError     usbd_ctlreq.o
    0x08001dd6   0x08001dd6   0x00000016   Code   RO         3516    i.USBD_CtlReceiveStatus  usbd_ioreq.o
    0x08001dec   0x08001dec   0x0000001a   Code   RO         3517    i.USBD_CtlSendData  usbd_ioreq.o
    0x08001e06   0x08001e06   0x00000016   Code   RO         3518    i.USBD_CtlSendStatus  usbd_ioreq.o
    0x08001e1c   0x08001e1c   0x00000020   Code   RO          693    i.USBD_FS_ConfigStrDescriptor  usbd_desc.o
    0x08001e3c   0x08001e3c   0x0000000c   Code   RO          694    i.USBD_FS_DeviceDescriptor  usbd_desc.o
    0x08001e48   0x08001e48   0x00000024   Code   RO          695    i.USBD_FS_InterfaceStrDescriptor  usbd_desc.o
    0x08001e6c   0x08001e6c   0x0000000c   Code   RO          696    i.USBD_FS_LangIDStrDescriptor  usbd_desc.o
    0x08001e78   0x08001e78   0x00000028   Code   RO          697    i.USBD_FS_ManufacturerStrDescriptor  usbd_desc.o
    0x08001ea0   0x08001ea0   0x0000002c   Code   RO          698    i.USBD_FS_ProductStrDescriptor  usbd_desc.o
    0x08001ecc   0x08001ecc   0x00000038   Code   RO          699    i.USBD_FS_SerialStrDescriptor  usbd_desc.o
    0x08001f04   0x08001f04   0x000000e0   Code   RO         3449    i.USBD_GetDescriptor  usbd_ctlreq.o
    0x08001fe4   0x08001fe4   0x00000046   Code   RO         3450    i.USBD_GetString    usbd_ctlreq.o
    0x0800202a   0x0800202a   0x00000018   Code   RO          510    i.USBD_Get_USB_Status  usbd_conf.o
    0x08002042   0x08002042   0x0000000c   Code   RO         3573    i.USBD_HID_DataIn   usbd_hid.o
    0x0800204e   0x0800204e   0x00000002   PAD
    0x08002050   0x08002050   0x0000001c   Code   RO         3574    i.USBD_HID_DataOut  usbd_hid.o
    0x0800206c   0x0800206c   0x0000001e   Code   RO         3575    i.USBD_HID_DeInit   usbd_hid.o
    0x0800208a   0x0800208a   0x00000002   PAD
    0x0800208c   0x0800208c   0x0000000c   Code   RO         3576    i.USBD_HID_GetCfgDesc  usbd_hid.o
    0x08002098   0x08002098   0x0000000c   Code   RO         3577    i.USBD_HID_GetDeviceQualifierDesc  usbd_hid.o
    0x080020a4   0x080020a4   0x000000bc   Code   RO           16    i.USBD_HID_GetPos   app.o
    0x08002160   0x08002160   0x00000034   Code   RO         3579    i.USBD_HID_Init     usbd_hid.o
    0x08002194   0x08002194   0x00000024   Code   RO         3580    i.USBD_HID_SendReport  usbd_hid.o
    0x080021b8   0x080021b8   0x000000a0   Code   RO         3581    i.USBD_HID_Setup    usbd_hid.o
    0x08002258   0x08002258   0x0000002a   Code   RO         3312    i.USBD_Init         usbd_core.o
    0x08002282   0x08002282   0x00000012   Code   RO          511    i.USBD_LL_ClearStallEP  usbd_conf.o
    0x08002294   0x08002294   0x00000012   Code   RO          512    i.USBD_LL_CloseEP   usbd_conf.o
    0x080022a6   0x080022a6   0x000000aa   Code   RO         3313    i.USBD_LL_DataInStage  usbd_core.o
    0x08002350   0x08002350   0x0000006a   Code   RO         3314    i.USBD_LL_DataOutStage  usbd_core.o
    0x080023ba   0x080023ba   0x00000004   Code   RO         3315    i.USBD_LL_DevConnected  usbd_core.o
    0x080023be   0x080023be   0x00000016   Code   RO         3316    i.USBD_LL_DevDisconnected  usbd_core.o
    0x080023d4   0x080023d4   0x0000005c   Code   RO          517    i.USBD_LL_Init      usbd_conf.o
    0x08002430   0x08002430   0x00000020   Code   RO          518    i.USBD_LL_IsStallEP  usbd_conf.o
    0x08002450   0x08002450   0x00000004   Code   RO         3317    i.USBD_LL_IsoINIncomplete  usbd_core.o
    0x08002454   0x08002454   0x00000004   Code   RO         3318    i.USBD_LL_IsoOUTIncomplete  usbd_core.o
    0x08002458   0x08002458   0x00000018   Code   RO          519    i.USBD_LL_OpenEP    usbd_conf.o
    0x08002470   0x08002470   0x00000012   Code   RO          520    i.USBD_LL_PrepareReceive  usbd_conf.o
    0x08002482   0x08002482   0x0000003e   Code   RO         3319    i.USBD_LL_Reset     usbd_core.o
    0x080024c0   0x080024c0   0x0000000c   Code   RO         3320    i.USBD_LL_Resume    usbd_core.o
    0x080024cc   0x080024cc   0x00000018   Code   RO         3321    i.USBD_LL_SOF       usbd_core.o
    0x080024e4   0x080024e4   0x00000006   Code   RO         3322    i.USBD_LL_SetSpeed  usbd_core.o
    0x080024ea   0x080024ea   0x00000012   Code   RO          521    i.USBD_LL_SetUSBAddress  usbd_conf.o
    0x080024fc   0x080024fc   0x0000005a   Code   RO         3323    i.USBD_LL_SetupStage  usbd_core.o
    0x08002556   0x08002556   0x00000012   Code   RO          522    i.USBD_LL_StallEP   usbd_conf.o
    0x08002568   0x08002568   0x00000012   Code   RO          523    i.USBD_LL_Start     usbd_conf.o
    0x0800257a   0x0800257a   0x00000012   Code   RO         3324    i.USBD_LL_Suspend   usbd_core.o
    0x0800258c   0x0800258c   0x00000012   Code   RO          525    i.USBD_LL_Transmit  usbd_conf.o
    0x0800259e   0x0800259e   0x00000028   Code   RO         3451    i.USBD_ParseSetupRequest  usbd_ctlreq.o
    0x080025c6   0x080025c6   0x00000010   Code   RO         3325    i.USBD_RegisterClass  usbd_core.o
    0x080025d6   0x080025d6   0x00000016   Code   RO         3327    i.USBD_SetClassConfig  usbd_core.o
    0x080025ec   0x080025ec   0x00000074   Code   RO         3452    i.USBD_SetConfig    usbd_ctlreq.o
    0x08002660   0x08002660   0x0000000a   Code   RO         3328    i.USBD_Start        usbd_core.o
    0x0800266a   0x0800266a   0x000000f2   Code   RO         3453    i.USBD_StdDevReq    usbd_ctlreq.o
    0x0800275c   0x0800275c   0x000000dc   Code   RO         3454    i.USBD_StdEPReq     usbd_ctlreq.o
    0x08002838   0x08002838   0x00000034   Code   RO         3455    i.USBD_StdItfReq    usbd_ctlreq.o
    0x0800286c   0x0800286c   0x00000080   Code   RO         1147    i.USB_ActivateEndpoint  stm32f2xx_ll_usb.o
    0x080028ec   0x080028ec   0x00000034   Code   RO         1148    i.USB_ActivateSetup  stm32f2xx_ll_usb.o
    0x08002920   0x08002920   0x0000006c   Code   RO         1150    i.USB_CoreInit      stm32f2xx_ll_usb.o
    0x0800298c   0x0800298c   0x00000038   Code   RO         1151    i.USB_CoreReset     stm32f2xx_ll_usb.o
    0x080029c4   0x080029c4   0x0000006e   Code   RO         1153    i.USB_DeactivateEndpoint  stm32f2xx_ll_usb.o
    0x08002a32   0x08002a32   0x00000018   Code   RO         1154    i.USB_DevConnect    stm32f2xx_ll_usb.o
    0x08002a4a   0x08002a4a   0x00000018   Code   RO         1155    i.USB_DevDisconnect  stm32f2xx_ll_usb.o
    0x08002a62   0x08002a62   0x00000002   PAD
    0x08002a64   0x08002a64   0x00000144   Code   RO         1156    i.USB_DevInit       stm32f2xx_ll_usb.o
    0x08002ba8   0x08002ba8   0x0000000c   Code   RO         1157    i.USB_DisableGlobalInt  stm32f2xx_ll_usb.o
    0x08002bb4   0x08002bb4   0x00000140   Code   RO         1160    i.USB_EP0StartXfer  stm32f2xx_ll_usb.o
    0x08002cf4   0x08002cf4   0x0000003e   Code   RO         1161    i.USB_EP0_OutStart  stm32f2xx_ll_usb.o
    0x08002d32   0x08002d32   0x00000064   Code   RO         1162    i.USB_EPClearStall  stm32f2xx_ll_usb.o
    0x08002d96   0x08002d96   0x0000005e   Code   RO         1163    i.USB_EPSetStall    stm32f2xx_ll_usb.o
    0x08002df4   0x08002df4   0x0000021c   Code   RO         1164    i.USB_EPStartXfer   stm32f2xx_ll_usb.o
    0x08003010   0x08003010   0x0000000c   Code   RO         1165    i.USB_EnableGlobalInt  stm32f2xx_ll_usb.o
    0x0800301c   0x0800301c   0x00000020   Code   RO         1166    i.USB_FlushRxFifo   stm32f2xx_ll_usb.o
    0x0800303c   0x0800303c   0x00000024   Code   RO         1167    i.USB_FlushTxFifo   stm32f2xx_ll_usb.o
    0x08003060   0x08003060   0x0000003c   Code   RO         1169    i.USB_GetDevSpeed   stm32f2xx_ll_usb.o
    0x0800309c   0x0800309c   0x00000008   Code   RO         1171    i.USB_GetMode       stm32f2xx_ll_usb.o
    0x080030a4   0x080030a4   0x0000000e   Code   RO         1178    i.USB_ReadDevAllInEpInterrupt  stm32f2xx_ll_usb.o
    0x080030b2   0x080030b2   0x0000000e   Code   RO         1179    i.USB_ReadDevAllOutEpInterrupt  stm32f2xx_ll_usb.o
    0x080030c0   0x080030c0   0x0000001e   Code   RO         1180    i.USB_ReadDevInEPInterrupt  stm32f2xx_ll_usb.o
    0x080030de   0x080030de   0x00000010   Code   RO         1181    i.USB_ReadDevOutEPInterrupt  stm32f2xx_ll_usb.o
    0x080030ee   0x080030ee   0x00000008   Code   RO         1182    i.USB_ReadInterrupts  stm32f2xx_ll_usb.o
    0x080030f6   0x080030f6   0x00000020   Code   RO         1183    i.USB_ReadPacket    stm32f2xx_ll_usb.o
    0x08003116   0x08003116   0x0000002c   Code   RO         1185    i.USB_SetCurrentMode  stm32f2xx_ll_usb.o
    0x08003142   0x08003142   0x00000022   Code   RO         1186    i.USB_SetDevAddress  stm32f2xx_ll_usb.o
    0x08003164   0x08003164   0x00000028   Code   RO         1190    i.USB_WritePacket   stm32f2xx_ll_usb.o
    0x0800318c   0x0800318c   0x00000002   Code   RO          777    i.UsageFault_Handler  stm32f2xx_it.o
    0x0800318e   0x0800318e   0x0000000e   Code   RO         3705    i.__scatterload_copy  mc_w.l(handlers.o)
    0x0800319c   0x0800319c   0x00000002   Code   RO         3706    i.__scatterload_null  mc_w.l(handlers.o)
    0x0800319e   0x0800319e   0x0000000e   Code   RO         3707    i.__scatterload_zeroinit  mc_w.l(handlers.o)
    0x080031ac   0x080031ac   0x00000050   Code   RO         3653    i.free              mc_w.l(malloc.o)
    0x080031fc   0x080031fc   0x000000c4   Code   RO          190    i.main              main.o
    0x080032c0   0x080032c0   0x0000006c   Code   RO         3654    i.malloc            mc_w.l(malloc.o)
    0x0800332c   0x0800332c   0x00000010   Data   RO         3274    .constdata          system_stm32f2xx.o
    0x0800333c   0x0800333c   0x00000020   Data   RO         3703    Region$$Table       anon$$obj.o


    Execution Region RW_IRAM1 (Exec base: 0x20000000, Load base: 0x0800335c, Size: 0x00001060, Max: 0x00010000, ABSOLUTE, COMPRESSED[0x000000f4])

    Exec Addr    Load Addr    Size         Type   Attr      Idx    E Section Name        Object

    0x20000000   COMPRESSED   0x0000000c   Data   RW           19    .data               app.o
    0x2000000c   COMPRESSED   0x00000016   Data   RW          193    .data               main.o
    0x20000022   COMPRESSED   0x00000002   PAD
    0x20000024   COMPRESSED   0x0000001c   Data   RW          701    .data               usbd_desc.o
    0x20000040   COMPRESSED   0x00000032   Data   RW          702    .data               usbd_desc.o
    0x20000072   COMPRESSED   0x00000002   PAD
    0x20000074   COMPRESSED   0x00000004   Data   RW         2321    .data               stm32f2xx_hal.o
    0x20000078   COMPRESSED   0x00000004   Data   RW         3276    .data               system_stm32f2xx.o
    0x2000007c   COMPRESSED   0x00000001   Data   RW         3456    .data               usbd_ctlreq.o
    0x2000007d   COMPRESSED   0x00000003   PAD
    0x20000080   COMPRESSED   0x00000038   Data   RW         3582    .data               usbd_hid.o
    0x200000b8   COMPRESSED   0x000000c5   Data   RW         3583    .data               usbd_hid.o
    0x2000017d   COMPRESSED   0x00000003   PAD
    0x20000180   COMPRESSED   0x00000004   Data   RW         3699    .data               mc_w.l(mvars.o)
    0x20000184   COMPRESSED   0x00000004   Data   RW         3700    .data               mc_w.l(mvars.o)
    0x20000188        -       0x00000009   Zero   RW           18    .bss                app.o
    0x20000191   COMPRESSED   0x00000003   PAD
    0x20000194        -       0x000000c0   Zero   RW          191    .bss                main.o
    0x20000254        -       0x00000224   Zero   RW          359    .bss                usb_device.o
    0x20000478        -       0x000003e8   Zero   RW          526    .bss                usbd_conf.o
    0x20000860        -       0x00000200   Zero   RW          700    .bss                usbd_desc.o
    0x20000a60        -       0x00000200   Zero   RW            2    HEAP                startup_stm32f205xx.o
    0x20000c60        -       0x00000400   Zero   RW            1    STACK               startup_stm32f205xx.o


==============================================================================

Image component sizes


      Code (inc. data)   RO Data    RW Data    ZI Data      Debug   Object Name

       456         40          0         12          9      13418   app.o
       674         72          0         22        192     598490   main.o
        36          8        388          0       1536        804   startup_stm32f205xx.o
       148         22          0          4          0       4083   stm32f2xx_hal.o
       194         14          0          0          0      27415   stm32f2xx_hal_cortex.o
       476         50          0          0          0       3588   stm32f2xx_hal_gpio.o
       188         20          0          0          0       1541   stm32f2xx_hal_msp.o
      2112         74          0          0          0      10365   stm32f2xx_hal_pcd.o
        76          0          0          0          0       1800   stm32f2xx_hal_pcd_ex.o
      1164         54          0          0          0       4206   stm32f2xx_hal_rcc.o
       992         44          0          0          0       9479   stm32f2xx_hal_tim.o
        84          0          0          0          0       2334   stm32f2xx_hal_tim_ex.o
        68         24          0          0          0       5505   stm32f2xx_it.o
      2334         52          0          0          0      19348   stm32f2xx_ll_usb.o
        72         18         16          4          0       1151   system_stm32f2xx.o
        64         12          0          0        548     601016   usb_device.o
       622         18          0          0       1000      13624   usbd_conf.o
       626          0          0          0          0      11482   usbd_core.o
       986         30          0          1          0       7748   usbd_ctlreq.o
       288        104          0         78        512       5665   usbd_desc.o
       342         16          0        253          0       7365   usbd_hid.o
       102          0          0          0          0       3660   usbd_ioreq.o

    ----------------------------------------------------------------------
     12120        672        436        384       3800    1354087   Object Totals
         0          0         32          0          0          0   (incl. Generated)
        16          0          0         10          3          0   (incl. Padding)

    ----------------------------------------------------------------------

      Code (inc. data)   RO Data    RW Data    ZI Data      Debug   Library Member Name

        86          0          0          0          0          0   __dczerorl2.o
         0          0          0          0          0          0   entry.o
         0          0          0          0          0          0   entry10a.o
         0          0          0          0          0          0   entry11a.o
         8          4          0          0          0          0   entry2.o
         4          0          0          0          0          0   entry5.o
         0          0          0          0          0          0   entry7b.o
         0          0          0          0          0          0   entry8b.o
         8          4          0          0          0          0   entry9a.o
        30          0          0          0          0          0   handlers.o
        36          8          0          0          0         68   init.o
        30          0          0          0          0         68   llshl.o
        32          0          0          0          0         68   llushr.o
       188         20          0          0          0        160   malloc.o
        36          0          0          0          0         68   memcpya.o
        36          0          0          0          0        108   memseta.o
         0          0          0          8          0          0   mvars.o
        98          0          0          0          0         92   uldiv.o

    ----------------------------------------------------------------------
       592         36          0          8          0        632   Library Totals
         0          0          0          0          0          0   (incl. Padding)

    ----------------------------------------------------------------------

      Code (inc. data)   RO Data    RW Data    ZI Data      Debug   Library Name

       592         36          0          8          0        632   mc_w.l

    ----------------------------------------------------------------------
       592         36          0          8          0        632   Library Totals

    ----------------------------------------------------------------------

==============================================================================


      Code (inc. data)   RO Data    RW Data    ZI Data      Debug   

     12712        708        436        392       3800    1346059   Grand Totals
     12712        708        436        244       3800    1346059   ELF Image Totals (compressed)
     12712        708        436        244          0          0   ROM Totals

==============================================================================

    Total RO  Size (Code + RO Data)                13148 (  12.84kB)
    Total RW  Size (RW Data + ZI Data)              4192 (   4.09kB)
    Total ROM Size (Code + RO Data + RW Data)      13392 (  13.08kB)

==============================================================================

