Component: ARM Compiler 5.06 update 6 (build 750) Tool: armlink [4d35ed]

==============================================================================

Section Cross References

    startup_stm32f205xx.o(RESET) refers to startup_stm32f205xx.o(STACK) for __initial_sp
    startup_stm32f205xx.o(RESET) refers to startup_stm32f205xx.o(.text) for Reset_Handler
    startup_stm32f205xx.o(RESET) refers to stm32f2xx_it.o(i.NMI_Handler) for NMI_Handler
    startup_stm32f205xx.o(RESET) refers to stm32f2xx_it.o(i.HardFault_Handler) for HardFault_Handler
    startup_stm32f205xx.o(RESET) refers to stm32f2xx_it.o(i.MemManage_Handler) for MemManage_Handler
    startup_stm32f205xx.o(RESET) refers to stm32f2xx_it.o(i.BusFault_Handler) for BusFault_Handler
    startup_stm32f205xx.o(RESET) refers to stm32f2xx_it.o(i.UsageFault_Handler) for UsageFault_Handler
    startup_stm32f205xx.o(RESET) refers to stm32f2xx_it.o(i.SVC_Handler) for SVC_Handler
    startup_stm32f205xx.o(RESET) refers to stm32f2xx_it.o(i.DebugMon_Handler) for DebugMon_Handler
    startup_stm32f205xx.o(RESET) refers to stm32f2xx_it.o(i.PendSV_Handler) for PendSV_Handler
    startup_stm32f205xx.o(RESET) refers to stm32f2xx_it.o(i.SysTick_Handler) for SysTick_Handler
    startup_stm32f205xx.o(RESET) refers to stm32f2xx_it.o(i.TIM1_BRK_TIM9_IRQHandler) for TIM1_BRK_TIM9_IRQHandler
    startup_stm32f205xx.o(RESET) refers to stm32f2xx_it.o(i.TIM2_IRQHandler) for TIM2_IRQHandler
    startup_stm32f205xx.o(RESET) refers to stm32f2xx_it.o(i.TIM3_IRQHandler) for TIM3_IRQHandler
    startup_stm32f205xx.o(RESET) refers to stm32f2xx_it.o(i.OTG_FS_IRQHandler) for OTG_FS_IRQHandler
    startup_stm32f205xx.o(.text) refers to system_stm32f2xx.o(i.SystemInit) for SystemInit
    startup_stm32f205xx.o(.text) refers to entry.o(.ARM.Collect$$$$00000000) for __main
    app.o(i.Control) refers to app.o(i.USBD_HID_GetPos) for USBD_HID_GetPos
    app.o(i.Control) refers to usbd_hid.o(i.USBD_HID_SendReport) for USBD_HID_SendReport
    app.o(i.Control) refers to app.o(.data) for .data
    app.o(i.Control) refers to usb_device.o(.bss) for hUsbDeviceFS
    app.o(i.InfraredControl) refers to main.o(i.GetInfraredKey) for GetInfraredKey
    app.o(i.InfraredControl) refers to app.o(i.Package) for Package
    app.o(i.InfraredControl) refers to usbd_hid.o(i.USBD_HID_SendReport) for USBD_HID_SendReport
    app.o(i.InfraredControl) refers to usb_device.o(.bss) for hUsbDeviceFS
    app.o(i.Key_ReadIOPin) refers to stm32f2xx_hal_gpio.o(i.HAL_GPIO_ReadPin) for HAL_GPIO_ReadPin
    app.o(i.Package) refers to app.o(.bss) for .bss
    app.o(i.USBD_HID_GetPos) refers to app.o(i.Key_ReadIOPin) for Key_ReadIOPin
    app.o(i.USBD_HID_GetPos) refers to app.o(.data) for .data
    app.o(i.getValue) refers to app.o(.data) for .data
    main.o(i.GetInfraredKey) refers to main.o(.data) for .data
    main.o(i.HAL_TIM_IC_CaptureCallback) refers to stm32f2xx_hal_tim.o(i.HAL_TIM_ReadCapturedValue) for HAL_TIM_ReadCapturedValue
    main.o(i.HAL_TIM_IC_CaptureCallback) refers to main.o(.data) for .data
    main.o(i.HAL_TIM_IC_CaptureCallback) refers to main.o(.bss) for .bss
    main.o(i.HAL_TIM_PeriodElapsedCallback) refers to stm32f2xx_hal_gpio.o(i.HAL_GPIO_ReadPin) for HAL_GPIO_ReadPin
    main.o(i.HAL_TIM_PeriodElapsedCallback) refers to main.o(.data) for .data
    main.o(i.MX_GPIO_Init) refers to memseta.o(.text) for __aeabi_memclr4
    main.o(i.MX_GPIO_Init) refers to stm32f2xx_hal_gpio.o(i.HAL_GPIO_WritePin) for HAL_GPIO_WritePin
    main.o(i.MX_GPIO_Init) refers to stm32f2xx_hal_gpio.o(i.HAL_GPIO_Init) for HAL_GPIO_Init
    main.o(i.MX_TIM2_Init) refers to stm32f2xx_hal_tim.o(i.HAL_TIM_Base_Init) for HAL_TIM_Base_Init
    main.o(i.MX_TIM2_Init) refers to stm32f2xx_hal_tim.o(i.HAL_TIM_ConfigClockSource) for HAL_TIM_ConfigClockSource
    main.o(i.MX_TIM2_Init) refers to stm32f2xx_hal_tim_ex.o(i.HAL_TIMEx_MasterConfigSynchronization) for HAL_TIMEx_MasterConfigSynchronization
    main.o(i.MX_TIM2_Init) refers to main.o(.bss) for .bss
    main.o(i.MX_TIM3_Init) refers to stm32f2xx_hal_tim.o(i.HAL_TIM_Base_Init) for HAL_TIM_Base_Init
    main.o(i.MX_TIM3_Init) refers to stm32f2xx_hal_tim.o(i.HAL_TIM_ConfigClockSource) for HAL_TIM_ConfigClockSource
    main.o(i.MX_TIM3_Init) refers to stm32f2xx_hal_tim_ex.o(i.HAL_TIMEx_MasterConfigSynchronization) for HAL_TIMEx_MasterConfigSynchronization
    main.o(i.MX_TIM3_Init) refers to main.o(.bss) for .bss
    main.o(i.MX_TIM9_Init) refers to stm32f2xx_hal_tim.o(i.HAL_TIM_IC_Init) for HAL_TIM_IC_Init
    main.o(i.MX_TIM9_Init) refers to stm32f2xx_hal_tim.o(i.HAL_TIM_IC_ConfigChannel) for HAL_TIM_IC_ConfigChannel
    main.o(i.MX_TIM9_Init) refers to main.o(.bss) for .bss
    main.o(i.SystemClock_Config) refers to memseta.o(.text) for __aeabi_memclr4
    main.o(i.SystemClock_Config) refers to stm32f2xx_hal_rcc.o(i.HAL_RCC_OscConfig) for HAL_RCC_OscConfig
    main.o(i.SystemClock_Config) refers to stm32f2xx_hal_rcc.o(i.HAL_RCC_ClockConfig) for HAL_RCC_ClockConfig
[...]
    ..\Drivers\STM32F2xx_HAL_Driver\Src\stm32f2xx_hal_tim_ex.c 0x00000000   Number         0  stm32f2xx_hal_tim_ex.o ABSOLUTE
    ..\Drivers\STM32F2xx_HAL_Driver\Src\stm32f2xx_ll_usb.c 0x00000000   Number         0  stm32f2xx_ll_usb.o ABSOLUTE
    ..\Middlewares\ST\STM32_USB_Device_Library\Class\HID\Src\usbd_hid.c 0x00000000   Number         0  usbd_hid.o ABSOLUTE
    ..\Middlewares\ST\STM32_USB_Device_Library\Core\Src\usbd_core.c 0x00000000   Number         0  usbd_core.o ABSOLUTE
    ..\Middlewares\ST\STM32_USB_Device_Library\Core\Src\usbd_ctlreq.c 0x00000000   Number         0  usbd_ctlreq.o ABSOLUTE
    ..\Middlewares\ST\STM32_USB_Device_Library\Core\Src\usbd_ioreq.c 0x00000000   Number         0  usbd_ioreq.o ABSOLUTE
    ..\Src\main.c                            0x00000000   Number         0  main.o ABSOLUTE
    ..\Src\stm32f2xx_hal_msp.c               0x00000000   Number         0  stm32f2xx_hal_msp.o ABSOLUTE
    ..\Src\stm32f2xx_it.c                    0x00000000   Number         0  stm32f2xx_it.o ABSOLUTE
    ..\Src\system_stm32f2xx.c                0x00000000   Number         0  system_stm32f2xx.o ABSOLUTE
    ..\Src\usb_device.c                      0x00000000   Number         0  usb_device.o ABSOLUTE
    ..\Src\usbd_conf.c                       0x00000000   Number         0  usbd_conf.o ABSOLUTE
    ..\Src\usbd_desc.c                       0x00000000   Number         0  usbd_desc.o ABSOLUTE
    app.c                                    0x00000000   Number         0  app.o ABSOLUTE
    app.c                                    0x00000000   Number         0  app.o ABSOLUTE
    dc.s                                     0x00000000   Number         0  dc.o ABSOLUTE
    handlers.s                               0x00000000   Number         0  handlers.o ABSOLUTE
    init.s                                   0x00000000   Number         0  init.o ABSOLUTE
    startup_stm32f205xx.s                    0x00000000   Number         0  startup_stm32f205xx.o ABSOLUTE
    RESET                                    0x08000000   Section      388  startup_stm32f205xx.o(RESET)
    .ARM.Collect$$$$00000000                 0x08000184   Section        0  entry.o(.ARM.Collect$$$$00000000)
    .ARM.Collect$$$$00000001                 0x08000184   Section        4  entry2.o(.ARM.Collect$$$$00000001)
    .ARM.Collect$$$$00000004                 0x08000188   Section        4  entry5.o(.ARM.Collect$$$$00000004)
    .ARM.Collect$$$$00000008                 0x0800018c   Section        0  entry7b.o(.ARM.Collect$$$$00000008)
    .ARM.Collect$$$$0000000A                 0x0800018c   Section        0  entry8b.o(.ARM.Collect$$$$0000000A)
    .ARM.Collect$$$$0000000B                 0x0800018c   Section        8  entry9a.o(.ARM.Collect$$$$0000000B)
    .ARM.Collect$$$$0000000D                 0x08000194   Section        0  entry10a.o(.ARM.Collect$$$$0000000D)
    .ARM.Collect$$$$0000000F                 0x08000194   Section        0  entry11a.o(.ARM.Collect$$$$0000000F)
    .ARM.Collect$$$$00002712                 0x08000194   Section        4  entry2.o(.ARM.Collect$$$$00002712)
    __lit__00000000                          0x08000194   Data           4  entry2.o(.ARM.Collect$$$$00002712)
    .text                                    0x08000198   Section       36  startup_stm32f205xx.o(.text)
    .text                                    0x080001bc   Section        0  uldiv.o(.text)
    .text                                    0x0800021e   Section        0  memcpya.o(.text)
    .text                                    0x08000242   Section        0  memseta.o(.text)
    .text                                    0x08000266   Section        0  llshl.o(.text)
    .text                                    0x08000284   Section        0  llushr.o(.text)
    .text                                    0x080002a4   Section       36  init.o(.text)
    .text                                    0x080002c8   Section        0  __dczerorl2.o(.text)
    i.BusFault_Handler                       0x0800031e   Section        0  stm32f2xx_it.o(i.BusFault_Handler)
    i.Control                                0x08000320   Section        0  app.o(i.Control)
    i.DebugMon_Handler                       0x08000350   Section        0  stm32f2xx_it.o(i.DebugMon_Handler)
    i.Error_Handler                          0x08000352   Section        0  main.o(i.Error_Handler)
    i.GetInfraredKey                         0x08000354   Section        0  main.o(i.GetInfraredKey)
    i.HAL_Delay                              0x08000378   Section        0  stm32f2xx_hal.o(i.HAL_Delay)
    i.HAL_GPIO_Init                          0x08000394   Section        0  stm32f2xx_hal_gpio.o(i.HAL_GPIO_Init)
    i.HAL_GPIO_ReadPin                       0x08000554   Section        0  stm32f2xx_hal_gpio.o(i.HAL_GPIO_ReadPin)
    i.HAL_GPIO_WritePin                      0x0800055e   Section        0  stm32f2xx_hal_gpio.o(i.HAL_GPIO_WritePin)
    i.HAL_GetTick                            0x08000568   Section        0  stm32f2xx_hal.o(i.HAL_GetTick)
    i.HAL_IncTick                            0x08000574   Section        0  stm32f2xx_hal.o(i.HAL_IncTick)
    i.HAL_Init                               0x08000584   Section        0  stm32f2xx_hal.o(i.HAL_Init)
    i.HAL_InitTick                           0x080005b8   Section        0  stm32f2xx_hal.o(i.HAL_InitTick)
    i.HAL_MspInit                            0x080005e0   Section        0  stm32f2xx_hal_msp.o(i.HAL_MspInit)
    i.HAL_NVIC_EnableIRQ                     0x08000610   Section        0  stm32f2xx_hal_cortex.o(i.HAL_NVIC_EnableIRQ)
    i.HAL_NVIC_SetPriority                   0x08000628   Section        0  stm32f2xx_hal_cortex.o(i.HAL_NVIC_SetPriority)
    i.HAL_NVIC_SetPriorityGrouping           0x08000668   Section        0  stm32f2xx_hal_cortex.o(i.HAL_NVIC_SetPriorityGrouping)
    i.HAL_PCDEx_SetRxFiFo                    0x0800068c   Section        0  stm32f2xx_hal_pcd_ex.o(i.HAL_PCDEx_SetRxFiFo)
    i.HAL_PCDEx_SetTxFiFo                    0x08000694   Section        0  stm32f2xx_hal_pcd_ex.o(i.HAL_PCDEx_SetTxFiFo)
    i.HAL_PCD_ConnectCallback                0x080006d8   Section        0  usbd_conf.o(i.HAL_PCD_ConnectCallback)
    i.HAL_PCD_DataInStageCallback            0x080006e0   Section        0  usbd_conf.o(i.HAL_PCD_DataInStageCallback)
    i.HAL_PCD_DataOutStageCallback           0x080006f2   Section        0  usbd_conf.o(i.HAL_PCD_DataOutStageCallback)
    i.HAL_PCD_DisconnectCallback             0x08000706   Section        0  usbd_conf.o(i.HAL_PCD_DisconnectCallback)
    i.HAL_PCD_EP_Close                       0x0800070e   Section        0  stm32f2xx_hal_pcd.o(i.HAL_PCD_EP_Close)
    i.HAL_PCD_EP_ClrStall                    0x08000752   Section        0  stm32f2xx_hal_pcd.o(i.HAL_PCD_EP_ClrStall)
    i.HAL_PCD_EP_Open                        0x080007a2   Section        0  stm32f2xx_hal_pcd.o(i.HAL_PCD_EP_Open)
    i.HAL_PCD_EP_Receive                     0x080007f6   Section        0  stm32f2xx_hal_pcd.o(i.HAL_PCD_EP_Receive)
    i.HAL_PCD_EP_SetStall                    0x0800083e   Section        0  stm32f2xx_hal_pcd.o(i.HAL_PCD_EP_SetStall)
    i.HAL_PCD_EP_Transmit                    0x0800089e   Section        0  stm32f2xx_hal_pcd.o(i.HAL_PCD_EP_Transmit)
    i.HAL_PCD_IRQHandler                     0x080008e0   Section        0  stm32f2xx_hal_pcd.o(i.HAL_PCD_IRQHandler)
    i.HAL_PCD_ISOINIncompleteCallback        0x08000dbc   Section        0  usbd_conf.o(i.HAL_PCD_ISOINIncompleteCallback)
    i.HAL_PCD_ISOOUTIncompleteCallback       0x08000dc4   Section        0  usbd_conf.o(i.HAL_PCD_ISOOUTIncompleteCallback)
    i.HAL_PCD_Init                           0x08000dcc   Section        0  stm32f2xx_hal_pcd.o(i.HAL_PCD_Init)
    i.HAL_PCD_MspInit                        0x08000e8c   Section        0  usbd_conf.o(i.HAL_PCD_MspInit)
    i.HAL_PCD_ResetCallback                  0x08000f10   Section        0  usbd_conf.o(i.HAL_PCD_ResetCallback)
    i.HAL_PCD_ResumeCallback                 0x08000f3c   Section        0  usbd_conf.o(i.HAL_PCD_ResumeCallback)
    i.HAL_PCD_SOFCallback                    0x08000f44   Section        0  usbd_conf.o(i.HAL_PCD_SOFCallback)
    i.HAL_PCD_SetAddress                     0x08000f4c   Section        0  stm32f2xx_hal_pcd.o(i.HAL_PCD_SetAddress)
    i.HAL_PCD_SetupStageCallback             0x08000f70   Section        0  usbd_conf.o(i.HAL_PCD_SetupStageCallback)
    i.HAL_PCD_Start                          0x08000f7e   Section        0  stm32f2xx_hal_pcd.o(i.HAL_PCD_Start)
    i.HAL_PCD_SuspendCallback                0x08000fa8   Section        0  usbd_conf.o(i.HAL_PCD_SuspendCallback)
    i.HAL_RCC_ClockConfig                    0x08000fd8   Section        0  stm32f2xx_hal_rcc.o(i.HAL_RCC_ClockConfig)
    i.HAL_RCC_GetHCLKFreq                    0x08001110   Section        0  stm32f2xx_hal_rcc.o(i.HAL_RCC_GetHCLKFreq)
    i.HAL_RCC_GetSysClockFreq                0x0800111c   Section        0  stm32f2xx_hal_rcc.o(i.HAL_RCC_GetSysClockFreq)
    i.HAL_RCC_OscConfig                      0x08001180   Section        0  stm32f2xx_hal_rcc.o(i.HAL_RCC_OscConfig)
    i.HAL_SYSTICK_Config                     0x08001464   Section        0  stm32f2xx_hal_cortex.o(i.HAL_SYSTICK_Config)
    i.HAL_TIMEx_BreakCallback                0x0800148c   Section        0  stm32f2xx_hal_tim_ex.o(i.HAL_TIMEx_BreakCallback)
    i.HAL_TIMEx_CommutationCallback          0x0800148e   Section        0  stm32f2xx_hal_tim_ex.o(i.HAL_TIMEx_CommutationCallback)
    i.HAL_TIMEx_MasterConfigSynchronization  0x08001490   Section        0  stm32f2xx_hal_tim_ex.o(i.HAL_TIMEx_MasterConfigSynchronization)
    i.HAL_TIM_Base_Init                      0x080014e0   Section        0  stm32f2xx_hal_tim.o(i.HAL_TIM_Base_Init)
    i.HAL_TIM_Base_MspInit                   0x08001518   Section        0  stm32f2xx_hal_msp.o(i.HAL_TIM_Base_MspInit)
    i.HAL_TIM_Base_Start_IT                  0x08001578   Section        0  stm32f2xx_hal_tim.o(i.HAL_TIM_Base_Start_IT)
    i.HAL_TIM_ConfigClockSource              0x08001590   Section        0  stm32f2xx_hal_tim.o(i.HAL_TIM_ConfigClockSource)
    i.HAL_TIM_IC_CaptureCallback             0x08001684   Section        0  main.o(i.HAL_TIM_IC_CaptureCallback)
    i.HAL_TIM_IC_ConfigChannel               0x0800178c   Section        0  stm32f2xx_hal_tim.o(i.HAL_TIM_IC_ConfigChannel)
    i.HAL_TIM_IC_Init                        0x080018aa   Section        0  stm32f2xx_hal_tim.o(i.HAL_TIM_IC_Init)
    i.HAL_TIM_IC_MspInit                     0x080018e0   Section        0  stm32f2xx_hal_msp.o(i.HAL_TIM_IC_MspInit)
    i.HAL_TIM_IC_Start_IT                    0x08001958   Section        0  stm32f2xx_hal_tim.o(i.HAL_TIM_IC_Start_IT)
    i.HAL_TIM_IRQHandler                     0x080019a4   Section        0  stm32f2xx_hal_tim.o(i.HAL_TIM_IRQHandler)
    i.HAL_TIM_OC_DelayElapsedCallback        0x08001b0a   Section        0  stm32f2xx_hal_tim.o(i.HAL_TIM_OC_DelayElapsedCallback)
    i.HAL_TIM_PWM_PulseFinishedCallback      0x08001b0c   Section        0  stm32f2xx_hal_tim.o(i.HAL_TIM_PWM_PulseFinishedCallback)
    i.HAL_TIM_PeriodElapsedCallback          0x08001b10   Section        0  main.o(i.HAL_TIM_PeriodElapsedCallback)
    i.HAL_TIM_ReadCapturedValue              0x08001b98   Section        0  stm32f2xx_hal_tim.o(i.HAL_TIM_ReadCapturedValue)
    i.HAL_TIM_TriggerCallback                0x08001bdc   Section        0  stm32f2xx_hal_tim.o(i.HAL_TIM_TriggerCallback)
    i.HardFault_Handler                      0x08001bde   Section        0  stm32f2xx_it.o(i.HardFault_Handler)
    i.InfraredControl                        0x08001be0   Section        0  app.o(i.InfraredControl)
    i.IntToUnicode                           0x08001bfc   Section        0  usbd_desc.o(i.IntToUnicode)
    IntToUnicode                             0x08001bfd   Thumb Code    56  usbd_desc.o(i.IntToUnicode)
    i.Key_ReadIOPin                          0x08001c34   Section        0  app.o(i.Key_ReadIOPin)
    i.MX_GPIO_Init                           0x08001d10   Section        0  main.o(i.MX_GPIO_Init)
    MX_GPIO_Init                             0x08001d11   Thumb Code   146  main.o(i.MX_GPIO_Init)
    i.MX_TIM2_Init                           0x08001db4   Section        0  main.o(i.MX_TIM2_Init)
    MX_TIM2_Init                             0x08001db5   Thumb Code    74  main.o(i.MX_TIM2_Init)
    i.MX_TIM3_Init                           0x08001e04   Section        0  main.o(i.MX_TIM3_Init)
    MX_TIM3_Init                             0x08001e05   Thumb Code    74  main.o(i.MX_TIM3_Init)
    i.MX_TIM9_Init                           0x08001e58   Section        0  main.o(i.MX_TIM9_Init)
    MX_TIM9_Init                             0x08001e59   Thumb Code    60  main.o(i.MX_TIM9_Init)
    i.MX_USB_DEVICE_Init                     0x08001e9c   Section        0  usb_device.o(i.MX_USB_DEVICE_Init)
    i.MemManage_Handler                      0x08001edc   Section        0  stm32f2xx_it.o(i.MemManage_Handler)
    i.NMI_Handler                            0x08001ede   Section        0  stm32f2xx_it.o(i.NMI_Handler)
    i.NVIC_SetPriority                       0x08001ee0   Section        0  stm32f2xx_hal_cortex.o(i.NVIC_SetPriority)
    NVIC_SetPriority                         0x08001ee1   Thumb Code    32  stm32f2xx_hal_cortex.o(i.NVIC_SetPriority)
    i.OTG_FS_IRQHandler                      0x08001f00   Section        0  stm32f2xx_it.o(i.OTG_FS_IRQHandler)
    i.PCD_WriteEmptyTxFifo                   0x08001f0c   Section        0  stm32f2xx_hal_pcd.o(i.PCD_WriteEmptyTxFifo)
    PCD_WriteEmptyTxFifo                     0x08001f0d   Thumb Code   136  stm32f2xx_hal_pcd.o(i.PCD_WriteEmptyTxFifo)
    i.Package                                0x08001f94   Section        0  app.o(i.Package)
    Package                                  0x08001f95   Thumb Code   246  app.o(i.Package)
    i.PendSV_Handler                         0x08002090   Section        0  stm32f2xx_it.o(i.PendSV_Handler)
    i.SVC_Handler                            0x08002092   Section        0  stm32f2xx_it.o(i.SVC_Handler)
    i.SysTick_Handler                        0x08002094   Section        0  stm32f2xx_it.o(i.SysTick_Handler)
    i.SystemClock_Config                     0x08002098   Section        0  main.o(i.SystemClock_Config)
    i.SystemInit                             0x080020e8   Section        0  system_stm32f2xx.o(i.SystemInit)
    i.TIM1_BRK_TIM9_IRQHandler               0x08002130   Section        0  stm32f2xx_it.o(i.TIM1_BRK_TIM9_IRQHandler)
    i.TIM2_IRQHandler                        0x0800213c   Section        0  stm32f2xx_it.o(i.TIM2_IRQHandler)
    i.TIM3_IRQHandler                        0x08002148   Section        0  stm32f2xx_it.o(i.TIM3_IRQHandler)
    i.TIM_Base_SetConfig                     0x08002154   Section        0  stm32f2xx_hal_tim.o(i.TIM_Base_SetConfig)
    i.TIM_CCxChannelCmd                      0x0800221c   Section        0  stm32f2xx_hal_tim.o(i.TIM_CCxChannelCmd)
    i.TIM_ETR_SetConfig                      0x08002232   Section        0  stm32f2xx_hal_tim.o(i.TIM_ETR_SetConfig)
    TIM_ETR_SetConfig                        0x08002233   Thumb Code    20  stm32f2xx_hal_tim.o(i.TIM_ETR_SetConfig)
    i.TIM_ITRx_SetConfig                     0x08002246   Section        0  stm32f2xx_hal_tim.o(i.TIM_ITRx_SetConfig)
    TIM_ITRx_SetConfig                       0x08002247   Thumb Code    16  stm32f2xx_hal_tim.o(i.TIM_ITRx_SetConfig)
    i.TIM_TI1_ConfigInputStage               0x08002256   Section        0  stm32f2xx_hal_tim.o(i.TIM_TI1_ConfigInputStage)
    TIM_TI1_ConfigInputStage                 0x08002257   Thumb Code    34  stm32f2xx_hal_tim.o(i.TIM_TI1_ConfigInputStage)
    i.TIM_TI1_SetConfig                      0x08002278   Section        0  stm32f2xx_hal_tim.o(i.TIM_TI1_SetConfig)
    i.TIM_TI2_ConfigInputStage               0x080022fc   Section        0  stm32f2xx_hal_tim.o(i.TIM_TI2_ConfigInputStage)
    TIM_TI2_ConfigInputStage                 0x080022fd   Thumb Code    36  stm32f2xx_hal_tim.o(i.TIM_TI2_ConfigInputStage)
    i.TIM_TI2_SetConfig                      0x08002320   Section        0  stm32f2xx_hal_tim.o(i.TIM_TI2_SetConfig)
    TIM_TI2_SetConfig                        0x08002321   Thumb Code    54  stm32f2xx_hal_tim.o(i.TIM_TI2_SetConfig)
    i.USBD_ClrClassConfig                    0x08002356   Section        0  usbd_core.o(i.USBD_ClrClassConfig)
    i.USBD_CtlContinueRx                     0x08002364   Section        0  usbd_ioreq.o(i.USBD_CtlContinueRx)
    i.USBD_CtlContinueSendData               0x08002374   Section        0  usbd_ioreq.o(i.USBD_CtlContinueSendData)
    i.USBD_CtlError                          0x08002384   Section        0  usbd_ctlreq.o(i.USBD_CtlError)
    i.USBD_CtlReceiveStatus                  0x0800239a   Section        0  usbd_ioreq.o(i.USBD_CtlReceiveStatus)
    i.USBD_CtlSendData                       0x080023b0   Section        0  usbd_ioreq.o(i.USBD_CtlSendData)
    i.USBD_CtlSendStatus                     0x080023ca   Section        0  usbd_ioreq.o(i.USBD_CtlSendStatus)
    i.USBD_FS_ConfigStrDescriptor            0x080023e0   Section        0  usbd_desc.o(i.USBD_FS_ConfigStrDescriptor)
    i.USBD_FS_DeviceDescriptor               0x08002400   Section        0  usbd_desc.o(i.USBD_FS_DeviceDescriptor)
    i.USBD_FS_InterfaceStrDescriptor         0x0800240c   Section        0  usbd_desc.o(i.USBD_FS_InterfaceStrDescriptor)
    i.USBD_FS_LangIDStrDescriptor            0x08002430   Section        0  usbd_desc.o(i.USBD_FS_LangIDStrDescriptor)
    i.USBD_FS_ManufacturerStrDescriptor      0x0800243c   Section        0  usbd_desc.o(i.USBD_FS_ManufacturerStrDescriptor)
    i.USBD_FS_ProductStrDescriptor           0x08002464   Section        0  usbd_desc.o(i.USBD_FS_ProductStrDescriptor)
    i.USBD_FS_SerialStrDescriptor            0x08002490   Section        0  usbd_desc.o(i.USBD_FS_SerialStrDescriptor)
    i.USBD_GetDescriptor                     0x080024c8   Section        0  usbd_ctlreq.o(i.USBD_GetDescriptor)
    USBD_GetDescriptor                       0x080024c9   Thumb Code   224  usbd_ctlreq.o(i.USBD_GetDescriptor)
    i.USBD_GetString                         0x080025a8   Section        0  usbd_ctlreq.o(i.USBD_GetString)
    i.USBD_Get_USB_Status                    0x080025ee   Section        0  usbd_conf.o(i.USBD_Get_USB_Status)
    i.USBD_HID_DataIn                        0x08002606   Section        0  usbd_hid.o(i.USBD_HID_DataIn)
    USBD_HID_DataIn                          0x08002607   Thumb Code    12  usbd_hid.o(i.USBD_HID_DataIn)
    i.USBD_HID_DataOut                       0x08002614   Section        0  usbd_hid.o(i.USBD_HID_DataOut)
    USBD_HID_DataOut                         0x08002615   Thumb Code    24  usbd_hid.o(i.USBD_HID_DataOut)
    i.USBD_HID_DeInit                        0x08002630   Section        0  usbd_hid.o(i.USBD_HID_DeInit)
    USBD_HID_DeInit                          0x08002631   Thumb Code    30  usbd_hid.o(i.USBD_HID_DeInit)
    i.USBD_HID_GetCfgDesc                    0x08002650   Section        0  usbd_hid.o(i.USBD_HID_GetCfgDesc)
    USBD_HID_GetCfgDesc                      0x08002651   Thumb Code     8  usbd_hid.o(i.USBD_HID_GetCfgDesc)
    i.USBD_HID_GetDeviceQualifierDesc        0x0800265c   Section        0  usbd_hid.o(i.USBD_HID_GetDeviceQualifierDesc)
    USBD_HID_GetDeviceQualifierDesc          0x0800265d   Thumb Code     8  usbd_hid.o(i.USBD_HID_GetDeviceQualifierDesc)
    i.USBD_HID_GetPos                        0x08002668   Section        0  app.o(i.USBD_HID_GetPos)
    USBD_HID_GetPos                          0x08002669   Thumb Code   180  app.o(i.USBD_HID_GetPos)
    i.USBD_HID_Init                          0x08002720   Section        0  usbd_hid.o(i.USBD_HID_Init)
    USBD_HID_Init                            0x08002721   Thumb Code    52  usbd_hid.o(i.USBD_HID_Init)
    i.USBD_HID_SendReport                    0x08002754   Section        0  usbd_hid.o(i.USBD_HID_SendReport)
    i.USBD_HID_Setup                         0x08002778   Section        0  usbd_hid.o(i.USBD_HID_Setup)
    USBD_HID_Setup                           0x08002779   Thumb Code   156  usbd_hid.o(i.USBD_HID_Setup)
    i.USBD_Init                              0x08002818   Section        0  usbd_core.o(i.USBD_Init)
    i.USBD_LL_ClearStallEP                   0x08002842   Section        0  usbd_conf.o(i.USBD_LL_ClearStallEP)
    i.USBD_LL_CloseEP                        0x08002854   Section        0  usbd_conf.o(i.USBD_LL_CloseEP)
    i.USBD_LL_DataInStage                    0x08002866   Section        0  usbd_core.o(i.USBD_LL_DataInStage)
    i.USBD_LL_DataOutStage                   0x08002910   Section        0  usbd_core.o(i.USBD_LL_DataOutStage)
    i.USBD_LL_DevConnected                   0x0800297a   Section        0  usbd_core.o(i.USBD_LL_DevConnected)
    i.USBD_LL_DevDisconnected                0x0800297e   Section        0  usbd_core.o(i.USBD_LL_DevDisconnected)
    i.USBD_LL_Init                           0x08002994   Section        0  usbd_conf.o(i.USBD_LL_Init)
    i.USBD_LL_IsStallEP                      0x080029f0   Section        0  usbd_conf.o(i.USBD_LL_IsStallEP)
    i.USBD_LL_IsoINIncomplete                0x08002a10   Section        0  usbd_core.o(i.USBD_LL_IsoINIncomplete)
    i.USBD_LL_IsoOUTIncomplete               0x08002a14   Section        0  usbd_core.o(i.USBD_LL_IsoOUTIncomplete)
    i.USBD_LL_OpenEP                         0x08002a18   Section        0  usbd_conf.o(i.USBD_LL_OpenEP)
    i.USBD_LL_PrepareReceive                 0x08002a30   Section        0  usbd_conf.o(i.USBD_LL_PrepareReceive)
    i.USBD_LL_Reset                          0x08002a42   Section        0  usbd_core.o(i.USBD_LL_Reset)
    i.USBD_LL_Resume                         0x08002a80   Section        0  usbd_core.o(i.USBD_LL_Resume)
    i.USBD_LL_SOF                            0x08002a8c   Section        0  usbd_core.o(i.USBD_LL_SOF)
    i.USBD_LL_SetSpeed                       0x08002aa4   Section        0  usbd_core.o(i.USBD_LL_SetSpeed)
    i.USBD_LL_SetUSBAddress                  0x08002aaa   Section        0  usbd_conf.o(i.USBD_LL_SetUSBAddress)
    i.USBD_LL_SetupStage                     0x08002abc   Section        0  usbd_core.o(i.USBD_LL_SetupStage)
    i.USBD_LL_StallEP                        0x08002b16   Section        0  usbd_conf.o(i.USBD_LL_StallEP)
    i.USBD_LL_Start                          0x08002b28   Section        0  usbd_conf.o(i.USBD_LL_Start)
    i.USBD_LL_Suspend                        0x08002b3a   Section        0  usbd_core.o(i.USBD_LL_Suspend)
    i.USBD_LL_Transmit                       0x08002b4c   Section        0  usbd_conf.o(i.USBD_LL_Transmit)
    i.USBD_ParseSetupRequest                 0x08002b5e   Section        0  usbd_ctlreq.o(i.USBD_ParseSetupRequest)
    i.USBD_RegisterClass                     0x08002b86   Section        0  usbd_core.o(i.USBD_RegisterClass)
    i.USBD_SetClassConfig                    0x08002b96   Section        0  usbd_core.o(i.USBD_SetClassConfig)
    i.USBD_SetConfig                         0x08002bac   Section        0  usbd_ctlreq.o(i.USBD_SetConfig)
    USBD_SetConfig                           0x08002bad   Thumb Code   110  usbd_ctlreq.o(i.USBD_SetConfig)
    i.USBD_Start                             0x08002c20   Section        0  usbd_core.o(i.USBD_Start)
    i.USBD_StdDevReq                         0x08002c2a   Section        0  usbd_ctlreq.o(i.USBD_StdDevReq)
    i.USBD_StdEPReq                          0x08002d1c   Section        0  usbd_ctlreq.o(i.USBD_StdEPReq)
    i.USBD_StdItfReq                         0x08002df8   Section        0  usbd_ctlreq.o(i.USBD_StdItfReq)
    i.USB_ActivateEndpoint                   0x08002e2c   Section        0  stm32f2xx_ll_usb.o(i.USB_ActivateEndpoint)
    i.USB_ActivateSetup                      0x08002eac   Section        0  stm32f2xx_ll_usb.o(i.USB_ActivateSetup)
    i.USB_CoreInit                           0x08002ee0   Section        0  stm32f2xx_ll_usb.o(i.USB_CoreInit)
    i.USB_CoreReset                          0x08002f4c   Section        0  stm32f2xx_ll_usb.o(i.USB_CoreReset)
    USB_CoreReset                            0x08002f4d   Thumb Code    50  stm32f2xx_ll_usb.o(i.USB_CoreReset)
    i.USB_DeactivateEndpoint                 0x08002f84   Section        0  stm32f2xx_ll_usb.o(i.USB_DeactivateEndpoint)
    i.USB_DevConnect                         0x08002ff2   Section        0  stm32f2xx_ll_usb.o(i.USB_DevConnect)
    i.USB_DevDisconnect                      0x0800300a   Section        0  stm32f2xx_ll_usb.o(i.USB_DevDisconnect)
    i.USB_DevInit                            0x08003024   Section        0  stm32f2xx_ll_usb.o(i.USB_DevInit)
    i.USB_DisableGlobalInt                   0x08003168   Section        0  stm32f2xx_ll_usb.o(i.USB_DisableGlobalInt)
    i.USB_EP0StartXfer                       0x08003174   Section        0  stm32f2xx_ll_usb.o(i.USB_EP0StartXfer)
    i.USB_EP0_OutStart                       0x080032b4   Section        0  stm32f2xx_ll_usb.o(i.USB_EP0_OutStart)
    i.USB_EPClearStall                       0x080032f2   Section        0  stm32f2xx_ll_usb.o(i.USB_EPClearStall)
    i.USB_EPSetStall                         0x08003356   Section        0  stm32f2xx_ll_usb.o(i.USB_EPSetStall)
    i.USB_EPStartXfer                        0x080033b4   Section        0  stm32f2xx_ll_usb.o(i.USB_EPStartXfer)
    i.USB_EnableGlobalInt                    0x080035d0   Section        0  stm32f2xx_ll_usb.o(i.USB_EnableGlobalInt)
    i.USB_FlushRxFifo                        0x080035dc   Section        0  stm32f2xx_ll_usb.o(i.USB_FlushRxFifo)
    i.USB_FlushTxFifo                        0x080035fc   Section        0  stm32f2xx_ll_usb.o(i.USB_FlushTxFifo)
    i.USB_GetDevSpeed                        0x08003620   Section        0  stm32f2xx_ll_usb.o(i.USB_GetDevSpeed)
    i.USB_GetMode                            0x0800365c   Section        0  stm32f2xx_ll_usb.o(i.USB_GetMode)
    i.USB_ReadDevAllInEpInterrupt            0x08003664   Section        0  stm32f2xx_ll_usb.o(i.USB_ReadDevAllInEpInterrupt)
    i.USB_ReadDevAllOutEpInterrupt           0x08003672   Section        0  stm32f2xx_ll_usb.o(i.USB_ReadDevAllOutEpInterrupt)
    i.USB_ReadDevInEPInterrupt               0x08003680   Section        0  stm32f2xx_ll_usb.o(i.USB_ReadDevInEPInterrupt)
    i.USB_ReadDevOutEPInterrupt              0x0800369e   Section        0  stm32f2xx_ll_usb.o(i.USB_ReadDevOutEPInterrupt)
    i.USB_ReadInterrupts                     0x080036ae   Section        0  stm32f2xx_ll_usb.o(i.USB_ReadInterrupts)
    i.USB_ReadPacket                         0x080036b6   Section        0  stm32f2xx_ll_usb.o(i.USB_ReadPacket)
    i.USB_SetCurrentMode                     0x080036d6   Section        0  stm32f2xx_ll_usb.o(i.USB_SetCurrentMode)
    i.USB_SetDevAddress                      0x08003702   Section        0  stm32f2xx_ll_usb.o(i.USB_SetDevAddress)
    i.USB_WritePacket                        0x08003724   Section        0  stm32f2xx_ll_usb.o(i.USB_WritePacket)
    i.UsageFault_Handler                     0x0800374c   Section        0  stm32f2xx_it.o(i.UsageFault_Handler)
    i.__scatterload_copy                     0x0800374e   Section       14  handlers.o(i.__scatterload_copy)
    i.__scatterload_null                     0x0800375c   Section        2  handlers.o(i.__scatterload_null)
    i.__scatterload_zeroinit                 0x0800375e   Section       14  handlers.o(i.__scatterload_zeroinit)
    i.free                                   0x0800376c   Section        0  malloc.o(i.free)
    i.main                                   0x080037bc   Section        0  main.o(i.main)
    i.malloc                                 0x0800383c   Section        0  malloc.o(i.malloc)
    .constdata                               0x080038a8   Section       16  system_stm32f2xx.o(.constdata)
    .data                                    0x20000000   Section       21  app.o(.data)
    KEY_ONE_WORD                             0x20000000   Data           1  app.o(.data)
    KEY_ONE_FUNCTION                         0x20000001   Data           1  app.o(.data)
    KEY_TWO_WORD                             0x20000002   Data           1  app.o(.data)
    KEY_TWO_FUNCTION                         0x20000003   Data           1  app.o(.data)
    KEY_THREE_WORD                           0x20000004   Data           1  app.o(.data)
    KEY_THREE_FUNCTION                       0x20000005   Data           1  app.o(.data)
    tmp                                      0x20000008   Data           4  app.o(.data)
    HID_Buffer                               0x2000000c   Data           9  app.o(.data)
    .data                                    0x20000018   Section       21  main.o(.data)
    countNum                                 0x20000018   Data           1  main.o(.data)
    CountNum                                 0x20000019   Data           1  main.o(.data)
    STATE                                    0x20000020   Data           4  main.o(.data)
    .data                                    0x20000030   Section       28  usbd_desc.o(.data)
    .data                                    0x2000004c   Section       50  usbd_desc.o(.data)
    .data                                    0x20000080   Section        4  stm32f2xx_hal.o(.data)
    .data                                    0x20000084   Section        4  system_stm32f2xx.o(.data)
    .data                                    0x20000088   Section        1  usbd_ctlreq.o(.data)
    cfgidx                                   0x20000088   Data           1  usbd_ctlreq.o(.data)
    .data                                    0x2000008c   Section       56  usbd_hid.o(.data)
    .data                                    0x200000c4   Section      197  usbd_hid.o(.data)
    USBD_HID_CfgDesc                         0x200000cc   Data          41  usbd_hid.o(.data)
    USBD_HID_Desc                            0x200000f8   Data           9  usbd_hid.o(.data)
    USBD_HID_DeviceQualifierDesc             0x20000104   Data          10  usbd_hid.o(.data)
    HID_MOUSE_ReportDesc                     0x20000110   Data         121  usbd_hid.o(.data)
    .data                                    0x2000018c   Section        4  mvars.o(.data)
    .data                                    0x20000190   Section        4  mvars.o(.data)
    .bss                                     0x20000194   Section        9  app.o(.bss)
    Hid_Buffer                               0x20000194   Data           9  app.o(.bss)
    .bss                                     0x200001a0   Section      192  main.o(.bss)
    .bss                                     0x20000260   Section       12  main.o(.bss)
    .bss                                     0x2000026c   Section      548  usb_device.o(.bss)
    .bss                                     0x20000490   Section     1000  usbd_conf.o(.bss)
    .bss                                     0x20000878   Section      512  usbd_desc.o(.bss)
    HEAP                                     0x20000a78   Section      512  startup_stm32f205xx.o(HEAP)
    STACK                                    0x20000c78   Section     1024  startup_stm32f205xx.o(STACK)

    Global Symbols

    Symbol Name                              Value     Ov Type        Size  Object(Section)

    BuildAttributes$$THM_ISAv4$P$D$K$B$S$PE$A:L22UL41UL21$X:L11$S22US41US21$IEEE1$IW$USESV6$~STKCKD$USESV7$~SHL$OSPACE$EBA8$MICROLIB$REQ8$PRES8$EABIv2 0x00000000   Number         0  anon$$obj.o ABSOLUTE
    __ARM_use_no_argv                        0x00000000   Number         0  main.o ABSOLUTE
    __cpp_initialize__aeabi_                  - Undefined Weak Reference
    __cxa_finalize                            - Undefined Weak Reference
    _clock_init                               - Undefined Weak Reference
    _microlib_exit                            - Undefined Weak Reference
    __Vectors_Size                           0x00000184   Number         0  startup_stm32f205xx.o ABSOLUTE
    __Vectors                                0x08000000   Data           4  startup_stm32f205xx.o(RESET)
    __Vectors_End                            0x08000184   Data           0  startup_stm32f205xx.o(RESET)
    __main                                   0x08000185   Thumb Code     0  entry.o(.ARM.Collect$$$$00000000)
    _main_stk                                0x08000185   Thumb Code     0  entry2.o(.ARM.Collect$$$$00000001)
    _main_scatterload                        0x08000189   Thumb Code     0  entry5.o(.ARM.Collect$$$$00000004)
    __main_after_scatterload                 0x0800018d   Thumb Code     0  entry5.o(.ARM.Collect$$$$00000004)
    _main_clock                              0x0800018d   Thumb Code     0  entry7b.o(.ARM.Collect$$$$00000008)
    _main_cpp_init                           0x0800018d   Thumb Code     0  entry8b.o(.ARM.Collect$$$$0000000A)
    _main_init                               0x0800018d   Thumb Code     0  entry9a.o(.ARM.Collect$$$$0000000B)
    __rt_final_cpp                           0x08000195   Thumb Code     0  entry10a.o(.ARM.Collect$$$$0000000D)
    __rt_final_exit                          0x08000195   Thumb Code     0  entry11a.o(.ARM.Collect$$$$0000000F)
    Reset_Handler                            0x08000199   Thumb Code     8  startup_stm32f205xx.o(.text)
    ADC_IRQHandler                           0x080001b3   Thumb Code     0  startup_stm32f205xx.o(.text)
    CAN1_RX0_IRQHandler                      0x080001b3   Thumb Code     0  startup_stm32f205xx.o(.text)
    CAN1_RX1_IRQHandler                      0x080001b3   Thumb Code     0  startup_stm32f205xx.o(.text)
    CAN1_SCE_IRQHandler                      0x080001b3   Thumb Code     0  startup_stm32f205xx.o(.text)
    CAN1_TX_IRQHandler                       0x080001b3   Thumb Code     0  startup_stm32f205xx.o(.text)
    CAN2_RX0_IRQHandler                      0x080001b3   Thumb Code     0  startup_stm32f205xx.o(.text)
    CAN2_RX1_IRQHandler                      0x080001b3   Thumb Code     0  startup_stm32f205xx.o(.text)
    CAN2_SCE_IRQHandler                      0x080001b3   Thumb Code     0  startup_stm32f205xx.o(.text)
    CAN2_TX_IRQHandler                       0x080001b3   Thumb Code     0  startup_stm32f205xx.o(.text)
    DMA1_Stream0_IRQHandler                  0x080001b3   Thumb Code     0  startup_stm32f205xx.o(.text)
    DMA1_Stream1_IRQHandler                  0x080001b3   Thumb Code     0  startup_stm32f205xx.o(.text)
    DMA1_Stream2_IRQHandler                  0x080001b3   Thumb Code     0  startup_stm32f205xx.o(.text)
    DMA1_Stream3_IRQHandler                  0x080001b3   Thumb Code     0  startup_stm32f205xx.o(.text)
    DMA1_Stream4_IRQHandler                  0x080001b3   Thumb Code     0  startup_stm32f205xx.o(.text)
    DMA1_Stream5_IRQHandler                  0x080001b3   Thumb Code     0  startup_stm32f205xx.o(.text)
    DMA1_Stream6_IRQHandler                  0x080001b3   Thumb Code     0  startup_stm32f205xx.o(.text)
    DMA1_Stream7_IRQHandler                  0x080001b3   Thumb Code     0  startup_stm32f205xx.o(.text)
    DMA2_Stream0_IRQHandler                  0x080001b3   Thumb Code     0  startup_stm32f205xx.o(.text)
    DMA2_Stream1_IRQHandler                  0x080001b3   Thumb Code     0  startup_stm32f205xx.o(.text)
    DMA2_Stream2_IRQHandler                  0x080001b3   Thumb Code     0  startup_stm32f205xx.o(.text)
    DMA2_Stream3_IRQHandler                  0x080001b3   Thumb Code     0  startup_stm32f205xx.o(.text)
    DMA2_Stream4_IRQHandler                  0x080001b3   Thumb Code     0  startup_stm32f205xx.o(.text)
    DMA2_Stream5_IRQHandler                  0x080001b3   Thumb Code     0  startup_stm32f205xx.o(.text)
    DMA2_Stream6_IRQHandler                  0x080001b3   Thumb Code     0  startup_stm32f205xx.o(.text)
    DMA2_Stream7_IRQHandler                  0x080001b3   Thumb Code     0  startup_stm32f205xx.o(.text)
    EXTI0_IRQHandler                         0x080001b3   Thumb Code     0  startup_stm32f205xx.o(.text)
    EXTI15_10_IRQHandler                     0x080001b3   Thumb Code     0  startup_stm32f205xx.o(.text)
    EXTI1_IRQHandler                         0x080001b3   Thumb Code     0  startup_stm32f205xx.o(.text)
    EXTI2_IRQHandler                         0x080001b3   Thumb Code     0  startup_stm32f205xx.o(.text)
    EXTI3_IRQHandler                         0x080001b3   Thumb Code     0  startup_stm32f205xx.o(.text)
    EXTI4_IRQHandler                         0x080001b3   Thumb Code     0  startup_stm32f205xx.o(.text)
    EXTI9_5_IRQHandler                       0x080001b3   Thumb Code     0  startup_stm32f205xx.o(.text)
    FLASH_IRQHandler                         0x080001b3   Thumb Code     0  startup_stm32f205xx.o(.text)
    FSMC_IRQHandler                          0x080001b3   Thumb Code     0  startup_stm32f205xx.o(.text)
    HASH_RNG_IRQHandler                      0x080001b3   Thumb Code     0  startup_stm32f205xx.o(.text)
    I2C1_ER_IRQHandler                       0x080001b3   Thumb Code     0  startup_stm32f205xx.o(.text)
    I2C1_EV_IRQHandler                       0x080001b3   Thumb Code     0  startup_stm32f205xx.o(.text)
    I2C2_ER_IRQHandler                       0x080001b3   Thumb Code     0  startup_stm32f205xx.o(.text)
    I2C2_EV_IRQHandler                       0x080001b3   Thumb Code     0  startup_stm32f205xx.o(.text)
    I2C3_ER_IRQHandler                       0x080001b3   Thumb Code     0  startup_stm32f205xx.o(.text)
    I2C3_EV_IRQHandler                       0x080001b3   Thumb Code     0  startup_stm32f205xx.o(.text)
    OTG_FS_WKUP_IRQHandler                   0x080001b3   Thumb Code     0  startup_stm32f205xx.o(.text)
    OTG_HS_EP1_IN_IRQHandler                 0x080001b3   Thumb Code     0  startup_stm32f205xx.o(.text)
    OTG_HS_EP1_OUT_IRQHandler                0x080001b3   Thumb Code     0  startup_stm32f205xx.o(.text)
    OTG_HS_IRQHandler                        0x080001b3   Thumb Code     0  startup_stm32f205xx.o(.text)
    OTG_HS_WKUP_IRQHandler                   0x080001b3   Thumb Code     0  startup_stm32f205xx.o(.text)
    PVD_IRQHandler                           0x080001b3   Thumb Code     0  startup_stm32f205xx.o(.text)
    RCC_IRQHandler                           0x080001b3   Thumb Code     0  startup_stm32f205xx.o(.text)
    RTC_Alarm_IRQHandler                     0x080001b3   Thumb Code     0  startup_stm32f205xx.o(.text)
    RTC_WKUP_IRQHandler                      0x080001b3   Thumb Code     0  startup_stm32f205xx.o(.text)
    SDIO_IRQHandler                          0x080001b3   Thumb Code     0  startup_stm32f205xx.o(.text)
    SPI1_IRQHandler                          0x080001b3   Thumb Code     0  startup_stm32f205xx.o(.text)
    SPI2_IRQHandler                          0x080001b3   Thumb Code     0  startup_stm32f205xx.o(.text)
    SPI3_IRQHandler                          0x080001b3   Thumb Code     0  startup_stm32f205xx.o(.text)
    TAMP_STAMP_IRQHandler                    0x080001b3   Thumb Code     0  startup_stm32f205xx.o(.text)
    TIM1_CC_IRQHandler                       0x080001b3   Thumb Code     0  startup_stm32f205xx.o(.text)
    TIM1_TRG_COM_TIM11_IRQHandler            0x080001b3   Thumb Code     0  startup_stm32f205xx.o(.text)
    TIM1_UP_TIM10_IRQHandler                 0x080001b3   Thumb Code     0  startup_stm32f205xx.o(.text)
    TIM4_IRQHandler                          0x080001b3   Thumb Code     0  startup_stm32f205xx.o(.text)
    TIM5_IRQHandler                          0x080001b3   Thumb Code     0  startup_stm32f205xx.o(.text)
    TIM6_DAC_IRQHandler                      0x080001b3   Thumb Code     0  startup_stm32f205xx.o(.text)
    TIM7_IRQHandler                          0x080001b3   Thumb Code     0  startup_stm32f205xx.o(.text)
    TIM8_BRK_TIM12_IRQHandler                0x080001b3   Thumb Code     0  startup_stm32f205xx.o(.text)
    TIM8_CC_IRQHandler                       0x080001b3   Thumb Code     0  startup_stm32f205xx.o(.text)
    TIM8_TRG_COM_TIM14_IRQHandler            0x080001b3   Thumb Code     0  startup_stm32f205xx.o(.text)
    TIM8_UP_TIM13_IRQHandler                 0x080001b3   Thumb Code     0  startup_stm32f205xx.o(.text)
    UART4_IRQHandler                         0x080001b3   Thumb Code     0  startup_stm32f205xx.o(.text)
    UART5_IRQHandler                         0x080001b3   Thumb Code     0  startup_stm32f205xx.o(.text)
    USART1_IRQHandler                        0x080001b3   Thumb Code     0  startup_stm32f205xx.o(.text)
    USART2_IRQHandler                        0x080001b3   Thumb Code     0  startup_stm32f205xx.o(.text)
    USART3_IRQHandler                        0x080001b3   Thumb Code     0  startup_stm32f205xx.o(.text)
    USART6_IRQHandler                        0x080001b3   Thumb Code     0  startup_stm32f205xx.o(.text)
    WWDG_IRQHandler                          0x080001b3   Thumb Code     0  startup_stm32f205xx.o(.text)
    __aeabi_uldivmod                         0x080001bd   Thumb Code    98  uldiv.o(.text)
    __aeabi_memcpy                           0x0800021f   Thumb Code    36  memcpya.o(.text)
    __aeabi_memcpy4                          0x0800021f   Thumb Code     0  memcpya.o(.text)
    __aeabi_memcpy8                          0x0800021f   Thumb Code     0  memcpya.o(.text)
    __aeabi_memset                           0x08000243   Thumb Code    14  memseta.o(.text)
    __aeabi_memset4                          0x08000243   Thumb Code     0  memseta.o(.text)
    __aeabi_memset8                          0x08000243   Thumb Code     0  memseta.o(.text)
    __aeabi_memclr                           0x08000251   Thumb Code     4  memseta.o(.text)
    __aeabi_memclr4                          0x08000251   Thumb Code     0  memseta.o(.text)
    __aeabi_memclr8                          0x08000251   Thumb Code     0  memseta.o(.text)
    _memset$wrapper                          0x08000255   Thumb Code    18  memseta.o(.text)
    __aeabi_llsl                             0x08000267   Thumb Code    30  llshl.o(.text)
    _ll_shift_l                              0x08000267   Thumb Code     0  llshl.o(.text)
    __aeabi_llsr                             0x08000285   Thumb Code    32  llushr.o(.text)
    _ll_ushift_r                             0x08000285   Thumb Code     0  llushr.o(.text)
    __scatterload                            0x080002a5   Thumb Code    28  init.o(.text)
    __scatterload_rt2                        0x080002a5   Thumb Code     0  init.o(.text)
    __decompress                             0x080002c9   Thumb Code     0  __dczerorl2.o(.text)
    __decompress1                            0x080002c9   Thumb Code    86  __dczerorl2.o(.text)
    BusFault_Handler                         0x0800031f   Thumb Code     2  stm32f2xx_it.o(i.BusFault_Handler)
    Control                                  0x08000321   Thumb Code    40  app.o(i.Control)
    DebugMon_Handler                         0x08000351   Thumb Code     2  stm32f2xx_it.o(i.DebugMon_Handler)
    Error_Handler                            0x08000353   Thumb Code     2  main.o(i.Error_Handler)
    GetInfraredKey                           0x08000355   Thumb Code    30  main.o(i.GetInfraredKey)
    HAL_Delay                                0x08000379   Thumb Code    28  stm32f2xx_hal.o(i.HAL_Delay)
    HAL_GPIO_Init                            0x08000395   Thumb Code   398  stm32f2xx_hal_gpio.o(i.HAL_GPIO_Init)
    HAL_GPIO_ReadPin                         0x08000555   Thumb Code    10  stm32f2xx_hal_gpio.o(i.HAL_GPIO_ReadPin)
    HAL_GPIO_WritePin                        0x0800055f   Thumb Code    10  stm32f2xx_hal_gpio.o(i.HAL_GPIO_WritePin)
    HAL_GetTick                              0x08000569   Thumb Code     6  stm32f2xx_hal.o(i.HAL_GetTick)
    HAL_IncTick                              0x08000575   Thumb Code    10  stm32f2xx_hal.o(i.HAL_IncTick)
    HAL_Init                                 0x08000585   Thumb Code    48  stm32f2xx_hal.o(i.HAL_Init)
    HAL_InitTick                             0x080005b9   Thumb Code    34  stm32f2xx_hal.o(i.HAL_InitTick)
    HAL_MspInit                              0x080005e1   Thumb Code    42  stm32f2xx_hal_msp.o(i.HAL_MspInit)
    HAL_NVIC_EnableIRQ                       0x08000611   Thumb Code    22  stm32f2xx_hal_cortex.o(i.HAL_NVIC_EnableIRQ)
    HAL_NVIC_SetPriority                     0x08000629   Thumb Code    60  stm32f2xx_hal_cortex.o(i.HAL_NVIC_SetPriority)
    HAL_NVIC_SetPriorityGrouping             0x08000669   Thumb Code    26  stm32f2xx_hal_cortex.o(i.HAL_NVIC_SetPriorityGrouping)
    HAL_PCDEx_SetRxFiFo                      0x0800068d   Thumb Code     8  stm32f2xx_hal_pcd_ex.o(i.HAL_PCDEx_SetRxFiFo)
    HAL_PCDEx_SetTxFiFo                      0x08000695   Thumb Code    68  stm32f2xx_hal_pcd_ex.o(i.HAL_PCDEx_SetTxFiFo)
    HAL_PCD_ConnectCallback                  0x080006d9   Thumb Code     8  usbd_conf.o(i.HAL_PCD_ConnectCallback)
    HAL_PCD_DataInStageCallback              0x080006e1   Thumb Code    18  usbd_conf.o(i.HAL_PCD_DataInStageCallback)
    HAL_PCD_DataOutStageCallback             0x080006f3   Thumb Code    20  usbd_conf.o(i.HAL_PCD_DataOutStageCallback)
    HAL_PCD_DisconnectCallback               0x08000707   Thumb Code     8  usbd_conf.o(i.HAL_PCD_DisconnectCallback)
    HAL_PCD_EP_Close                         0x0800070f   Thumb Code    68  stm32f2xx_hal_pcd.o(i.HAL_PCD_EP_Close)
    HAL_PCD_EP_ClrStall                      0x08000753   Thumb Code    80  stm32f2xx_hal_pcd.o(i.HAL_PCD_EP_ClrStall)
    HAL_PCD_EP_Open                          0x080007a3   Thumb Code    84  stm32f2xx_hal_pcd.o(i.HAL_PCD_EP_Open)
    HAL_PCD_EP_Receive                       0x080007f7   Thumb Code    72  stm32f2xx_hal_pcd.o(i.HAL_PCD_EP_Receive)
    HAL_PCD_EP_SetStall                      0x0800083f   Thumb Code    96  stm32f2xx_hal_pcd.o(i.HAL_PCD_EP_SetStall)
    HAL_PCD_EP_Transmit                      0x0800089f   Thumb Code    64  stm32f2xx_hal_pcd.o(i.HAL_PCD_EP_Transmit)
    HAL_PCD_IRQHandler                       0x080008e1   Thumb Code  1170  stm32f2xx_hal_pcd.o(i.HAL_PCD_IRQHandler)
    HAL_PCD_ISOINIncompleteCallback          0x08000dbd   Thumb Code     8  usbd_conf.o(i.HAL_PCD_ISOINIncompleteCallback)
    HAL_PCD_ISOOUTIncompleteCallback         0x08000dc5   Thumb Code     8  usbd_conf.o(i.HAL_PCD_ISOOUTIncompleteCallback)
    HAL_PCD_Init                             0x08000dcd   Thumb Code   190  stm32f2xx_hal_pcd.o(i.HAL_PCD_Init)
    HAL_PCD_MspInit                          0x08000e8d   Thumb Code   122  usbd_conf.o(i.HAL_PCD_MspInit)
    HAL_PCD_ResetCallback                    0x08000f11   Thumb Code    44  usbd_conf.o(i.HAL_PCD_ResetCallback)
    HAL_PCD_ResumeCallback                   0x08000f3d   Thumb Code     8  usbd_conf.o(i.HAL_PCD_ResumeCallback)
    HAL_PCD_SOFCallback                      0x08000f45   Thumb Code     8  usbd_conf.o(i.HAL_PCD_SOFCallback)
    HAL_PCD_SetAddress                       0x08000f4d   Thumb Code    36  stm32f2xx_hal_pcd.o(i.HAL_PCD_SetAddress)
    HAL_PCD_SetupStageCallback               0x08000f71   Thumb Code    14  usbd_conf.o(i.HAL_PCD_SetupStageCallback)
    HAL_PCD_Start                            0x08000f7f   Thumb Code    42  stm32f2xx_hal_pcd.o(i.HAL_PCD_Start)
    HAL_PCD_SuspendCallback                  0x08000fa9   Thumb Code    44  usbd_conf.o(i.HAL_PCD_SuspendCallback)
    HAL_RCC_ClockConfig                      0x08000fd9   Thumb Code   294  stm32f2xx_hal_rcc.o(i.HAL_RCC_ClockConfig)
    HAL_RCC_GetHCLKFreq                      0x08001111   Thumb Code     6  stm32f2xx_hal_rcc.o(i.HAL_RCC_GetHCLKFreq)
    HAL_RCC_GetSysClockFreq                  0x0800111d   Thumb Code    88  stm32f2xx_hal_rcc.o(i.HAL_RCC_GetSysClockFreq)
    HAL_RCC_OscConfig                        0x08001181   Thumb Code   722  stm32f2xx_hal_rcc.o(i.HAL_RCC_OscConfig)
    HAL_SYSTICK_Config                       0x08001465   Thumb Code    40  stm32f2xx_hal_cortex.o(i.HAL_SYSTICK_Config)
    HAL_TIMEx_BreakCallback                  0x0800148d   Thumb Code     2  stm32f2xx_hal_tim_ex.o(i.HAL_TIMEx_BreakCallback)
    HAL_TIMEx_CommutationCallback            0x0800148f   Thumb Code     2  stm32f2xx_hal_tim_ex.o(i.HAL_TIMEx_CommutationCallback)
    HAL_TIMEx_MasterConfigSynchronization    0x08001491   Thumb Code    80  stm32f2xx_hal_tim_ex.o(i.HAL_TIMEx_MasterConfigSynchronization)
    HAL_TIM_Base_Init                        0x080014e1   Thumb Code    54  stm32f2xx_hal_tim.o(i.HAL_TIM_Base_Init)
    HAL_TIM_Base_MspInit                     0x08001519   Thumb Code    86  stm32f2xx_hal_msp.o(i.HAL_TIM_Base_MspInit)
    HAL_TIM_Base_Start_IT                    0x08001579   Thumb Code    24  stm32f2xx_hal_tim.o(i.HAL_TIM_Base_Start_IT)
    HAL_TIM_ConfigClockSource                0x08001591   Thumb Code   242  stm32f2xx_hal_tim.o(i.HAL_TIM_ConfigClockSource)
    HAL_TIM_IC_CaptureCallback               0x08001685   Thumb Code   250  main.o(i.HAL_TIM_IC_CaptureCallback)
    HAL_TIM_IC_ConfigChannel                 0x0800178d   Thumb Code   286  stm32f2xx_hal_tim.o(i.HAL_TIM_IC_ConfigChannel)
    HAL_TIM_IC_Init                          0x080018ab   Thumb Code    54  stm32f2xx_hal_tim.o(i.HAL_TIM_IC_Init)
    HAL_TIM_IC_MspInit                       0x080018e1   Thumb Code   106  stm32f2xx_hal_msp.o(i.HAL_TIM_IC_MspInit)
    HAL_TIM_IC_Start_IT                      0x08001959   Thumb Code    76  stm32f2xx_hal_tim.o(i.HAL_TIM_IC_Start_IT)
    HAL_TIM_IRQHandler                       0x080019a5   Thumb Code   358  stm32f2xx_hal_tim.o(i.HAL_TIM_IRQHandler)
    HAL_TIM_OC_DelayElapsedCallback          0x08001b0b   Thumb Code     2  stm32f2xx_hal_tim.o(i.HAL_TIM_OC_DelayElapsedCallback)
    HAL_TIM_PWM_PulseFinishedCallback        0x08001b0d   Thumb Code     2  stm32f2xx_hal_tim.o(i.HAL_TIM_PWM_PulseFinishedCallback)
    HAL_TIM_PeriodElapsedCallback            0x08001b11   Thumb Code   122  main.o(i.HAL_TIM_PeriodElapsedCallback)
    HAL_TIM_ReadCapturedValue                0x08001b99   Thumb Code    68  stm32f2xx_hal_tim.o(i.HAL_TIM_ReadCapturedValue)
    HAL_TIM_TriggerCallback                  0x08001bdd   Thumb Code     2  stm32f2xx_hal_tim.o(i.HAL_TIM_TriggerCallback)
    HardFault_Handler                        0x08001bdf   Thumb Code     2  stm32f2xx_it.o(i.HardFault_Handler)
    InfraredControl                          0x08001be1   Thumb Code    24  app.o(i.InfraredControl)
    Key_ReadIOPin                            0x08001c35   Thumb Code   210  app.o(i.Key_ReadIOPin)
    MX_USB_DEVICE_Init                       0x08001e9d   Thumb Code    52  usb_device.o(i.MX_USB_DEVICE_Init)
    MemManage_Handler                        0x08001edd   Thumb Code     2  stm32f2xx_it.o(i.MemManage_Handler)
    NMI_Handler                              0x08001edf   Thumb Code     2  stm32f2xx_it.o(i.NMI_Handler)
    OTG_FS_IRQHandler                        0x08001f01   Thumb Code     6  stm32f2xx_it.o(i.OTG_FS_IRQHandler)
    PendSV_Handler                           0x08002091   Thumb Code     2  stm32f2xx_it.o(i.PendSV_Handler)
    SVC_Handler                              0x08002093   Thumb Code     2  stm32f2xx_it.o(i.SVC_Handler)
    SysTick_Handler                          0x08002095   Thumb Code     4  stm32f2xx_it.o(i.SysTick_Handler)
    SystemClock_Config                       0x08002099   Thumb Code    80  main.o(i.SystemClock_Config)
    SystemInit                               0x080020e9   Thumb Code    54  system_stm32f2xx.o(i.SystemInit)
    TIM1_BRK_TIM9_IRQHandler                 0x08002131   Thumb Code     6  stm32f2xx_it.o(i.TIM1_BRK_TIM9_IRQHandler)
    TIM2_IRQHandler                          0x0800213d   Thumb Code     6  stm32f2xx_it.o(i.TIM2_IRQHandler)
    TIM3_IRQHandler                          0x08002149   Thumb Code     6  stm32f2xx_it.o(i.TIM3_IRQHandler)
    TIM_Base_SetConfig                       0x08002155   Thumb Code   156  stm32f2xx_hal_tim.o(i.TIM_Base_SetConfig)
    TIM_CCxChannelCmd                        0x0800221d   Thumb Code    22  stm32f2xx_hal_tim.o(i.TIM_CCxChannelCmd)
    TIM_TI1_SetConfig                        0x08002279   Thumb Code   104  stm32f2xx_hal_tim.o(i.TIM_TI1_SetConfig)
    USBD_ClrClassConfig                      0x08002357   Thumb Code    14  usbd_core.o(i.USBD_ClrClassConfig)
    USBD_CtlContinueRx                       0x08002365   Thumb Code    16  usbd_ioreq.o(i.USBD_CtlContinueRx)
    USBD_CtlContinueSendData                 0x08002375   Thumb Code    16  usbd_ioreq.o(i.USBD_CtlContinueSendData)
    USBD_CtlError                            0x08002385   Thumb Code    22  usbd_ctlreq.o(i.USBD_CtlError)
    USBD_CtlReceiveStatus                    0x0800239b   Thumb Code    22  usbd_ioreq.o(i.USBD_CtlReceiveStatus)
    USBD_CtlSendData                         0x080023b1   Thumb Code    26  usbd_ioreq.o(i.USBD_CtlSendData)
    USBD_CtlSendStatus                       0x080023cb   Thumb Code    22  usbd_ioreq.o(i.USBD_CtlSendStatus)
    USBD_FS_ConfigStrDescriptor              0x080023e1   Thumb Code    16  usbd_desc.o(i.USBD_FS_ConfigStrDescriptor)
    USBD_FS_DeviceDescriptor                 0x08002401   Thumb Code     8  usbd_desc.o(i.USBD_FS_DeviceDescriptor)
    USBD_FS_InterfaceStrDescriptor           0x0800240d   Thumb Code    16  usbd_desc.o(i.USBD_FS_InterfaceStrDescriptor)
    USBD_FS_LangIDStrDescriptor              0x08002431   Thumb Code     8  usbd_desc.o(i.USBD_FS_LangIDStrDescriptor)
    USBD_FS_ManufacturerStrDescriptor        0x0800243d   Thumb Code    16  usbd_desc.o(i.USBD_FS_ManufacturerStrDescriptor)
    USBD_FS_ProductStrDescriptor             0x08002465   Thumb Code    16  usbd_desc.o(i.USBD_FS_ProductStrDescriptor)
    USBD_FS_SerialStrDescriptor              0x08002491   Thumb Code    48  usbd_desc.o(i.USBD_FS_SerialStrDescriptor)
    USBD_GetString                           0x080025a9   Thumb Code    70  usbd_ctlreq.o(i.USBD_GetString)
    USBD_Get_USB_Status                      0x080025ef   Thumb Code    24  usbd_conf.o(i.USBD_Get_USB_Status)
    USBD_HID_SendReport                      0x08002755   Thumb Code    36  usbd_hid.o(i.USBD_HID_SendReport)
    USBD_Init                                0x08002819   Thumb Code    42  usbd_core.o(i.USBD_Init)
    USBD_LL_ClearStallEP                     0x08002843   Thumb Code    18  usbd_conf.o(i.USBD_LL_ClearStallEP)
    USBD_LL_CloseEP                          0x08002855   Thumb Code    18  usbd_conf.o(i.USBD_LL_CloseEP)
    USBD_LL_DataInStage                      0x08002867   Thumb Code   170  usbd_core.o(i.USBD_LL_DataInStage)
    USBD_LL_DataOutStage                     0x08002911   Thumb Code   106  usbd_core.o(i.USBD_LL_DataOutStage)
    USBD_LL_DevConnected                     0x0800297b   Thumb Code     4  usbd_core.o(i.USBD_LL_DevConnected)
    USBD_LL_DevDisconnected                  0x0800297f   Thumb Code    22  usbd_core.o(i.USBD_LL_DevDisconnected)
    USBD_LL_Init                             0x08002995   Thumb Code    88  usbd_conf.o(i.USBD_LL_Init)
    USBD_LL_IsStallEP                        0x080029f1   Thumb Code    32  usbd_conf.o(i.USBD_LL_IsStallEP)
    USBD_LL_IsoINIncomplete                  0x08002a11   Thumb Code     4  usbd_core.o(i.USBD_LL_IsoINIncomplete)
    USBD_LL_IsoOUTIncomplete                 0x08002a15   Thumb Code     4  usbd_core.o(i.USBD_LL_IsoOUTIncomplete)
    USBD_LL_OpenEP                           0x08002a19   Thumb Code    24  usbd_conf.o(i.USBD_LL_OpenEP)
    USBD_LL_PrepareReceive                   0x08002a31   Thumb Code    18  usbd_conf.o(i.USBD_LL_PrepareReceive)
    USBD_LL_Reset                            0x08002a43   Thumb Code    62  usbd_core.o(i.USBD_LL_Reset)
    USBD_LL_Resume                           0x08002a81   Thumb Code    12  usbd_core.o(i.USBD_LL_Resume)
    USBD_LL_SOF                              0x08002a8d   Thumb Code    24  usbd_core.o(i.USBD_LL_SOF)
    USBD_LL_SetSpeed                         0x08002aa5   Thumb Code     6  usbd_core.o(i.USBD_LL_SetSpeed)
    USBD_LL_SetUSBAddress                    0x08002aab   Thumb Code    18  usbd_conf.o(i.USBD_LL_SetUSBAddress)
    USBD_LL_SetupStage                       0x08002abd   Thumb Code    90  usbd_core.o(i.USBD_LL_SetupStage)
    USBD_LL_StallEP                          0x08002b17   Thumb Code    18  usbd_conf.o(i.USBD_LL_StallEP)
    USBD_LL_Start                            0x08002b29   Thumb Code    18  usbd_conf.o(i.USBD_LL_Start)
    USBD_LL_Suspend                          0x08002b3b   Thumb Code    18  usbd_core.o(i.USBD_LL_Suspend)
    USBD_LL_Transmit                         0x08002b4d   Thumb Code    18  usbd_conf.o(i.USBD_LL_Transmit)
    USBD_ParseSetupRequest                   0x08002b5f   Thumb Code    40  usbd_ctlreq.o(i.USBD_ParseSetupRequest)
    USBD_RegisterClass                       0x08002b87   Thumb Code    16  usbd_core.o(i.USBD_RegisterClass)
    USBD_SetClassConfig                      0x08002b97   Thumb Code    22  usbd_core.o(i.USBD_SetClassConfig)
    USBD_Start                               0x08002c21   Thumb Code    10  usbd_core.o(i.USBD_Start)
    USBD_StdDevReq                           0x08002c2b   Thumb Code   242  usbd_ctlreq.o(i.USBD_StdDevReq)
    USBD_StdEPReq                            0x08002d1d   Thumb Code   220  usbd_ctlreq.o(i.USBD_StdEPReq)
    USBD_StdItfReq                           0x08002df9   Thumb Code    52  usbd_ctlreq.o(i.USBD_StdItfReq)
    USB_ActivateEndpoint                     0x08002e2d   Thumb Code   122  stm32f2xx_ll_usb.o(i.USB_ActivateEndpoint)
    USB_ActivateSetup                        0x08002ead   Thumb Code    52  stm32f2xx_ll_usb.o(i.USB_ActivateSetup)
    USB_CoreInit                             0x08002ee1   Thumb Code   104  stm32f2xx_ll_usb.o(i.USB_CoreInit)
    USB_DeactivateEndpoint                   0x08002f85   Thumb Code   110  stm32f2xx_ll_usb.o(i.USB_DeactivateEndpoint)
    USB_DevConnect                           0x08002ff3   Thumb Code    24  stm32f2xx_ll_usb.o(i.USB_DevConnect)
    USB_DevDisconnect                        0x0800300b   Thumb Code    24  stm32f2xx_ll_usb.o(i.USB_DevDisconnect)
    USB_DevInit                              0x08003025   Thumb Code   306  stm32f2xx_ll_usb.o(i.USB_DevInit)
    USB_DisableGlobalInt                     0x08003169   Thumb Code    12  stm32f2xx_ll_usb.o(i.USB_DisableGlobalInt)
    USB_EP0StartXfer                         0x08003175   Thumb Code   316  stm32f2xx_ll_usb.o(i.USB_EP0StartXfer)
    USB_EP0_OutStart                         0x080032b5   Thumb Code    62  stm32f2xx_ll_usb.o(i.USB_EP0_OutStart)
    USB_EPClearStall                         0x080032f3   Thumb Code   100  stm32f2xx_ll_usb.o(i.USB_EPClearStall)
    USB_EPSetStall                           0x08003357   Thumb Code    94  stm32f2xx_ll_usb.o(i.USB_EPSetStall)
    USB_EPStartXfer                          0x080033b5   Thumb Code   534  stm32f2xx_ll_usb.o(i.USB_EPStartXfer)
    USB_EnableGlobalInt                      0x080035d1   Thumb Code    12  stm32f2xx_ll_usb.o(i.USB_EnableGlobalInt)
    USB_FlushRxFifo                          0x080035dd   Thumb Code    28  stm32f2xx_ll_usb.o(i.USB_FlushRxFifo)
    USB_FlushTxFifo                          0x080035fd   Thumb Code    32  stm32f2xx_ll_usb.o(i.USB_FlushTxFifo)
    USB_GetDevSpeed                          0x08003621   Thumb Code    60  stm32f2xx_ll_usb.o(i.USB_GetDevSpeed)
    USB_GetMode                              0x0800365d   Thumb Code     8  stm32f2xx_ll_usb.o(i.USB_GetMode)
    USB_ReadDevAllInEpInterrupt              0x08003665   Thumb Code    14  stm32f2xx_ll_usb.o(i.USB_ReadDevAllInEpInterrupt)
    USB_ReadDevAllOutEpInterrupt             0x08003673   Thumb Code    14  stm32f2xx_ll_usb.o(i.USB_ReadDevAllOutEpInterrupt)
    USB_ReadDevInEPInterrupt                 0x08003681   Thumb Code    30  stm32f2xx_ll_usb.o(i.USB_ReadDevInEPInterrupt)
    USB_ReadDevOutEPInterrupt                0x0800369f   Thumb Code    16  stm32f2xx_ll_usb.o(i.USB_ReadDevOutEPInterrupt)
    USB_ReadInterrupts                       0x080036af   Thumb Code     8  stm32f2xx_ll_usb.o(i.USB_ReadInterrupts)
    USB_ReadPacket                           0x080036b7   Thumb Code    32  stm32f2xx_ll_usb.o(i.USB_ReadPacket)
    USB_SetCurrentMode                       0x080036d7   Thumb Code    44  stm32f2xx_ll_usb.o(i.USB_SetCurrentMode)
    USB_SetDevAddress                        0x08003703   Thumb Code    34  stm32f2xx_ll_usb.o(i.USB_SetDevAddress)
    USB_WritePacket                          0x08003725   Thumb Code    40  stm32f2xx_ll_usb.o(i.USB_WritePacket)
    UsageFault_Handler                       0x0800374d   Thumb Code     2  stm32f2xx_it.o(i.UsageFault_Handler)
    __scatterload_copy                       0x0800374f   Thumb Code    14  handlers.o(i.__scatterload_copy)
    __scatterload_null                       0x0800375d   Thumb Code     2  handlers.o(i.__scatterload_null)
    __scatterload_zeroinit                   0x0800375f   Thumb Code    14  handlers.o(i.__scatterload_zeroinit)
    free                                     0x0800376d   Thumb Code    76  malloc.o(i.free)
    main                                     0x080037bd   Thumb Code   116  main.o(i.main)
    malloc                                   0x0800383d   Thumb Code    92  malloc.o(i.malloc)
    AHBPrescTable                            0x080038a8   Data          16  system_stm32f2xx.o(.constdata)
    Region$$Table$$Base                      0x080038b8   Number         0  anon$$obj.o(Region$$Table)
    Region$$Table$$Limit                     0x080038d8   Number         0  anon$$obj.o(Region$$Table)
    T9Infra                                  0x2000001c   Data           4  main.o(.data)
    hid_Buffer                               0x20000024   Data           9  main.o(.data)
    FS_Desc                                  0x20000030   Data          28  usbd_desc.o(.data)
    USBD_LangIDDesc                          0x2000004c   Data           4  usbd_desc.o(.data)
    USBD_FS_DeviceDesc                       0x20000050   Data          18  usbd_desc.o(.data)
    USBD_StringSerial                        0x20000064   Data          26  usbd_desc.o(.data)
    uwTick                                   0x20000080   Data           4  stm32f2xx_hal.o(.data)
    SystemCoreClock                          0x20000084   Data           4  system_stm32f2xx.o(.data)
    USBD_HID                                 0x2000008c   Data          56  usbd_hid.o(.data)
    usbrxbuffer                              0x200000c4   Data           8  usbd_hid.o(.data)
    __microlib_freelist                      0x2000018c   Data           4  mvars.o(.data)
    __microlib_freelist_initialised          0x20000190   Data           4  mvars.o(.data)
    htim2                                    0x200001a0   Data          64  main.o(.bss)
    htim3                                    0x200001e0   Data          64  main.o(.bss)
    htim9                                    0x20000220   Data          64  main.o(.bss)
    T9Infra_S                                0x20000260   Data          12  main.o(.bss)
    hUsbDeviceFS                             0x2000026c   Data         548  usb_device.o(.bss)
    hpcd_USB_OTG_FS                          0x20000490   Data        1000  usbd_conf.o(.bss)
    USBD_StrDesc                             0x20000878   Data         512  usbd_desc.o(.bss)
    __heap_base                              0x20000a78   Data           0  startup_stm32f205xx.o(HEAP)
    __heap_limit                             0x20000c78   Data           0  startup_stm32f205xx.o(HEAP)
    __initial_sp                             0x20001078   Data           0  startup_stm32f205xx.o(STACK)



==============================================================================

Memory Map of the image

  Image Entry point : 0x08000185

  Load Region LR_IROM1 (Base: 0x08000000, Size: 0x00003a6c, Max: 0x00020000, ABSOLUTE, COMPRESSED[0x000039d0])

    Execution Region ER_IROM1 (Exec base: 0x08000000, Load base: 0x08000000, Size: 0x000038d8, Max: 0x00020000, ABSOLUTE)

    Exec Addr    Load Addr    Size         Type   Attr      Idx    E Section Name        Object

    0x08000000   0x08000000   0x00000184   Data   RO            3    RESET               startup_stm32f205xx.o
    0x08000184   0x08000184   0x00000000   Code   RO         3471  * .ARM.Collect$$$$00000000  mc_w.l(entry.o)
    0x08000184   0x08000184   0x00000004   Code   RO         3510    .ARM.Collect$$$$00000001  mc_w.l(entry2.o)
    0x08000188   0x08000188   0x00000004   Code   RO         3513    .ARM.Collect$$$$00000004  mc_w.l(entry5.o)
    0x0800018c   0x0800018c   0x00000000   Code   RO         3515    .ARM.Collect$$$$00000008  mc_w.l(entry7b.o)
    0x0800018c   0x0800018c   0x00000000   Code   RO         3517    .ARM.Collect$$$$0000000A  mc_w.l(entry8b.o)
    0x0800018c   0x0800018c   0x00000008   Code   RO         3518    .ARM.Collect$$$$0000000B  mc_w.l(entry9a.o)
    0x08000194   0x08000194   0x00000000   Code   RO         3520    .ARM.Collect$$$$0000000D  mc_w.l(entry10a.o)
    0x08000194   0x08000194   0x00000000   Code   RO         3522    .ARM.Collect$$$$0000000F  mc_w.l(entry11a.o)
    0x08000194   0x08000194   0x00000004   Code   RO         3511    .ARM.Collect$$$$00002712  mc_w.l(entry2.o)
    0x08000198   0x08000198   0x00000024   Code   RO            4    .text               startup_stm32f205xx.o
    0x080001bc   0x080001bc   0x00000062   Code   RO         3474    .text               mc_w.l(uldiv.o)
    0x0800021e   0x0800021e   0x00000024   Code   RO         3476    .text               mc_w.l(memcpya.o)
    0x08000242   0x08000242   0x00000024   Code   RO         3478    .text               mc_w.l(memseta.o)
    0x08000266   0x08000266   0x0000001e   Code   RO         3524    .text               mc_w.l(llshl.o)
    0x08000284   0x08000284   0x00000020   Code   RO         3526    .text               mc_w.l(llushr.o)
    0x080002a4   0x080002a4   0x00000024   Code   RO         3530    .text               mc_w.l(init.o)
    0x080002c8   0x080002c8   0x00000056   Code   RO         3540    .text               mc_w.l(__dczerorl2.o)
    0x0800031e   0x0800031e   0x00000002   Code   RO          582    i.BusFault_Handler  stm32f2xx_it.o
    0x08000320   0x08000320   0x00000030   Code   RO           13    i.Control           app.o
    0x08000350   0x08000350   0x00000002   Code   RO          583    i.DebugMon_Handler  stm32f2xx_it.o
    0x08000352   0x08000352   0x00000002   Code   RO          196    i.Error_Handler     main.o
    0x08000354   0x08000354   0x00000024   Code   RO          197    i.GetInfraredKey    main.o
    0x08000378   0x08000378   0x0000001c   Code   RO         2135    i.HAL_Delay         stm32f2xx_hal.o
    0x08000394   0x08000394   0x000001c0   Code   RO         2891    i.HAL_GPIO_Init     stm32f2xx_hal_gpio.o
    0x08000554   0x08000554   0x0000000a   Code   RO         2893    i.HAL_GPIO_ReadPin  stm32f2xx_hal_gpio.o
    0x0800055e   0x0800055e   0x0000000a   Code   RO         2895    i.HAL_GPIO_WritePin  stm32f2xx_hal_gpio.o
    0x08000568   0x08000568   0x0000000c   Code   RO         2141    i.HAL_GetTick       stm32f2xx_hal.o
    0x08000574   0x08000574   0x00000010   Code   RO         2143    i.HAL_IncTick       stm32f2xx_hal.o
    0x08000584   0x08000584   0x00000034   Code   RO         2144    i.HAL_Init          stm32f2xx_hal.o
    0x080005b8   0x080005b8   0x00000028   Code   RO         2145    i.HAL_InitTick      stm32f2xx_hal.o
    0x080005e0   0x080005e0   0x00000030   Code   RO          682    i.HAL_MspInit       stm32f2xx_hal_msp.o
    0x08000610   0x08000610   0x00000016   Code   RO         2418    i.HAL_NVIC_EnableIRQ  stm32f2xx_hal_cortex.o
    0x08000626   0x08000626   0x00000002   PAD
    0x08000628   0x08000628   0x00000040   Code   RO         2424    i.HAL_NVIC_SetPriority  stm32f2xx_hal_cortex.o
    0x08000668   0x08000668   0x00000024   Code   RO         2425    i.HAL_NVIC_SetPriorityGrouping  stm32f2xx_hal_cortex.o
    0x0800068c   0x0800068c   0x00000008   Code   RO          730    i.HAL_PCDEx_SetRxFiFo  stm32f2xx_hal_pcd_ex.o
    0x08000694   0x08000694   0x00000044   Code   RO          731    i.HAL_PCDEx_SetTxFiFo  stm32f2xx_hal_pcd_ex.o
    0x080006d8   0x080006d8   0x00000008   Code   RO          314    i.HAL_PCD_ConnectCallback  usbd_conf.o
    0x080006e0   0x080006e0   0x00000012   Code   RO          315    i.HAL_PCD_DataInStageCallback  usbd_conf.o
    0x080006f2   0x080006f2   0x00000014   Code   RO          316    i.HAL_PCD_DataOutStageCallback  usbd_conf.o
    0x08000706   0x08000706   0x00000008   Code   RO          317    i.HAL_PCD_DisconnectCallback  usbd_conf.o
    0x0800070e   0x0800070e   0x00000044   Code   RO          769    i.HAL_PCD_EP_Close  stm32f2xx_hal_pcd.o
    0x08000752   0x08000752   0x00000050   Code   RO          770    i.HAL_PCD_EP_ClrStall  stm32f2xx_hal_pcd.o
    0x080007a2   0x080007a2   0x00000054   Code   RO          773    i.HAL_PCD_EP_Open   stm32f2xx_hal_pcd.o
    0x080007f6   0x080007f6   0x00000048   Code   RO          774    i.HAL_PCD_EP_Receive  stm32f2xx_hal_pcd.o
    0x0800083e   0x0800083e   0x00000060   Code   RO          775    i.HAL_PCD_EP_SetStall  stm32f2xx_hal_pcd.o
    0x0800089e   0x0800089e   0x00000040   Code   RO          776    i.HAL_PCD_EP_Transmit  stm32f2xx_hal_pcd.o
    0x080008de   0x080008de   0x00000002   PAD
    0x080008e0   0x080008e0   0x000004dc   Code   RO          778    i.HAL_PCD_IRQHandler  stm32f2xx_hal_pcd.o
    0x08000dbc   0x08000dbc   0x00000008   Code   RO          318    i.HAL_PCD_ISOINIncompleteCallback  usbd_conf.o
    0x08000dc4   0x08000dc4   0x00000008   Code   RO          319    i.HAL_PCD_ISOOUTIncompleteCallback  usbd_conf.o
    0x08000dcc   0x08000dcc   0x000000be   Code   RO          781    i.HAL_PCD_Init      stm32f2xx_hal_pcd.o
    0x08000e8a   0x08000e8a   0x00000002   PAD
    0x08000e8c   0x08000e8c   0x00000084   Code   RO          321    i.HAL_PCD_MspInit   usbd_conf.o
    0x08000f10   0x08000f10   0x0000002c   Code   RO          322    i.HAL_PCD_ResetCallback  usbd_conf.o
    0x08000f3c   0x08000f3c   0x00000008   Code   RO          323    i.HAL_PCD_ResumeCallback  usbd_conf.o
    0x08000f44   0x08000f44   0x00000008   Code   RO          324    i.HAL_PCD_SOFCallback  usbd_conf.o
    0x08000f4c   0x08000f4c   0x00000024   Code   RO          787    i.HAL_PCD_SetAddress  stm32f2xx_hal_pcd.o
    0x08000f70   0x08000f70   0x0000000e   Code   RO          325    i.HAL_PCD_SetupStageCallback  usbd_conf.o
    0x08000f7e   0x08000f7e   0x0000002a   Code   RO          789    i.HAL_PCD_Start     stm32f2xx_hal_pcd.o
    0x08000fa8   0x08000fa8   0x00000030   Code   RO          326    i.HAL_PCD_SuspendCallback  usbd_conf.o
    0x08000fd8   0x08000fd8   0x00000138   Code   RO         2282    i.HAL_RCC_ClockConfig  stm32f2xx_hal_rcc.o
    0x08001110   0x08001110   0x0000000c   Code   RO         2287    i.HAL_RCC_GetHCLKFreq  stm32f2xx_hal_rcc.o
    0x0800111c   0x0800111c   0x00000064   Code   RO         2291    i.HAL_RCC_GetSysClockFreq  stm32f2xx_hal_rcc.o
    0x08001180   0x08001180   0x000002e4   Code   RO         2294    i.HAL_RCC_OscConfig  stm32f2xx_hal_rcc.o
    0x08001464   0x08001464   0x00000028   Code   RO         2429    i.HAL_SYSTICK_Config  stm32f2xx_hal_cortex.o
    0x0800148c   0x0800148c   0x00000002   Code   RO         1889    i.HAL_TIMEx_BreakCallback  stm32f2xx_hal_tim_ex.o
    0x0800148e   0x0800148e   0x00000002   Code   RO         1890    i.HAL_TIMEx_CommutationCallback  stm32f2xx_hal_tim_ex.o
    0x08001490   0x08001490   0x00000050   Code   RO         1906    i.HAL_TIMEx_MasterConfigSynchronization  stm32f2xx_hal_tim_ex.o
    0x080014e0   0x080014e0   0x00000036   Code   RO         1260    i.HAL_TIM_Base_Init  stm32f2xx_hal_tim.o
    0x08001516   0x08001516   0x00000002   PAD
    0x08001518   0x08001518   0x00000060   Code   RO          684    i.HAL_TIM_Base_MspInit  stm32f2xx_hal_msp.o
    0x08001578   0x08001578   0x00000018   Code   RO         1265    i.HAL_TIM_Base_Start_IT  stm32f2xx_hal_tim.o
    0x08001590   0x08001590   0x000000f2   Code   RO         1269    i.HAL_TIM_ConfigClockSource  stm32f2xx_hal_tim.o
    0x08001682   0x08001682   0x00000002   PAD
    0x08001684   0x08001684   0x00000108   Code   RO          198    i.HAL_TIM_IC_CaptureCallback  main.o
    0x0800178c   0x0800178c   0x0000011e   Code   RO         1290    i.HAL_TIM_IC_ConfigChannel  stm32f2xx_hal_tim.o
    0x080018aa   0x080018aa   0x00000036   Code   RO         1293    i.HAL_TIM_IC_Init   stm32f2xx_hal_tim.o
    0x080018e0   0x080018e0   0x00000078   Code   RO          686    i.HAL_TIM_IC_MspInit  stm32f2xx_hal_msp.o
    0x08001958   0x08001958   0x0000004c   Code   RO         1298    i.HAL_TIM_IC_Start_IT  stm32f2xx_hal_tim.o
    0x080019a4   0x080019a4   0x00000166   Code   RO         1302    i.HAL_TIM_IRQHandler  stm32f2xx_hal_tim.o
    0x08001b0a   0x08001b0a   0x00000002   Code   RO         1305    i.HAL_TIM_OC_DelayElapsedCallback  stm32f2xx_hal_tim.o
    0x08001b0c   0x08001b0c   0x00000002   Code   RO         1332    i.HAL_TIM_PWM_PulseFinishedCallback  stm32f2xx_hal_tim.o
    0x08001b0e   0x08001b0e   0x00000002   PAD
    0x08001b10   0x08001b10   0x00000088   Code   RO          199    i.HAL_TIM_PeriodElapsedCallback  main.o
    0x08001b98   0x08001b98   0x00000044   Code   RO         1340    i.HAL_TIM_ReadCapturedValue  stm32f2xx_hal_tim.o
    0x08001bdc   0x08001bdc   0x00000002   Code   RO         1343    i.HAL_TIM_TriggerCallback  stm32f2xx_hal_tim.o
    0x08001bde   0x08001bde   0x00000002   Code   RO          584    i.HardFault_Handler  stm32f2xx_it.o
    0x08001be0   0x08001be0   0x0000001c   Code   RO           14    i.InfraredControl   app.o
    0x08001bfc   0x08001bfc   0x00000038   Code   RO          509    i.IntToUnicode      usbd_desc.o
    0x08001c34   0x08001c34   0x000000dc   Code   RO           16    i.Key_ReadIOPin     app.o
    0x08001d10   0x08001d10   0x000000a4   Code   RO          200    i.MX_GPIO_Init      main.o
    0x08001db4   0x08001db4   0x00000050   Code   RO          201    i.MX_TIM2_Init      main.o
    0x08001e04   0x08001e04   0x00000054   Code   RO          202    i.MX_TIM3_Init      main.o
    0x08001e58   0x08001e58   0x00000044   Code   RO          203    i.MX_TIM9_Init      main.o
    0x08001e9c   0x08001e9c   0x00000040   Code   RO          283    i.MX_USB_DEVICE_Init  usb_device.o
    0x08001edc   0x08001edc   0x00000002   Code   RO          585    i.MemManage_Handler  stm32f2xx_it.o
    0x08001ede   0x08001ede   0x00000002   Code   RO          586    i.NMI_Handler       stm32f2xx_it.o
    0x08001ee0   0x08001ee0   0x00000020   Code   RO         2431    i.NVIC_SetPriority  stm32f2xx_hal_cortex.o
    0x08001f00   0x08001f00   0x0000000c   Code   RO          587    i.OTG_FS_IRQHandler  stm32f2xx_it.o
    0x08001f0c   0x08001f0c   0x00000088   Code   RO          792    i.PCD_WriteEmptyTxFifo  stm32f2xx_hal_pcd.o
    0x08001f94   0x08001f94   0x000000fc   Code   RO           17    i.Package           app.o
    0x08002090   0x08002090   0x00000002   Code   RO          588    i.PendSV_Handler    stm32f2xx_it.o
    0x08002092   0x08002092   0x00000002   Code   RO          589    i.SVC_Handler       stm32f2xx_it.o
    0x08002094   0x08002094   0x00000004   Code   RO          590    i.SysTick_Handler   stm32f2xx_it.o
    0x08002098   0x08002098   0x00000050   Code   RO          204    i.SystemClock_Config  main.o
    0x080020e8   0x080020e8   0x00000048   Code   RO         3102    i.SystemInit        system_stm32f2xx.o
    0x08002130   0x08002130   0x0000000c   Code   RO          591    i.TIM1_BRK_TIM9_IRQHandler  stm32f2xx_it.o
    0x0800213c   0x0800213c   0x0000000c   Code   RO          592    i.TIM2_IRQHandler   stm32f2xx_it.o
    0x08002148   0x08002148   0x0000000c   Code   RO          593    i.TIM3_IRQHandler   stm32f2xx_it.o
    0x08002154   0x08002154   0x000000c8   Code   RO         1344    i.TIM_Base_SetConfig  stm32f2xx_hal_tim.o
    0x0800221c   0x0800221c   0x00000016   Code   RO         1345    i.TIM_CCxChannelCmd  stm32f2xx_hal_tim.o
    0x08002232   0x08002232   0x00000014   Code   RO         1351    i.TIM_ETR_SetConfig  stm32f2xx_hal_tim.o
    0x08002246   0x08002246   0x00000010   Code   RO         1352    i.TIM_ITRx_SetConfig  stm32f2xx_hal_tim.o
    0x08002256   0x08002256   0x00000022   Code   RO         1358    i.TIM_TI1_ConfigInputStage  stm32f2xx_hal_tim.o
    0x08002278   0x08002278   0x00000084   Code   RO         1359    i.TIM_TI1_SetConfig  stm32f2xx_hal_tim.o
    0x080022fc   0x080022fc   0x00000024   Code   RO         1360    i.TIM_TI2_ConfigInputStage  stm32f2xx_hal_tim.o
    0x08002320   0x08002320   0x00000036   Code   RO         1361    i.TIM_TI2_SetConfig  stm32f2xx_hal_tim.o
    0x08002356   0x08002356   0x0000000e   Code   RO         3139    i.USBD_ClrClassConfig  usbd_core.o
    0x08002364   0x08002364   0x00000010   Code   RO         3342    i.USBD_CtlContinueRx  usbd_ioreq.o
    0x08002374   0x08002374   0x00000010   Code   RO         3343    i.USBD_CtlContinueSendData  usbd_ioreq.o
    0x08002384   0x08002384   0x00000016   Code   RO         3277    i.USBD_CtlError     usbd_ctlreq.o
    0x0800239a   0x0800239a   0x00000016   Code   RO         3345    i.USBD_CtlReceiveStatus  usbd_ioreq.o
    0x080023b0   0x080023b0   0x0000001a   Code   RO         3346    i.USBD_CtlSendData  usbd_ioreq.o
    0x080023ca   0x080023ca   0x00000016   Code   RO         3347    i.USBD_CtlSendStatus  usbd_ioreq.o
    0x080023e0   0x080023e0   0x00000020   Code   RO          510    i.USBD_FS_ConfigStrDescriptor  usbd_desc.o
    0x08002400   0x08002400   0x0000000c   Code   RO          511    i.USBD_FS_DeviceDescriptor  usbd_desc.o
    0x0800240c   0x0800240c   0x00000024   Code   RO          512    i.USBD_FS_InterfaceStrDescriptor  usbd_desc.o
    0x08002430   0x08002430   0x0000000c   Code   RO          513    i.USBD_FS_LangIDStrDescriptor  usbd_desc.o
    0x0800243c   0x0800243c   0x00000028   Code   RO          514    i.USBD_FS_ManufacturerStrDescriptor  usbd_desc.o
    0x08002464   0x08002464   0x0000002c   Code   RO          515    i.USBD_FS_ProductStrDescriptor  usbd_desc.o
    0x08002490   0x08002490   0x00000038   Code   RO          516    i.USBD_FS_SerialStrDescriptor  usbd_desc.o
    0x080024c8   0x080024c8   0x000000e0   Code   RO         3278    i.USBD_GetDescriptor  usbd_ctlreq.o
    0x080025a8   0x080025a8   0x00000046   Code   RO         3279    i.USBD_GetString    usbd_ctlreq.o
    0x080025ee   0x080025ee   0x00000018   Code   RO          327    i.USBD_Get_USB_Status  usbd_conf.o
    0x08002606   0x08002606   0x0000000c   Code   RO         3402    i.USBD_HID_DataIn   usbd_hid.o
    0x08002612   0x08002612   0x00000002   PAD
    0x08002614   0x08002614   0x0000001c   Code   RO         3403    i.USBD_HID_DataOut  usbd_hid.o
    0x08002630   0x08002630   0x0000001e   Code   RO         3404    i.USBD_HID_DeInit   usbd_hid.o
    0x0800264e   0x0800264e   0x00000002   PAD
    0x08002650   0x08002650   0x0000000c   Code   RO         3405    i.USBD_HID_GetCfgDesc  usbd_hid.o
    0x0800265c   0x0800265c   0x0000000c   Code   RO         3406    i.USBD_HID_GetDeviceQualifierDesc  usbd_hid.o
    0x08002668   0x08002668   0x000000b8   Code   RO           18    i.USBD_HID_GetPos   app.o
    0x08002720   0x08002720   0x00000034   Code   RO         3408    i.USBD_HID_Init     usbd_hid.o
    0x08002754   0x08002754   0x00000024   Code   RO         3409    i.USBD_HID_SendReport  usbd_hid.o
    0x08002778   0x08002778   0x000000a0   Code   RO         3410    i.USBD_HID_Setup    usbd_hid.o
    0x08002818   0x08002818   0x0000002a   Code   RO         3141    i.USBD_Init         usbd_core.o
    0x08002842   0x08002842   0x00000012   Code   RO          328    i.USBD_LL_ClearStallEP  usbd_conf.o
    0x08002854   0x08002854   0x00000012   Code   RO          329    i.USBD_LL_CloseEP   usbd_conf.o
    0x08002866   0x08002866   0x000000aa   Code   RO         3142    i.USBD_LL_DataInStage  usbd_core.o
    0x08002910   0x08002910   0x0000006a   Code   RO         3143    i.USBD_LL_DataOutStage  usbd_core.o
    0x0800297a   0x0800297a   0x00000004   Code   RO         3144    i.USBD_LL_DevConnected  usbd_core.o
    0x0800297e   0x0800297e   0x00000016   Code   RO         3145    i.USBD_LL_DevDisconnected  usbd_core.o
    0x08002994   0x08002994   0x0000005c   Code   RO          334    i.USBD_LL_Init      usbd_conf.o
    0x080029f0   0x080029f0   0x00000020   Code   RO          335    i.USBD_LL_IsStallEP  usbd_conf.o
    0x08002a10   0x08002a10   0x00000004   Code   RO         3146    i.USBD_LL_IsoINIncomplete  usbd_core.o
    0x08002a14   0x08002a14   0x00000004   Code   RO         3147    i.USBD_LL_IsoOUTIncomplete  usbd_core.o
    0x08002a18   0x08002a18   0x00000018   Code   RO          336    i.USBD_LL_OpenEP    usbd_conf.o
    0x08002a30   0x08002a30   0x00000012   Code   RO          337    i.USBD_LL_PrepareReceive  usbd_conf.o
    0x08002a42   0x08002a42   0x0000003e   Code   RO         3148    i.USBD_LL_Reset     usbd_core.o
    0x08002a80   0x08002a80   0x0000000c   Code   RO         3149    i.USBD_LL_Resume    usbd_core.o
    0x08002a8c   0x08002a8c   0x00000018   Code   RO         3150    i.USBD_LL_SOF       usbd_core.o
    0x08002aa4   0x08002aa4   0x00000006   Code   RO         3151    i.USBD_LL_SetSpeed  usbd_core.o
    0x08002aaa   0x08002aaa   0x00000012   Code   RO          338    i.USBD_LL_SetUSBAddress  usbd_conf.o
    0x08002abc   0x08002abc   0x0000005a   Code   RO         3152    i.USBD_LL_SetupStage  usbd_core.o
    0x08002b16   0x08002b16   0x00000012   Code   RO          339    i.USBD_LL_StallEP   usbd_conf.o
    0x08002b28   0x08002b28   0x00000012   Code   RO          340    i.USBD_LL_Start     usbd_conf.o
    0x08002b3a   0x08002b3a   0x00000012   Code   RO         3153    i.USBD_LL_Suspend   usbd_core.o
    0x08002b4c   0x08002b4c   0x00000012   Code   RO          342    i.USBD_LL_Transmit  usbd_conf.o
    0x08002b5e   0x08002b5e   0x00000028   Code   RO         3280    i.USBD_ParseSetupRequest  usbd_ctlreq.o
    0x08002b86   0x08002b86   0x00000010   Code   RO         3154    i.USBD_RegisterClass  usbd_core.o
    0x08002b96   0x08002b96   0x00000016   Code   RO         3156    i.USBD_SetClassConfig  usbd_core.o
    0x08002bac   0x08002bac   0x00000074   Code   RO         3281    i.USBD_SetConfig    usbd_ctlreq.o
    0x08002c20   0x08002c20   0x0000000a   Code   RO         3157    i.USBD_Start        usbd_core.o
    0x08002c2a   0x08002c2a   0x000000f2   Code   RO         3282    i.USBD_StdDevReq    usbd_ctlreq.o
    0x08002d1c   0x08002d1c   0x000000dc   Code   RO         3283    i.USBD_StdEPReq     usbd_ctlreq.o
    0x08002df8   0x08002df8   0x00000034   Code   RO         3284    i.USBD_StdItfReq    usbd_ctlreq.o
    0x08002e2c   0x08002e2c   0x00000080   Code   RO          976    i.USB_ActivateEndpoint  stm32f2xx_ll_usb.o
    0x08002eac   0x08002eac   0x00000034   Code   RO          977    i.USB_ActivateSetup  stm32f2xx_ll_usb.o
    0x08002ee0   0x08002ee0   0x0000006c   Code   RO          979    i.USB_CoreInit      stm32f2xx_ll_usb.o
    0x08002f4c   0x08002f4c   0x00000038   Code   RO          980    i.USB_CoreReset     stm32f2xx_ll_usb.o
    0x08002f84   0x08002f84   0x0000006e   Code   RO          982    i.USB_DeactivateEndpoint  stm32f2xx_ll_usb.o
    0x08002ff2   0x08002ff2   0x00000018   Code   RO          983    i.USB_DevConnect    stm32f2xx_ll_usb.o
    0x0800300a   0x0800300a   0x00000018   Code   RO          984    i.USB_DevDisconnect  stm32f2xx_ll_usb.o
    0x08003022   0x08003022   0x00000002   PAD
    0x08003024   0x08003024   0x00000144   Code   RO          985    i.USB_DevInit       stm32f2xx_ll_usb.o
    0x08003168   0x08003168   0x0000000c   Code   RO          986    i.USB_DisableGlobalInt  stm32f2xx_ll_usb.o
    0x08003174   0x08003174   0x00000140   Code   RO          989    i.USB_EP0StartXfer  stm32f2xx_ll_usb.o
    0x080032b4   0x080032b4   0x0000003e   Code   RO          990    i.USB_EP0_OutStart  stm32f2xx_ll_usb.o
    0x080032f2   0x080032f2   0x00000064   Code   RO          991    i.USB_EPClearStall  stm32f2xx_ll_usb.o
    0x08003356   0x08003356   0x0000005e   Code   RO          992    i.USB_EPSetStall    stm32f2xx_ll_usb.o
    0x080033b4   0x080033b4   0x0000021c   Code   RO          993    i.USB_EPStartXfer   stm32f2xx_ll_usb.o
    0x080035d0   0x080035d0   0x0000000c   Code   RO          994    i.USB_EnableGlobalInt  stm32f2xx_ll_usb.o
    0x080035dc   0x080035dc   0x00000020   Code   RO          995    i.USB_FlushRxFifo   stm32f2xx_ll_usb.o
    0x080035fc   0x080035fc   0x00000024   Code   RO          996    i.USB_FlushTxFifo   stm32f2xx_ll_usb.o
    0x08003620   0x08003620   0x0000003c   Code   RO          998    i.USB_GetDevSpeed   stm32f2xx_ll_usb.o
    0x0800365c   0x0800365c   0x00000008   Code   RO         1000    i.USB_GetMode       stm32f2xx_ll_usb.o
    0x08003664   0x08003664   0x0000000e   Code   RO         1007    i.USB_ReadDevAllInEpInterrupt  stm32f2xx_ll_usb.o
    0x08003672   0x08003672   0x0000000e   Code   RO         1008    i.USB_ReadDevAllOutEpInterrupt  stm32f2xx_ll_usb.o
    0x08003680   0x08003680   0x0000001e   Code   RO         1009    i.USB_ReadDevInEPInterrupt  stm32f2xx_ll_usb.o
    0x0800369e   0x0800369e   0x00000010   Code   RO         1010    i.USB_ReadDevOutEPInterrupt  stm32f2xx_ll_usb.o
    0x080036ae   0x080036ae   0x00000008   Code   RO         1011    i.USB_ReadInterrupts  stm32f2xx_ll_usb.o
    0x080036b6   0x080036b6   0x00000020   Code   RO         1012    i.USB_ReadPacket    stm32f2xx_ll_usb.o
    0x080036d6   0x080036d6   0x0000002c   Code   RO         1014    i.USB_SetCurrentMode  stm32f2xx_ll_usb.o
    0x08003702   0x08003702   0x00000022   Code   RO         1015    i.USB_SetDevAddress  stm32f2xx_ll_usb.o
    0x08003724   0x08003724   0x00000028   Code   RO         1019    i.USB_WritePacket   stm32f2xx_ll_usb.o
    0x0800374c   0x0800374c   0x00000002   Code   RO          594    i.UsageFault_Handler  stm32f2xx_it.o
    0x0800374e   0x0800374e   0x0000000e   Code   RO         3534    i.__scatterload_copy  mc_w.l(handlers.o)
    0x0800375c   0x0800375c   0x00000002   Code   RO         3535    i.__scatterload_null  mc_w.l(handlers.o)
    0x0800375e   0x0800375e   0x0000000e   Code   RO         3536    i.__scatterload_zeroinit  mc_w.l(handlers.o)
    0x0800376c   0x0800376c   0x00000050   Code   RO         3482    i.free              mc_w.l(malloc.o)
    0x080037bc   0x080037bc   0x00000080   Code   RO          205    i.main              main.o
    0x0800383c   0x0800383c   0x0000006c   Code   RO         3483    i.malloc            mc_w.l(malloc.o)
    0x080038a8   0x080038a8   0x00000010   Data   RO         3103    .constdata          system_stm32f2xx.o
    0x080038b8   0x080038b8   0x00000020   Data   RO         3532    Region$$Table       anon$$obj.o


    Execution Region RW_IRAM1 (Exec base: 0x20000000, Load base: 0x080038d8, Size: 0x00001078, Max: 0x00010000, ABSOLUTE, COMPRESSED[0x000000f8])

    Exec Addr    Load Addr    Size         Type   Attr      Idx    E Section Name        Object

    0x20000000   COMPRESSED   0x00000015   Data   RW           21    .data               app.o
    0x20000015   COMPRESSED   0x00000003   PAD
    0x20000018   COMPRESSED   0x00000015   Data   RW          209    .data               main.o
    0x2000002d   COMPRESSED   0x00000003   PAD
    0x20000030   COMPRESSED   0x0000001c   Data   RW          518    .data               usbd_desc.o
    0x2000004c   COMPRESSED   0x00000032   Data   RW          519    .data               usbd_desc.o
    0x2000007e   COMPRESSED   0x00000002   PAD
    0x20000080   COMPRESSED   0x00000004   Data   RW         2150    .data               stm32f2xx_hal.o
    0x20000084   COMPRESSED   0x00000004   Data   RW         3105    .data               system_stm32f2xx.o
    0x20000088   COMPRESSED   0x00000001   Data   RW         3285    .data               usbd_ctlreq.o
    0x20000089   COMPRESSED   0x00000003   PAD
    0x2000008c   COMPRESSED   0x00000038   Data   RW         3411    .data               usbd_hid.o
    0x200000c4   COMPRESSED   0x000000c5   Data   RW         3412    .data               usbd_hid.o
    0x20000189   COMPRESSED   0x00000003   PAD
    0x2000018c   COMPRESSED   0x00000004   Data   RW         3528    .data               mc_w.l(mvars.o)
    0x20000190   COMPRESSED   0x00000004   Data   RW         3529    .data               mc_w.l(mvars.o)
    0x20000194        -       0x00000009   Zero   RW           20    .bss                app.o
    0x2000019d   COMPRESSED   0x00000003   PAD
    0x200001a0        -       0x000000c0   Zero   RW          206    .bss                main.o
    0x20000260        -       0x0000000c   Zero   RW          207    .bss                main.o
    0x2000026c        -       0x00000224   Zero   RW          284    .bss                usb_device.o
    0x20000490        -       0x000003e8   Zero   RW          343    .bss                usbd_conf.o
    0x20000878        -       0x00000200   Zero   RW          517    .bss                usbd_desc.o
    0x20000a78        -       0x00000200   Zero   RW            2    HEAP                startup_stm32f205xx.o
    0x20000c78        -       0x00000400   Zero   RW            1    STACK               startup_stm32f205xx.o


==============================================================================

Image component sizes


      Code (inc. data)   RO Data    RW Data    ZI Data      Debug   Object Name

       732        102          0         21          9     611975   app.o
      1042         88          0         21        204       8758   main.o
        36          8        388          0       1536        828   startup_stm32f205xx.o
       148         22          0          4          0       4239   stm32f2xx_hal.o
       194         14          0          0          0      27547   stm32f2xx_hal_cortex.o
       468         50          0          0          0       3107   stm32f2xx_hal_gpio.o
       264         30          0          0          0       2250   stm32f2xx_hal_msp.o
      2112         74          0          0          0      10641   stm32f2xx_hal_pcd.o
        76          0          0          0          0       1864   stm32f2xx_hal_pcd_ex.o
      1164         54          0          0          0       4322   stm32f2xx_hal_rcc.o
      1682         72          0          0          0      14793   stm32f2xx_hal_tim.o
        84          0          0          0          0       2426   stm32f2xx_hal_tim_ex.o
        68         24          0          0          0       5813   stm32f2xx_it.o
      2334         52          0          0          0      20008   stm32f2xx_ll_usb.o
        72         18         16          4          0       1219   system_stm32f2xx.o
        64         12          0          0        548        796   usb_device.o
       622         18          0          0       1000      14212   usbd_conf.o
       626          0          0          0          0      11894   usbd_core.o
       986         30          0          1          0       7956   usbd_ctlreq.o
       288        104          0         78        512       5897   usbd_desc.o
       342         16          0        253          0       7621   usbd_hid.o
       102          0          0          0          0       3796   usbd_ioreq.o

    ----------------------------------------------------------------------
     13524        788        436        396       3812     771962   Object Totals
         0          0         32          0          0          0   (incl. Generated)
        18          0          0         14          3          0   (incl. Padding)

    ----------------------------------------------------------------------

      Code (inc. data)   RO Data    RW Data    ZI Data      Debug   Library Member Name

        86          0          0          0          0          0   __dczerorl2.o
         0          0          0          0          0          0   entry.o
         0          0          0          0          0          0   entry10a.o
         0          0          0          0          0          0   entry11a.o
         8          4          0          0          0          0   entry2.o
         4          0          0          0          0          0   entry5.o
         0          0          0          0          0          0   entry7b.o
         0          0          0          0          0          0   entry8b.o
         8          4          0          0          0          0   entry9a.o
        30          0          0          0          0          0   handlers.o
        36          8          0          0          0         68   init.o
        30          0          0          0          0         68   llshl.o
        32          0          0          0          0         68   llushr.o
       188         20          0          0          0        160   malloc.o
        36          0          0          0          0         68   memcpya.o
        36          0          0          0          0        108   memseta.o
         0          0          0          8          0          0   mvars.o
        98          0          0          0          0         92   uldiv.o

    ----------------------------------------------------------------------
       592         36          0          8          0        632   Library Totals
         0          0          0          0          0          0   (incl. Padding)

    ----------------------------------------------------------------------

      Code (inc. data)   RO Data    RW Data    ZI Data      Debug   Library Name

       592         36          0          8          0        632   mc_w.l

    ----------------------------------------------------------------------
       592         36          0          8          0        632   Library Totals

    ----------------------------------------------------------------------

==============================================================================


      Code (inc. data)   RO Data    RW Data    ZI Data      Debug   

     14116        824        436        404       3812     763362   Grand Totals
     14116        824        436        248       3812     763362   ELF Image Totals (compressed)
     14116        824        436        248          0          0   ROM Totals

==============================================================================

    Total RO  Size (Code + RO Data)                14552 (  14.21kB)
    Total RW  Size (RW Data + ZI Data)              4216 (   4.12kB)
    Total ROM Size (Code + RO Data + RW Data)      14800 (  14.45kB)

==============================================================================

